Archive member included because of file (symbol)

./../../../../BitCloud/lib/libHAL_deRFarm7_At91sam7x512_48Mhz_Gcc.a(atomic.o)
                              All_deRFarm7_At91sam7x512_Rf231_Gcc/Obj/WSNDemoApp.o (halStartAtomic)
./../../../../BitCloud/lib/libHAL_deRFarm7_At91sam7x512_48Mhz_Gcc.a(dbgPort.o)
                              All_deRFarm7_At91sam7x512_Rf231_Gcc/Obj/WSNDemoApp.o (configure_dbgu)
./../../../../BitCloud/lib/libHAL_deRFarm7_At91sam7x512_48Mhz_Gcc.a(appTimer.o)
                              All_deRFarm7_At91sam7x512_Rf231_Gcc/Obj/WSNEndDevice.o (HAL_StartAppTimer)
./../../../../BitCloud/lib/libHAL_deRFarm7_At91sam7x512_48Mhz_Gcc.a(usart.o)
                              All_deRFarm7_At91sam7x512_Rf231_Gcc/Obj/WSNUARTManager.o (HAL_ReadUsart)
./../../../../BitCloud/lib/libHAL_deRFarm7_At91sam7x512_48Mhz_Gcc.a(timer.o)
                              ./../../../../BitCloud/lib/libHAL_deRFarm7_At91sam7x512_48Mhz_Gcc.a(appTimer.o) (halAddTimer)
./../../../../BitCloud/lib/libHAL_deRFarm7_At91sam7x512_48Mhz_Gcc.a(halAppClock.o)
                              ./../../../../BitCloud/lib/libHAL_deRFarm7_At91sam7x512_48Mhz_Gcc.a(appTimer.o) (halGetTimeOfAppTimer)
./../../../../BitCloud/lib/libHAL_deRFarm7_At91sam7x512_48Mhz_Gcc.a(halUsart.o)
                              ./../../../../BitCloud/lib/libHAL_deRFarm7_At91sam7x512_48Mhz_Gcc.a(usart.o) (halSetUsartConfig)
./../../../../BitCloud/lib/libHAL_deRFarm7_At91sam7x512_48Mhz_Gcc.a(halMacIsr.o)
                              ./../../../../BitCloud/lib/libHAL_deRFarm7_At91sam7x512_48Mhz_Gcc.a(halAppClock.o) (halMacTimerHandler)
./../../../../BitCloud/lib/libHAL_deRFarm7_At91sam7x512_48Mhz_Gcc.a(halTaskManager.o)
                              ./../../../../BitCloud/lib/libHAL_deRFarm7_At91sam7x512_48Mhz_Gcc.a(usart.o) (halTaskFlags)
./../../../../BitCloud/lib/libHAL_deRFarm7_At91sam7x512_48Mhz_Gcc.a(i2cPacket.o)
                              ./../../../../BitCloud/lib/libHAL_deRFarm7_At91sam7x512_48Mhz_Gcc.a(halTaskManager.o) (halSig2WireSerialHandler)
./../../../../BitCloud/lib/libHAL_deRFarm7_At91sam7x512_48Mhz_Gcc.a(adc.o)
                              ./../../../../BitCloud/lib/libHAL_deRFarm7_At91sam7x512_48Mhz_Gcc.a(halTaskManager.o) (halSigAdcHandler)
./../../../../BitCloud/lib/libHAL_deRFarm7_At91sam7x512_48Mhz_Gcc.a(halTwi.o)
                              ./../../../../BitCloud/lib/libHAL_deRFarm7_At91sam7x512_48Mhz_Gcc.a(i2cPacket.o) (halInitI2c)
./../../../../BitCloud/lib/libHAL_deRFarm7_At91sam7x512_48Mhz_Gcc.a(halAdc.o)
                              ./../../../../BitCloud/lib/libHAL_deRFarm7_At91sam7x512_48Mhz_Gcc.a(adc.o) (halOpenAdc)
./../../../../BitCloud/lib/libHAL_deRFarm7_At91sam7x512_48Mhz_Gcc.a(halSpi.o)
                              ./../../../../BitCloud/lib/libHAL_deRFarm7_At91sam7x512_48Mhz_Gcc.a(halTaskManager.o) (halRfTxCompleteHandler)
./../../../../BitCloud/lib/libHAL_deRFarm7_At91sam7x512_48Mhz_Gcc.a(halRfCtrl.o)
                              ./../../../../BitCloud/lib/libHAL_deRFarm7_At91sam7x512_48Mhz_Gcc.a(halMacIsr.o) (HAL_InitRfIrq)
./../../../../BitCloud/lib/libBc_All_At91sam7x512_Rf231_Gcc.a(aps.o)
                              All_deRFarm7_At91sam7x512_Rf231_Gcc/Obj/WSNMessageSender.o (APS_DataReq)
./../../../../BitCloud/lib/libBc_All_At91sam7x512_Rf231_Gcc.a(macenvPib.o)
                              ./../../../../BitCloud/lib/libBc_All_At91sam7x512_Rf231_Gcc.a(aps.o) (MAC_GetExtAddr)
./../../../../BitCloud/lib/libBc_All_At91sam7x512_Rf231_Gcc.a(nwk.o)
                              ./../../../../BitCloud/lib/libBc_All_At91sam7x512_Rf231_Gcc.a(aps.o) (NWK_GetShortAddr)
./../../../../BitCloud/lib/libBc_All_At91sam7x512_Rf231_Gcc.a(phyRfIrqDispatcher.o)
                              ./../../../../BitCloud/lib/libHAL_deRFarm7_At91sam7x512_48Mhz_Gcc.a(halMacIsr.o) (phyDispatcheRfInterrupt)
./../../../../BitCloud/lib/libBc_All_At91sam7x512_Rf231_Gcc.a(phyRtimerIrqDispatcher.o)
                              ./../../../../BitCloud/lib/libHAL_deRFarm7_At91sam7x512_48Mhz_Gcc.a(halMacIsr.o) (phyDispatcheRTimerEvent)
./../../../../BitCloud/lib/libBc_All_At91sam7x512_Rf231_Gcc.a(queue.o)
                              All_deRFarm7_At91sam7x512_Rf231_Gcc/Obj/WSNMessageSender.o (deleteHeadQueueElem)
./../../../../BitCloud/lib/libBc_All_At91sam7x512_Rf231_Gcc.a(sysDuplicateTable.o)
                              ./../../../../BitCloud/lib/libBc_All_At91sam7x512_Rf231_Gcc.a(aps.o) (SYS_DuplicateTableReset)
./../../../../BitCloud/lib/libBc_All_At91sam7x512_Rf231_Gcc.a(sysEvents.o)
                              ./../../../../BitCloud/lib/libBc_All_At91sam7x512_Rf231_Gcc.a(aps.o) (SYS_PostEvent)
./../../../../BitCloud/lib/libBc_All_At91sam7x512_Rf231_Gcc.a(sysTimer.o)
                              ./../../../../BitCloud/lib/libBc_All_At91sam7x512_Rf231_Gcc.a(aps.o) (SYS_StartTimer)
./../../../../BitCloud/lib/libBc_All_At91sam7x512_Rf231_Gcc.a(taskManager.o)
[...]
Memory Configuration

Name             Origin             Length             Attributes
flash            0x00100000         0x00040000
ram              0x00200000         0x00010000
*default*        0x00000000         0xffffffff

Linker script and memory map

                0x0020fffc                __stack_end__ = 0x20fffc
                0x00000000                . = 0x0

startup         0x00100000      0x1b4
 *(.startup)
 .startup       0x00100000      0x1b4 ./../../../../BitCloud/lib/FirmwareBoot_Gcc.o
                0x00100000                _startup

prog            0x001001b8    0x13620
                0x001001b8                PROVIDE (__pds_ff_start, .)
 *(.pds_ff)
                0x001001b8                PROVIDE (__pds_ff_end, .)
                0x001001b8                PROVIDE (__pds_fd_start, .)
 *(.pds_fd)
                0x001001b8                PROVIDE (__pds_fd_end, .)
 *(.text)
 .text          0x001001b8       0xc0 ./../../../../BitCloud/lib/FirmwareBoot_Gcc.o
                0x001001b8                _start
                0x00100258                endless_loop
 .text          0x00100278       0x14 /home/bazi/intelligent-house/CodeSourcery/bin/../lib/gcc/arm-none-eabi/4.7.3/thumb/libgcc.a(_thumb1_case_uqi.o)
                0x00100278                __gnu_thumb1_case_uqi
 .text          0x0010028c       0x14 /home/bazi/intelligent-house/CodeSourcery/bin/../lib/gcc/arm-none-eabi/4.7.3/thumb/libgcc.a(_thumb1_case_shi.o)
                0x0010028c                __gnu_thumb1_case_shi
 .text          0x001002a0       0x14 /home/bazi/intelligent-house/CodeSourcery/bin/../lib/gcc/arm-none-eabi/4.7.3/thumb/libgcc.a(_thumb1_case_uhi.o)
                0x001002a0                __gnu_thumb1_case_uhi
 .text          0x001002b4      0x11c /home/bazi/intelligent-house/CodeSourcery/bin/../lib/gcc/arm-none-eabi/4.7.3/thumb/libgcc.a(_udivsi3.o)
                0x001002b4                __udivsi3
                0x001002b4                __aeabi_uidiv
                0x001003b0                __aeabi_uidivmod
 .text          0x001003d0        0x4 /home/bazi/intelligent-house/CodeSourcery/bin/../lib/gcc/arm-none-eabi/4.7.3/thumb/libgcc.a(_dvmd_tls.o)
                0x001003d0                __aeabi_ldiv0
                0x001003d0                __aeabi_idiv0
 .text          0x001003d4       0x60 /home/bazi/intelligent-house/CodeSourcery/bin/../lib/gcc/arm-none-eabi/4.7.3/../../../../arm-none-eabi/lib/thumb/libc.a(lib_a-memcmp.o)
                0x001003d4                memcmp
 .text          0x00100434      0x10c /home/bazi/intelligent-house/CodeSourcery/bin/../lib/gcc/arm-none-eabi/4.7.3/../../../../arm-none-eabi/lib/thumb/libc.a(lib_a-memcpy.o)
                0x00100434                memcpy
 .text          0x00100540       0xb0 /home/bazi/intelligent-house/CodeSourcery/bin/../lib/gcc/arm-none-eabi/4.7.3/../../../../arm-none-eabi/lib/thumb/libc.a(lib_a-memmove.o)
                0x00100540                memmove
 .text          0x001005f0       0x9c /home/bazi/intelligent-house/CodeSourcery/bin/../lib/gcc/arm-none-eabi/4.7.3/../../../../arm-none-eabi/lib/thumb/libc.a(lib_a-memset.o)
                0x001005f0                memset
 *fill*         0x0010068c        0x4 
 .text          0x00100690       0x50 /home/bazi/intelligent-house/CodeSourcery/bin/../lib/gcc/arm-none-eabi/4.7.3/../../../../arm-none-eabi/lib/thumb/libc.a(lib_a-rand.o)
                0x00100690                srand
                0x001006a0                rand
 .text          0x001006e0       0x4c /home/bazi/intelligent-house/CodeSourcery/bin/../lib/gcc/arm-none-eabi/4.7.3/thumb/libgcc.a(_muldi3.o)
                0x001006e0                __aeabi_lmul
                0x001006e0                __muldi3
 *(.text*)
 .text.batteryDataReady
                0x0010072c       0x2c All_deRFarm7_At91sam7x512_Rf231_Gcc/Obj/WSNSensorManager.o
 .text.temperatureDataReady
                0x00100758       0x40 All_deRFarm7_At91sam7x512_Rf231_Gcc/Obj/WSNSensorManager.o
 .text.lightDataReady
                0x00100798       0x40 All_deRFarm7_At91sam7x512_Rf231_Gcc/Obj/WSNSensorManager.o
 .text.appStartSensorManager
                0x001007d8       0x14 All_deRFarm7_At91sam7x512_Rf231_Gcc/Obj/WSNSensorManager.o
                0x001007d8                appStartSensorManager
 .text.appStopSensorManager
                0x001007ec       0x14 All_deRFarm7_At91sam7x512_Rf231_Gcc/Obj/WSNSensorManager.o
                0x001007ec                appStopSensorManager
 .text.appGetSensorData
                0x00100800       0x1c All_deRFarm7_At91sam7x512_Rf231_Gcc/Obj/WSNSensorManager.o
                0x00100800                appGetSensorData
 .text.visualizeAppStarting
                0x0010081c        0xc All_deRFarm7_At91sam7x512_Rf231_Gcc/Obj/WSNVisualizer.o
                0x0010081c                visualizeAppStarting
 .text.visualizeNwkStarting
                0x00100828       0x1a All_deRFarm7_At91sam7x512_Rf231_Gcc/Obj/WSNVisualizer.o
                0x00100828                visualizeNwkStarting
 .text.visualizeNwkStarted
                0x00100842       0x1a All_deRFarm7_At91sam7x512_Rf231_Gcc/Obj/WSNVisualizer.o
                0x00100842                visualizeNwkStarted
 .text.visualizeNwkLeaving
                0x0010085c        0xe All_deRFarm7_At91sam7x512_Rf231_Gcc/Obj/WSNVisualizer.o
                0x0010085c                visualizeNwkLeaving
 .text.visualizeNwkLeft
                0x0010086a        0xe All_deRFarm7_At91sam7x512_Rf231_Gcc/Obj/WSNVisualizer.o
                0x0010086a                visualizeNwkLeft
 .text.visualizeAirTxStarted
                0x00100878        0xe All_deRFarm7_At91sam7x512_Rf231_Gcc/Obj/WSNVisualizer.o
                0x00100878                visualizeAirTxStarted
 .text.visualizeAirTxFInished
                0x00100886        0xe All_deRFarm7_At91sam7x512_Rf231_Gcc/Obj/WSNVisualizer.o
                0x00100886                visualizeAirTxFInished
 .text.visualizeAirRxFinished
                0x00100894        0xe All_deRFarm7_At91sam7x512_Rf231_Gcc/Obj/WSNVisualizer.o
                0x00100894                visualizeAirRxFinished
 .text.visualizeSerialTx
                0x001008a2        0xe All_deRFarm7_At91sam7x512_Rf231_Gcc/Obj/WSNVisualizer.o
                0x001008a2                visualizeSerialTx
 .text.visualizeWakeUp
                0x001008b0       0x12 All_deRFarm7_At91sam7x512_Rf231_Gcc/Obj/WSNVisualizer.o
                0x001008b0                visualizeWakeUp
 .text.visualizeIdentity
                0x001008c2        0xe All_deRFarm7_At91sam7x512_Rf231_Gcc/Obj/WSNVisualizer.o
                0x001008c2                visualizeIdentity
 .text.appCoordinatorInitialization
                0x001008d0        0xc All_deRFarm7_At91sam7x512_Rf231_Gcc/Obj/WSNCoord.o
 .text.appCoordinatorTaskReset
                0x001008dc       0x18 All_deRFarm7_At91sam7x512_Rf231_Gcc/Obj/WSNCoord.o
 .text.deviceTimerFired
                0x001008f4       0x18 All_deRFarm7_At91sam7x512_Rf231_Gcc/Obj/WSNCoord.o
 .text.appSensorsGot
                0x0010090c       0x1c All_deRFarm7_At91sam7x512_Rf231_Gcc/Obj/WSNCoord.o
 .text.appCoordinatorNwkInfoCmdHandler
                0x00100928       0x18 All_deRFarm7_At91sam7x512_Rf231_Gcc/Obj/WSNCoord.o
                0x00100928                appCoordinatorNwkInfoCmdHandler
 .text.appCoordinatorIdentifyCmdHandler
                0x00100940      0x154 All_deRFarm7_At91sam7x512_Rf231_Gcc/Obj/WSNCoord.o
                0x00100940                appCoordinatorIdentifyCmdHandler
 .text.appCoordinatorTaskHandler
                0x00100a94       0x8c All_deRFarm7_At91sam7x512_Rf231_Gcc/Obj/WSNCoord.o
 .text.appCoordinatorConfirmHandler
                0x00100b20       0x6a All_deRFarm7_At91sam7x512_Rf231_Gcc/Obj/WSNCoord.o
 *fill*         0x00100b8a        0x2 
 .text.appCoordinatorGetInterface
                0x00100b8c       0x2c All_deRFarm7_At91sam7x512_Rf231_Gcc/Obj/WSNCoord.o
                0x00100b8c                appCoordinatorGetInterface
 .text.msgSenderApsDataConf
                0x00100bb8       0x70 All_deRFarm7_At91sam7x512_Rf231_Gcc/Obj/WSNMessageSender.o
 .text.appInitMsgSender
                0x00100c28       0x34 All_deRFarm7_At91sam7x512_Rf231_Gcc/Obj/WSNMessageSender.o
                0x00100c28                appInitMsgSender
 .text.appMsgSender
                0x00100c5c       0xbc All_deRFarm7_At91sam7x512_Rf231_Gcc/Obj/WSNMessageSender.o
                0x00100c5c                appMsgSender
 .text.appCreateTxFrame
                0x00100d18       0x64 All_deRFarm7_At91sam7x512_Rf231_Gcc/Obj/WSNMessageSender.o
                0x00100d18                appCreateTxFrame
 .text.appInitCmdHandler
                0x00100d7c       0x2c All_deRFarm7_At91sam7x512_Rf231_Gcc/Obj/WSNCommandHandler.o
                0x00100d7c                appInitCmdHandler
 .text.appCmdHandler
                0x00100da8       0x54 All_deRFarm7_At91sam7x512_Rf231_Gcc/Obj/WSNCommandHandler.o
                0x00100da8                appCmdHandler
 .text.appCreateCommand
                0x00100dfc       0x40 All_deRFarm7_At91sam7x512_Rf231_Gcc/Obj/WSNCommandHandler.o
                0x00100dfc                appCreateCommand
 .text.appPostGlobalTask
                0x00100e3c       0x24 All_deRFarm7_At91sam7x512_Rf231_Gcc/Obj/WSNDemoApp.o
 .text.appZdpLeaveResp
                0x00100e60       0x20 All_deRFarm7_At91sam7x512_Rf231_Gcc/Obj/WSNDemoApp.o
 .text.startingNetworkTimerFired
                0x00100e80        0xc All_deRFarm7_At91sam7x512_Rf231_Gcc/Obj/WSNDemoApp.o
 .text.appApsDataIndHandler
                0x00100e8c       0x16 All_deRFarm7_At91sam7x512_Rf231_Gcc/Obj/WSNDemoApp.o
 *fill*         0x00100ea2        0x2 
 .text.identifyTimerFired
                0x00100ea4       0x34 All_deRFarm7_At91sam7x512_Rf231_Gcc/Obj/WSNDemoApp.o
 .text.appZdoStartNetworkConf
                0x00100ed8       0x60 All_deRFarm7_At91sam7x512_Rf231_Gcc/Obj/WSNDemoApp.o
 .text.APL_TaskHandler
                0x00100f38      0x1c8 All_deRFarm7_At91sam7x512_Rf231_Gcc/Obj/WSNDemoApp.o
                0x00100f38                APL_TaskHandler
 .text.ZDO_MgmtNwkUpdateNotf
                0x00101100       0xac All_deRFarm7_At91sam7x512_Rf231_Gcc/Obj/WSNDemoApp.o
                0x00101100                ZDO_MgmtNwkUpdateNotf
 .text.ZDO_WakeUpInd
                0x001011ac       0x1c All_deRFarm7_At91sam7x512_Rf231_Gcc/Obj/WSNDemoApp.o
                0x001011ac                ZDO_WakeUpInd
 .text.appReadLqiRssi
                0x001011c8       0x28 All_deRFarm7_At91sam7x512_Rf231_Gcc/Obj/WSNDemoApp.o
                0x001011c8                appReadLqiRssi
 .text.appPostSubTaskTask
                0x001011f0       0x3c All_deRFarm7_At91sam7x512_Rf231_Gcc/Obj/WSNDemoApp.o
                0x001011f0                appPostSubTaskTask
 .text.appPostCmdHandlerTask
                0x0010122c       0x38 All_deRFarm7_At91sam7x512_Rf231_Gcc/Obj/WSNDemoApp.o
                0x0010122c                appPostCmdHandlerTask
 .text.appPostMsgSenderTask
                0x00101264       0x3c All_deRFarm7_At91sam7x512_Rf231_Gcc/Obj/WSNDemoApp.o
                0x00101264                appPostMsgSenderTask
 .text.appPcCmdReceived
                0x001012a0       0x10 All_deRFarm7_At91sam7x512_Rf231_Gcc/Obj/WSNDemoApp.o
                0x001012a0                appPcCmdReceived
 .text.appStartIdentifyVisualization
                0x001012b0       0x34 All_deRFarm7_At91sam7x512_Rf231_Gcc/Obj/WSNDemoApp.o
                0x001012b0                appStartIdentifyVisualization
 .text.appGetCmdDescriptor
                0x001012e4       0x54 All_deRFarm7_At91sam7x512_Rf231_Gcc/Obj/WSNDemoApp.o
                0x001012e4                appGetCmdDescriptor
 .text.ZDO_BindIndication
                0x00101338        0x2 All_deRFarm7_At91sam7x512_Rf231_Gcc/Obj/WSNDemoApp.o
                0x00101338                ZDO_BindIndication
 .text.ZDO_UnbindIndication
                0x0010133a        0x2 All_deRFarm7_At91sam7x512_Rf231_Gcc/Obj/WSNDemoApp.o
                0x0010133a                ZDO_UnbindIndication
 .text.startup.main
                0x0010133c       0x30 All_deRFarm7_At91sam7x512_Rf231_Gcc/Obj/WSNDemoApp.o
                0x0010133c                main
 .text.resetUsartRx
                0x0010136c       0x24 All_deRFarm7_At91sam7x512_Rf231_Gcc/Obj/WSNUARTManager.o
 .text.linkSafetyTimerFired
                0x00101390        0xc All_deRFarm7_At91sam7x512_Rf231_Gcc/Obj/WSNUARTManager.o
 .text.readByteEvent
                0x0010139c       0xec All_deRFarm7_At91sam7x512_Rf231_Gcc/Obj/WSNUARTManager.o
 .text.sendNextMessage.part.0
                0x00101488       0x3c All_deRFarm7_At91sam7x512_Rf231_Gcc/Obj/WSNUARTManager.o
 .text.writeConfirm
                0x001014c4       0x3c All_deRFarm7_At91sam7x512_Rf231_Gcc/Obj/WSNUARTManager.o
 .text.appStartUsartManager
                0x00101500       0xb0 All_deRFarm7_At91sam7x512_Rf231_Gcc/Obj/WSNUARTManager.o
                0x00101500                appStartUsartManager
 .text.appSendMessageToUsart
                0x001015b0       0x98 All_deRFarm7_At91sam7x512_Rf231_Gcc/Obj/WSNUARTManager.o
                0x001015b0                appSendMessageToUsart
 .text.BSP_OpenLeds
                0x00101648        0x4 All_deRFarm7_At91sam7x512_Rf231_Gcc/Obj/fakeBSP.o
                0x00101648                BSP_OpenLeds
 .text.BSP_OnLed
                0x0010164c        0x2 All_deRFarm7_At91sam7x512_Rf231_Gcc/Obj/fakeBSP.o
                0x0010164c                BSP_OnLed
 .text.BSP_OffLed
                0x0010164e        0x2 All_deRFarm7_At91sam7x512_Rf231_Gcc/Obj/fakeBSP.o
                0x0010164e                BSP_OffLed
 .text.BSP_ToggleLed
                0x00101650        0x2 All_deRFarm7_At91sam7x512_Rf231_Gcc/Obj/fakeBSP.o
                0x00101650                BSP_ToggleLed
 .text.BSP_OpenTemperatureSensor
                0x00101652        0x4 All_deRFarm7_At91sam7x512_Rf231_Gcc/Obj/fakeBSP.o
                0x00101652                BSP_OpenTemperatureSensor
 .text.BSP_CloseTemperatureSensor
                0x00101656        0x4 All_deRFarm7_At91sam7x512_Rf231_Gcc/Obj/fakeBSP.o
                0x00101656                BSP_CloseTemperatureSensor
 *fill*         0x0010165a        0x2 
 .text.BSP_ReadTemperatureData
                0x0010165c       0x3c All_deRFarm7_At91sam7x512_Rf231_Gcc/Obj/fakeBSP.o
                0x0010165c                BSP_ReadTemperatureData
 .text.bspTemperatureSensorHandler
                0x00101698       0x1c All_deRFarm7_At91sam7x512_Rf231_Gcc/Obj/fakeBSP.o
                0x00101698                bspTemperatureSensorHandler
 .text.BSP_OpenLightSensor
                0x001016b4        0x4 All_deRFarm7_At91sam7x512_Rf231_Gcc/Obj/fakeBSP.o
                0x001016b4                BSP_OpenLightSensor
 .text.BSP_CloseLightSensor
                0x001016b8        0x4 All_deRFarm7_At91sam7x512_Rf231_Gcc/Obj/fakeBSP.o
                0x001016b8                BSP_CloseLightSensor
 .text.BSP_ReadLightData
                0x001016bc       0x3c All_deRFarm7_At91sam7x512_Rf231_Gcc/Obj/fakeBSP.o
                0x001016bc                BSP_ReadLightData
 .text.bspLightSensorHandler
                0x001016f8       0x1c All_deRFarm7_At91sam7x512_Rf231_Gcc/Obj/fakeBSP.o
                0x001016f8                bspLightSensorHandler
 .text.BSP_OpenBatterySensor
                0x00101714        0x4 All_deRFarm7_At91sam7x512_Rf231_Gcc/Obj/fakeBSP.o
                0x00101714                BSP_OpenBatterySensor
 .text.BSP_CloseBatterySensor
                0x00101718        0x4 All_deRFarm7_At91sam7x512_Rf231_Gcc/Obj/fakeBSP.o
                0x00101718                BSP_CloseBatterySensor
 .text.BSP_ReadBatteryData
                0x0010171c       0x3c All_deRFarm7_At91sam7x512_Rf231_Gcc/Obj/fakeBSP.o
                0x0010171c                BSP_ReadBatteryData
 .text.bspEmptyBatteryHandler
                0x00101758       0x1c All_deRFarm7_At91sam7x512_Rf231_Gcc/Obj/fakeBSP.o
                0x00101758                bspEmptyBatteryHandler
 .text.BSP_TaskHandler
                0x00101774       0x68 All_deRFarm7_At91sam7x512_Rf231_Gcc/Obj/bspTaskManager.o
                0x00101774                BSP_TaskHandler
 .text.csSetToDefault
                0x001017dc       0x80 All_deRFarm7_At91sam7x512_Rf231_Gcc/Obj/csMem.o
                0x001017dc                csSetToDefault
 .text.csGetItem
                0x0010185c       0x28 All_deRFarm7_At91sam7x512_Rf231_Gcc/Obj/configServer.o
 .text.CS_Init  0x00101884        0xc All_deRFarm7_At91sam7x512_Rf231_Gcc/Obj/configServer.o
                0x00101884                CS_Init
 .text.CS_ReadParameter
                0x00101890       0x22 All_deRFarm7_At91sam7x512_Rf231_Gcc/Obj/configServer.o
                0x00101890                CS_ReadParameter
 .text.CS_WriteParameter
                0x001018b2       0x2e All_deRFarm7_At91sam7x512_Rf231_Gcc/Obj/configServer.o
                0x001018b2                CS_WriteParameter
 .text.CS_GetMemory
                0x001018e0       0x20 All_deRFarm7_At91sam7x512_Rf231_Gcc/Obj/configServer.o
                0x001018e0                CS_GetMemory
 .text.halStartAtomic
                0x00101900       0x1c ./../../../../BitCloud/lib/libHAL_deRFarm7_At91sam7x512_48Mhz_Gcc.a(atomic.o)
                0x00101900                halStartAtomic
 .text.halEndAtomic
                0x0010191c       0x28 ./../../../../BitCloud/lib/libHAL_deRFarm7_At91sam7x512_48Mhz_Gcc.a(atomic.o)
                0x0010191c                halEndAtomic
 .text.halDelayBetweenMessages
                0x00101944       0x48 ./../../../../BitCloud/lib/libHAL_deRFarm7_At91sam7x512_48Mhz_Gcc.a(dbgPort.o)
 .text.configure_dbgu
                0x0010198c       0x48 ./../../../../BitCloud/lib/libHAL_deRFarm7_At91sam7x512_48Mhz_Gcc.a(dbgPort.o)
                0x0010198c                configure_dbgu
 .text.dbgu_print_ascii
                0x001019d4       0x30 ./../../../../BitCloud/lib/libHAL_deRFarm7_At91sam7x512_48Mhz_Gcc.a(dbgPort.o)
                0x001019d4                dbgu_print_ascii
 .text.dbgu_print_hex8
                0x00101a04       0x5c ./../../../../BitCloud/lib/libHAL_deRFarm7_At91sam7x512_48Mhz_Gcc.a(dbgPort.o)
                0x00101a04                dbgu_print_hex8
 .text.parseAbortState
                0x00101a60      0x104 ./../../../../BitCloud/lib/libHAL_deRFarm7_At91sam7x512_48Mhz_Gcc.a(dbgPort.o)
 .text.halSpecRegisterView
                0x00101b64       0x6c ./../../../../BitCloud/lib/libHAL_deRFarm7_At91sam7x512_48Mhz_Gcc.a(dbgPort.o)
 .text.halCommRegisterView
                0x00101bd0       0x58 ./../../../../BitCloud/lib/libHAL_deRFarm7_At91sam7x512_48Mhz_Gcc.a(dbgPort.o)
 .text.halStackView
                0x00101c28       0x6c ./../../../../BitCloud/lib/libHAL_deRFarm7_At91sam7x512_48Mhz_Gcc.a(dbgPort.o)
 .text.custom_pabt_handler
                0x00101c94       0x60 ./../../../../BitCloud/lib/libHAL_deRFarm7_At91sam7x512_48Mhz_Gcc.a(dbgPort.o)
                0x00101c94                custom_pabt_handler
 .text.custom_dabt_handler
                0x00101cf4       0x60 ./../../../../BitCloud/lib/libHAL_deRFarm7_At91sam7x512_48Mhz_Gcc.a(dbgPort.o)
                0x00101cf4                custom_dabt_handler
 .text.custom_undf_handler
                0x00101d54       0x60 ./../../../../BitCloud/lib/libHAL_deRFarm7_At91sam7x512_48Mhz_Gcc.a(dbgPort.o)
                0x00101d54                custom_undf_handler
 .text.default_spurious_handler
                0x00101db4       0x10 ./../../../../BitCloud/lib/libHAL_deRFarm7_At91sam7x512_48Mhz_Gcc.a(dbgPort.o)
                0x00101db4                default_spurious_handler
 .text.default_fiq_handler
                0x00101dc4       0x1c ./../../../../BitCloud/lib/libHAL_deRFarm7_At91sam7x512_48Mhz_Gcc.a(dbgPort.o)
                0x00101dc4                default_fiq_handler
 .text.default_irq_handler
                0x00101de0       0x44 ./../../../../BitCloud/lib/libHAL_deRFarm7_At91sam7x512_48Mhz_Gcc.a(dbgPort.o)
                0x00101de0                default_irq_handler
 .text.halAppTimerHandler
                0x00101e24       0x50 ./../../../../BitCloud/lib/libHAL_deRFarm7_At91sam7x512_48Mhz_Gcc.a(appTimer.o)
                0x00101e24                halAppTimerHandler
 .text.HAL_StartAppTimer
                0x00101e74       0x44 ./../../../../BitCloud/lib/libHAL_deRFarm7_At91sam7x512_48Mhz_Gcc.a(appTimer.o)
                0x00101e74                HAL_StartAppTimer
 .text.HAL_StopAppTimer
                0x00101eb8       0x38 ./../../../../BitCloud/lib/libHAL_deRFarm7_At91sam7x512_48Mhz_Gcc.a(appTimer.o)
                0x00101eb8                HAL_StopAppTimer
 .text.HAL_GetSystemTime
                0x00101ef0       0x14 ./../../../../BitCloud/lib/libHAL_deRFarm7_At91sam7x512_48Mhz_Gcc.a(appTimer.o)
                0x00101ef0                HAL_GetSystemTime
 .text.halSigUsartReceptionComplete
                0x00101f04       0x50 ./../../../../BitCloud/lib/libHAL_deRFarm7_At91sam7x512_48Mhz_Gcc.a(usart.o)
 .text.halUsartTaskUsart1Rxc
                0x00101f54       0x14 ./../../../../BitCloud/lib/libHAL_deRFarm7_At91sam7x512_48Mhz_Gcc.a(usart.o)
 .text.halUsartTaskUsart0Rxc
                0x00101f68       0x14 ./../../../../BitCloud/lib/libHAL_deRFarm7_At91sam7x512_48Mhz_Gcc.a(usart.o)
 .text.halUsartHwController
                0x00101f7c       0xd8 ./../../../../BitCloud/lib/libHAL_deRFarm7_At91sam7x512_48Mhz_Gcc.a(usart.o)
 .text.hwControlPinsPollCallback
                0x00102054       0x14 ./../../../../BitCloud/lib/libHAL_deRFarm7_At91sam7x512_48Mhz_Gcc.a(usart.o)
                0x00102054                hwControlPinsPollCallback
 .text.halUsartTaskUsart1Dre
                0x00102068       0x14 ./../../../../BitCloud/lib/libHAL_deRFarm7_At91sam7x512_48Mhz_Gcc.a(usart.o)
 .text.halUsartTaskUsart0Dre
                0x0010207c       0x14 ./../../../../BitCloud/lib/libHAL_deRFarm7_At91sam7x512_48Mhz_Gcc.a(usart.o)
 .text.halSigUsartHandler
                0x00102090       0x64 ./../../../../BitCloud/lib/libHAL_deRFarm7_At91sam7x512_48Mhz_Gcc.a(usart.o)
                0x00102090                halSigUsartHandler
 .text.halPostUsartTask
                0x001020f4       0x44 ./../../../../BitCloud/lib/libHAL_deRFarm7_At91sam7x512_48Mhz_Gcc.a(usart.o)
                0x001020f4                halPostUsartTask
 .text.halUsartRxBufferFiller
                0x00102138       0x94 ./../../../../BitCloud/lib/libHAL_deRFarm7_At91sam7x512_48Mhz_Gcc.a(usart.o)
                0x00102138                halUsartRxBufferFiller
 .text.halSigUsartTransmissionComplete
                0x001021cc       0x60 ./../../../../BitCloud/lib/libHAL_deRFarm7_At91sam7x512_48Mhz_Gcc.a(usart.o)
                0x001021cc                halSigUsartTransmissionComplete
 .text.halUsartTaskUsart1Txc
                0x0010222c       0x14 ./../../../../BitCloud/lib/libHAL_deRFarm7_At91sam7x512_48Mhz_Gcc.a(usart.o)
 .text.halUsartTaskUsart0Txc
                0x00102240       0x14 ./../../../../BitCloud/lib/libHAL_deRFarm7_At91sam7x512_48Mhz_Gcc.a(usart.o)
 .text.halIsUsartChannelCorrect
                0x00102254       0x20 ./../../../../BitCloud/lib/libHAL_deRFarm7_At91sam7x512_48Mhz_Gcc.a(usart.o)
                0x00102254                halIsUsartChannelCorrect
 .text.HAL_ReadUsart
                0x00102274       0xd8 ./../../../../BitCloud/lib/libHAL_deRFarm7_At91sam7x512_48Mhz_Gcc.a(usart.o)
                0x00102274                HAL_ReadUsart
 .text.HAL_WriteUsart
                0x0010234c       0xe4 ./../../../../BitCloud/lib/libHAL_deRFarm7_At91sam7x512_48Mhz_Gcc.a(usart.o)
                0x0010234c                HAL_WriteUsart
 .text.HAL_OpenUsart
                0x00102430       0xd8 ./../../../../BitCloud/lib/libHAL_deRFarm7_At91sam7x512_48Mhz_Gcc.a(usart.o)
                0x00102430                HAL_OpenUsart
 .text.halAddTimer
                0x00102508       0x96 ./../../../../BitCloud/lib/libHAL_deRFarm7_At91sam7x512_48Mhz_Gcc.a(timer.o)
                0x00102508                halAddTimer
 .text.halRemoveTimer
                0x0010259e       0x20 ./../../../../BitCloud/lib/libHAL_deRFarm7_At91sam7x512_48Mhz_Gcc.a(timer.o)
                0x0010259e                halRemoveTimer
 .text.halFindPrevTimer
                0x001025be       0x16 ./../../../../BitCloud/lib/libHAL_deRFarm7_At91sam7x512_48Mhz_Gcc.a(timer.o)
                0x001025be                halFindPrevTimer
 .text.timerHandler
                0x001025d4       0x8c ./../../../../BitCloud/lib/libHAL_deRFarm7_At91sam7x512_48Mhz_Gcc.a(halAppClock.o)
                0x001025d4                timerHandler
 .text.halAppSystemTimeSynchronize
                0x00102660       0x58 ./../../../../BitCloud/lib/libHAL_deRFarm7_At91sam7x512_48Mhz_Gcc.a(halAppClock.o)
                0x00102660                halAppSystemTimeSynchronize
 .text.halStartAppClock
                0x001026b8       0x74 ./../../../../BitCloud/lib/libHAL_deRFarm7_At91sam7x512_48Mhz_Gcc.a(halAppClock.o)
                0x001026b8                halStartAppClock
 .text.halGetTimeOfAppTimer
                0x0010272c       0x1c ./../../../../BitCloud/lib/libHAL_deRFarm7_At91sam7x512_48Mhz_Gcc.a(halAppClock.o)
                0x0010272c                halGetTimeOfAppTimer
 .text.halDelayUs
                0x00102748       0x64 ./../../../../BitCloud/lib/libHAL_deRFarm7_At91sam7x512_48Mhz_Gcc.a(halAppClock.o)
                0x00102748                halDelayUs
 .text.usart1Handler
                0x001027ac       0xa0 ./../../../../BitCloud/lib/libHAL_deRFarm7_At91sam7x512_48Mhz_Gcc.a(halUsart.o)
                0x001027ac                usart1Handler
 .text.usart0Handler
                0x0010284c       0xa0 ./../../../../BitCloud/lib/libHAL_deRFarm7_At91sam7x512_48Mhz_Gcc.a(halUsart.o)
                0x0010284c                usart0Handler
 .text.halFoundationsInit
                0x001028ec       0xcc ./../../../../BitCloud/lib/libHAL_deRFarm7_At91sam7x512_48Mhz_Gcc.a(halUsart.o)
                0x001028ec                halFoundationsInit
 .text.halSetUsartConfig
                0x001029b8       0x7c ./../../../../BitCloud/lib/libHAL_deRFarm7_At91sam7x512_48Mhz_Gcc.a(halUsart.o)
                0x001029b8                halSetUsartConfig
 .text.HAL_InitMacIsr
                0x00102a34       0x38 ./../../../../BitCloud/lib/libHAL_deRFarm7_At91sam7x512_48Mhz_Gcc.a(halMacIsr.o)
                0x00102a34                HAL_InitMacIsr
 .text.HAL_StartRtimer
                0x00102a6c       0xc8 ./../../../../BitCloud/lib/libHAL_deRFarm7_At91sam7x512_48Mhz_Gcc.a(halMacIsr.o)
                0x00102a6c                HAL_StartRtimer
 .text.HAL_StopRtimer
                0x00102b34       0x40 ./../../../../BitCloud/lib/libHAL_deRFarm7_At91sam7x512_48Mhz_Gcc.a(halMacIsr.o)
                0x00102b34                HAL_StopRtimer
 .text.halMacTimerHandler
                0x00102b74       0xa8 ./../../../../BitCloud/lib/libHAL_deRFarm7_At91sam7x512_48Mhz_Gcc.a(halMacIsr.o)
                0x00102b74                halMacTimerHandler
 .text.irqRfHandler
                0x00102c1c       0x28 ./../../../../BitCloud/lib/libHAL_deRFarm7_At91sam7x512_48Mhz_Gcc.a(halMacIsr.o)
                0x00102c1c                irqRfHandler
 .text.HAL_TaskHandler
                0x00102c44      0x13c ./../../../../BitCloud/lib/libHAL_deRFarm7_At91sam7x512_48Mhz_Gcc.a(halTaskManager.o)
                0x00102c44                HAL_TaskHandler
 .text.halSig2WireSerialHandler
                0x00102d80       0x34 ./../../../../BitCloud/lib/libHAL_deRFarm7_At91sam7x512_48Mhz_Gcc.a(i2cPacket.o)
                0x00102d80                halSig2WireSerialHandler
 .text.halSigAdcHandler
                0x00102db4       0x20 ./../../../../BitCloud/lib/libHAL_deRFarm7_At91sam7x512_48Mhz_Gcc.a(adc.o)
                0x00102db4                halSigAdcHandler
 .text.halInitRfSpi
                0x00102dd4       0x78 ./../../../../BitCloud/lib/libHAL_deRFarm7_At91sam7x512_48Mhz_Gcc.a(halSpi.o)
                0x00102dd4                halInitRfSpi
 .text.HAL_InitRfSpi
                0x00102e4c       0x20 ./../../../../BitCloud/lib/libHAL_deRFarm7_At91sam7x512_48Mhz_Gcc.a(halSpi.o)
                0x00102e4c                HAL_InitRfSpi
 .text.HAL_WriteByteRfSpi
                0x00102e6c       0x44 ./../../../../BitCloud/lib/libHAL_deRFarm7_At91sam7x512_48Mhz_Gcc.a(halSpi.o)
                0x00102e6c                HAL_WriteByteRfSpi
 .text.halRfTxCompleteHandler
                0x00102eb0       0x3c ./../../../../BitCloud/lib/libHAL_deRFarm7_At91sam7x512_48Mhz_Gcc.a(halSpi.o)
                0x00102eb0                halRfTxCompleteHandler
 .text.halRfRxCompleteHandler
                0x00102eec       0x3c ./../../../../BitCloud/lib/libHAL_deRFarm7_At91sam7x512_48Mhz_Gcc.a(halSpi.o)
                0x00102eec                halRfRxCompleteHandler
 .text.halMemIrqCompleteHandler
                0x00102f28       0x2c ./../../../../BitCloud/lib/libHAL_deRFarm7_At91sam7x512_48Mhz_Gcc.a(halSpi.o)
                0x00102f28                halMemIrqCompleteHandler
 .text.HAL_Delay
                0x00102f54       0x30 ./../../../../BitCloud/lib/libHAL_deRFarm7_At91sam7x512_48Mhz_Gcc.a(halRfCtrl.o)
                0x00102f54                HAL_Delay
 .text.HAL_ClearRfIrqFlag
                0x00102f84       0x30 ./../../../../BitCloud/lib/libHAL_deRFarm7_At91sam7x512_48Mhz_Gcc.a(halRfCtrl.o)
                0x00102f84                HAL_ClearRfIrqFlag
 .text.HAL_EnableRfIrq
                0x00102fb4       0x30 ./../../../../BitCloud/lib/libHAL_deRFarm7_At91sam7x512_48Mhz_Gcc.a(halRfCtrl.o)
                0x00102fb4                HAL_EnableRfIrq
 .text.HAL_DisableRfIrq
                0x00102fe4       0x38 ./../../../../BitCloud/lib/libHAL_deRFarm7_At91sam7x512_48Mhz_Gcc.a(halRfCtrl.o)
                0x00102fe4                HAL_DisableRfIrq
 .text.HAL_SetRfSlpTr
                0x0010301c       0x30 ./../../../../BitCloud/lib/libHAL_deRFarm7_At91sam7x512_48Mhz_Gcc.a(halRfCtrl.o)
                0x0010301c                HAL_SetRfSlpTr
 .text.HAL_ClearRfSlpTr
                0x0010304c       0x30 ./../../../../BitCloud/lib/libHAL_deRFarm7_At91sam7x512_48Mhz_Gcc.a(halRfCtrl.o)
                0x0010304c                HAL_ClearRfSlpTr
 .text.HAL_SetRfRst
                0x0010307c       0x30 ./../../../../BitCloud/lib/libHAL_deRFarm7_At91sam7x512_48Mhz_Gcc.a(halRfCtrl.o)
                0x0010307c                HAL_SetRfRst
 .text.HAL_ClearRfRst
                0x001030ac       0x30 ./../../../../BitCloud/lib/libHAL_deRFarm7_At91sam7x512_48Mhz_Gcc.a(halRfCtrl.o)
                0x001030ac                HAL_ClearRfRst
 .text.HAL_DeselectRfSpi
                0x001030dc       0x30 ./../../../../BitCloud/lib/libHAL_deRFarm7_At91sam7x512_48Mhz_Gcc.a(halRfCtrl.o)
                0x001030dc                HAL_DeselectRfSpi
 .text.HAL_SelectRfSpi
                0x0010310c       0x30 ./../../../../BitCloud/lib/libHAL_deRFarm7_At91sam7x512_48Mhz_Gcc.a(halRfCtrl.o)
                0x0010310c                HAL_SelectRfSpi
 .text.HAL_InitRfPins
                0x0010313c       0x58 ./../../../../BitCloud/lib/libHAL_deRFarm7_At91sam7x512_48Mhz_Gcc.a(halRfCtrl.o)
                0x0010313c                HAL_InitRfPins
 .text.HAL_InitRfIrq
                0x00103194       0x58 ./../../../../BitCloud/lib/libHAL_deRFarm7_At91sam7x512_48Mhz_Gcc.a(halRfCtrl.o)
                0x00103194                HAL_InitRfIrq
 .text.HAL_GetRfFreq
                0x001031ec        0x8 ./../../../../BitCloud/lib/libHAL_deRFarm7_At91sam7x512_48Mhz_Gcc.a(halRfCtrl.o)
                0x001031ec                HAL_GetRfFreq
 .text.HAL_InitRfSpiMode
                0x001031f4       0x3c ./../../../../BitCloud/lib/libHAL_deRFarm7_At91sam7x512_48Mhz_Gcc.a(halRfCtrl.o)
                0x001031f4                HAL_InitRfSpiMode
 .text.HAL_EnableRxTxSwitcher
                0x00103230       0x24 ./../../../../BitCloud/lib/libHAL_deRFarm7_At91sam7x512_48Mhz_Gcc.a(halRfCtrl.o)
                0x00103230                HAL_EnableRxTxSwitcher
 .text.HAL_InitAntennaDiversity
                0x00103254       0x24 ./../../../../BitCloud/lib/libHAL_deRFarm7_At91sam7x512_48Mhz_Gcc.a(halRfCtrl.o)
                0x00103254                HAL_InitAntennaDiversity
 .text.HAL_EnableRxAntennaDiversity
                0x00103278       0x24 ./../../../../BitCloud/lib/libHAL_deRFarm7_At91sam7x512_48Mhz_Gcc.a(halRfCtrl.o)
                0x00103278                HAL_EnableRxAntennaDiversity
 .text.HAL_EnableTxAntennaDiversity
                0x0010329c       0x24 ./../../../../BitCloud/lib/libHAL_deRFarm7_At91sam7x512_48Mhz_Gcc.a(halRfCtrl.o)
                0x0010329c                HAL_EnableTxAntennaDiversity
 .text.apsNextBind
                0x001032c0       0x5c ./../../../../BitCloud/lib/libBc_All_At91sam7x512_Rf231_Gcc.a(aps.o)
 .text.apsPrepareFragmentedTransmission
                0x0010331c       0x88 ./../../../../BitCloud/lib/libBc_All_At91sam7x512_Rf231_Gcc.a(aps.o)
 .text.apsIsFragmentationDataReq
                0x001033a4       0x1e ./../../../../BitCloud/lib/libBc_All_At91sam7x512_Rf231_Gcc.a(aps.o)
 *fill*         0x001033c2        0x2 
 .text.apsGetBuffer
                0x001033c4       0xc8 ./../../../../BitCloud/lib/libBc_All_At91sam7x512_Rf231_Gcc.a(aps.o)
 .text.apsFreeBuffer
                0x0010348c       0x74 ./../../../../BitCloud/lib/libBc_All_At91sam7x512_Rf231_Gcc.a(aps.o)
 .text.apsSendNwkDataReq
                0x00103500       0x18 ./../../../../BitCloud/lib/libBc_All_At91sam7x512_Rf231_Gcc.a(aps.o)
 .text.apsProcessShortAddrModeDataReq
                0x00103518      0x1cc ./../../../../BitCloud/lib/libBc_All_At91sam7x512_Rf231_Gcc.a(aps.o)
 .text.apsSendNextBlock
                0x001036e4       0x18 ./../../../../BitCloud/lib/libBc_All_At91sam7x512_Rf231_Gcc.a(aps.o)
 .text.apsSendAckForFragmentedReceive
                0x001036fc       0xe8 ./../../../../BitCloud/lib/libBc_All_At91sam7x512_Rf231_Gcc.a(aps.o)
 .text.apsProcessGroupAddrModeDataReq
                0x001037e4      0x10c ./../../../../BitCloud/lib/libBc_All_At91sam7x512_Rf231_Gcc.a(aps.o)
 .text.apsSendToNextBoundDevice
                0x001038f0       0x6a ./../../../../BitCloud/lib/libBc_All_At91sam7x512_Rf231_Gcc.a(aps.o)
 .text.apsProcessIndirectDataReq
                0x0010395a       0x22 ./../../../../BitCloud/lib/libBc_All_At91sam7x512_Rf231_Gcc.a(aps.o)
 .text.apsCalculateApsAckTimeout
                0x0010397c       0x20 ./../../../../BitCloud/lib/libBc_All_At91sam7x512_Rf231_Gcc.a(aps.o)
 .text.SYS_GetRandomNumber
                0x0010399c       0x20 ./../../../../BitCloud/lib/libBc_All_At91sam7x512_Rf231_Gcc.a(aps.o)
 .text.apsResetMemoryManager
                0x001039bc       0xc8 ./../../../../BitCloud/lib/libBc_All_At91sam7x512_Rf231_Gcc.a(aps.o)
 .text.apsPostTask
                0x00103a84       0x34 ./../../../../BitCloud/lib/libBc_All_At91sam7x512_Rf231_Gcc.a(aps.o)
 .text.apsDataManagerNwkDataConf
                0x00103ab8       0x24 ./../../../../BitCloud/lib/libBc_All_At91sam7x512_Rf231_Gcc.a(aps.o)
 .text.apsGroupNwkDataConf
                0x00103adc       0x3c ./../../../../BitCloud/lib/libBc_All_At91sam7x512_Rf231_Gcc.a(aps.o)
 .text.apsProcessEvent
                0x00103b18       0x24 ./../../../../BitCloud/lib/libBc_All_At91sam7x512_Rf231_Gcc.a(aps.o)
 .text.apsAckOnTimerFired
                0x00103b3c       0xb8 ./../../../../BitCloud/lib/libBc_All_At91sam7x512_Rf231_Gcc.a(aps.o)
 .text.apsFindBindingEntry
                0x00103bf4       0x94 ./../../../../BitCloud/lib/libBc_All_At91sam7x512_Rf231_Gcc.a(aps.o)
 .text.apsMakeApsDataConf
                0x00103c88       0x4c ./../../../../BitCloud/lib/libBc_All_At91sam7x512_Rf231_Gcc.a(aps.o)
 .text.apsAckForFragmentedReceiveConfirmHandler
                0x00103cd4       0x5c ./../../../../BitCloud/lib/libBc_All_At91sam7x512_Rf231_Gcc.a(aps.o)
 .text.apsHandleTransmittedData.constprop.12
                0x00103d30       0x52 ./../../../../BitCloud/lib/libBc_All_At91sam7x512_Rf231_Gcc.a(aps.o)
 *fill*         0x00103d82        0x2 
 .text.APS_BindReq
                0x00103d84       0x98 ./../../../../BitCloud/lib/libBc_All_At91sam7x512_Rf231_Gcc.a(aps.o)
                0x00103d84                APS_BindReq
 .text.APS_UnbindReq
                0x00103e1c       0x50 ./../../../../BitCloud/lib/libBc_All_At91sam7x512_Rf231_Gcc.a(aps.o)
                0x00103e1c                APS_UnbindReq
 .text.APS_DataReq
                0x00103e6c       0x1c ./../../../../BitCloud/lib/libBc_All_At91sam7x512_Rf231_Gcc.a(aps.o)
                0x00103e6c                APS_DataReq
 .text.NWK_DataInd
                0x00103e88       0x1c ./../../../../BitCloud/lib/libBc_All_At91sam7x512_Rf231_Gcc.a(aps.o)
                0x00103e88                NWK_DataInd
 .text.APS_CalculateTimes
                0x00103ea4       0xec ./../../../../BitCloud/lib/libBc_All_At91sam7x512_Rf231_Gcc.a(aps.o)
                0x00103ea4                APS_CalculateTimes
 .text.apsResetDataManager
                0x00103f90       0xc0 ./../../../../BitCloud/lib/libBc_All_At91sam7x512_Rf231_Gcc.a(aps.o)
 .text.apsNwkResetConf
                0x00104050      0x14c ./../../../../BitCloud/lib/libBc_All_At91sam7x512_Rf231_Gcc.a(aps.o)
 .text.apsStateMachineTaskHandler
                0x0010419c       0xdc ./../../../../BitCloud/lib/libBc_All_At91sam7x512_Rf231_Gcc.a(aps.o)
 .text.APS_IsProfileIdMatched
                0x00104278       0x20 ./../../../../BitCloud/lib/libBc_All_At91sam7x512_Rf231_Gcc.a(aps.o)
                0x00104278                APS_IsProfileIdMatched
 .text.APS_NextEndpoint
                0x00104298       0x18 ./../../../../BitCloud/lib/libBc_All_At91sam7x512_Rf231_Gcc.a(aps.o)
                0x00104298                APS_NextEndpoint
 .text.apsFindEndpoint
                0x001042b0       0x1e ./../../../../BitCloud/lib/libBc_All_At91sam7x512_Rf231_Gcc.a(aps.o)
 *fill*         0x001042ce        0x2 
 .text.APS_RegisterEndpointReq
                0x001042d0       0x44 ./../../../../BitCloud/lib/libBc_All_At91sam7x512_Rf231_Gcc.a(aps.o)
                0x001042d0                APS_RegisterEndpointReq
 .text.apsGroupIndication
                0x00104314       0x68 ./../../../../BitCloud/lib/libBc_All_At91sam7x512_Rf231_Gcc.a(aps.o)
 .text.apsUnicastDataInd
                0x0010437c      0x1e8 ./../../../../BitCloud/lib/libBc_All_At91sam7x512_Rf231_Gcc.a(aps.o)
 .text.apsApduUnicastHandler.constprop.10
                0x00104564      0x4ac ./../../../../BitCloud/lib/libBc_All_At91sam7x512_Rf231_Gcc.a(aps.o)
 .text.apsDataTaskHandler
                0x00104a10      0x8d0 ./../../../../BitCloud/lib/libBc_All_At91sam7x512_Rf231_Gcc.a(aps.o)
 .text.APS_Init
                0x001052e0       0x30 ./../../../../BitCloud/lib/libBc_All_At91sam7x512_Rf231_Gcc.a(aps.o)
                0x001052e0                APS_Init
 .text.APS_ResetReq
                0x00105310       0x10 ./../../../../BitCloud/lib/libBc_All_At91sam7x512_Rf231_Gcc.a(aps.o)
                0x00105310                APS_ResetReq
 .text.APS_StartReq
                0x00105320       0x10 ./../../../../BitCloud/lib/libBc_All_At91sam7x512_Rf231_Gcc.a(aps.o)
                0x00105320                APS_StartReq
 .text.APS_StopReq
                0x00105330       0x10 ./../../../../BitCloud/lib/libBc_All_At91sam7x512_Rf231_Gcc.a(aps.o)
                0x00105330                APS_StopReq
 .text.APS_IsActiveTransaction
                0x00105340       0x54 ./../../../../BitCloud/lib/libBc_All_At91sam7x512_Rf231_Gcc.a(aps.o)
                0x00105340                APS_IsActiveTransaction
 .text.APS_TaskHandler
                0x00105394       0x8c ./../../../../BitCloud/lib/libBc_All_At91sam7x512_Rf231_Gcc.a(aps.o)
                0x00105394                APS_TaskHandler
 .text.SYS_GetRandomNumber
                0x00105420       0x20 ./../../../../BitCloud/lib/libBc_All_At91sam7x512_Rf231_Gcc.a(macenvPib.o)
 .text.getSymbolsPerOctet
                0x00105440       0x48 ./../../../../BitCloud/lib/libBc_All_At91sam7x512_Rf231_Gcc.a(macenvPib.o)
 .text.calculateMaxFrameDuration
                0x00105488       0x1c ./../../../../BitCloud/lib/libBc_All_At91sam7x512_Rf231_Gcc.a(macenvPib.o)
 .text.storeTransmitPower
                0x001054a4       0x70 ./../../../../BitCloud/lib/libBc_All_At91sam7x512_Rf231_Gcc.a(macenvPib.o)
 .text.macenvGetPhySymbolDuration
                0x00105514       0x54 ./../../../../BitCloud/lib/libBc_All_At91sam7x512_Rf231_Gcc.a(macenvPib.o)
                0x00105514                macenvGetPhySymbolDuration
 .text.updateMaxFrameTxTime
                0x00105568       0x28 ./../../../../BitCloud/lib/libBc_All_At91sam7x512_Rf231_Gcc.a(macenvPib.o)
 .text.macenvResetPib
                0x00105590       0xc0 ./../../../../BitCloud/lib/libBc_All_At91sam7x512_Rf231_Gcc.a(macenvPib.o)
                0x00105590                macenvResetPib
 .text.macenvConvertTransPersistTimeFromUnitsToMs
                0x00105650       0x1e ./../../../../BitCloud/lib/libBc_All_At91sam7x512_Rf231_Gcc.a(macenvPib.o)
                0x00105650                macenvConvertTransPersistTimeFromUnitsToMs
 *fill*         0x0010566e        0x2 
 .text.macenvSetPibAttr
                0x00105670      0x1c0 ./../../../../BitCloud/lib/libBc_All_At91sam7x512_Rf231_Gcc.a(macenvPib.o)
                0x00105670                macenvSetPibAttr
 .text.macenvCalculateMaxFrameTotalWaitTimeInMs
                0x00105830       0x74 ./../../../../BitCloud/lib/libBc_All_At91sam7x512_Rf231_Gcc.a(macenvPib.o)
                0x00105830                macenvCalculateMaxFrameTotalWaitTimeInMs
 .text.macenvCalculateResponceWaitTimeInMs
                0x001058a4       0x28 ./../../../../BitCloud/lib/libBc_All_At91sam7x512_Rf231_Gcc.a(macenvPib.o)
                0x001058a4                macenvCalculateResponceWaitTimeInMs
 .text.macenvGetPibAttr
                0x001058cc      0x180 ./../../../../BitCloud/lib/libBc_All_At91sam7x512_Rf231_Gcc.a(macenvPib.o)
                0x001058cc                macenvGetPibAttr
 .text.MAC_GetExtAddr
                0x00105a4c        0x8 ./../../../../BitCloud/lib/libBc_All_At91sam7x512_Rf231_Gcc.a(macenvPib.o)
                0x00105a4c                MAC_GetExtAddr
 .text.MAC_SetExtAddr
                0x00105a54       0x10 ./../../../../BitCloud/lib/libBc_All_At91sam7x512_Rf231_Gcc.a(macenvPib.o)
                0x00105a54                MAC_SetExtAddr
 .text.MAC_IsOwnExtAddr
                0x00105a64       0x1c ./../../../../BitCloud/lib/libBc_All_At91sam7x512_Rf231_Gcc.a(macenvPib.o)
                0x00105a64                MAC_IsOwnExtAddr
 .text.MAC_GetOctetsTransmissionTimeInMs
                0x00105a80       0x20 ./../../../../BitCloud/lib/libBc_All_At91sam7x512_Rf231_Gcc.a(macenvPib.o)
                0x00105a80                MAC_GetOctetsTransmissionTimeInMs
 .text.nwkAddressConflictIsIdle
                0x00105aa0       0x14 ./../../../../BitCloud/lib/libBc_All_At91sam7x512_Rf231_Gcc.a(nwk.o)
 .text.nwkFindAddressMapEntryByExtAddr
                0x00105ab4       0x38 ./../../../../BitCloud/lib/libBc_All_At91sam7x512_Rf231_Gcc.a(nwk.o)
 .text.nwkAddToAddressMap
                0x00105aec       0x60 ./../../../../BitCloud/lib/libBc_All_At91sam7x512_Rf231_Gcc.a(nwk.o)
 .text.nwkFindAddressMapEntryByShortAddr
                0x00105b4c       0x30 ./../../../../BitCloud/lib/libBc_All_At91sam7x512_Rf231_Gcc.a(nwk.o)
 .text.nwkDataReqIsIdle
                0x00105b7c       0x14 ./../../../../BitCloud/lib/libBc_All_At91sam7x512_Rf231_Gcc.a(nwk.o)
 .text.nwkDiscoveryIsIdle
                0x00105b90       0x14 ./../../../../BitCloud/lib/libBc_All_At91sam7x512_Rf231_Gcc.a(nwk.o)
 .text.nwkEDScanIsIdle
                0x00105ba4       0x14 ./../../../../BitCloud/lib/libBc_All_At91sam7x512_Rf231_Gcc.a(nwk.o)
 .text.nwkFormationIsIdle
                0x00105bb8       0x14 ./../../../../BitCloud/lib/libBc_All_At91sam7x512_Rf231_Gcc.a(nwk.o)
 .text.nwkParseHeader
                0x00105bcc       0x6a ./../../../../BitCloud/lib/libBc_All_At91sam7x512_Rf231_Gcc.a(nwk.o)
 *fill*         0x00105c36        0x2 
 .text.nwkSetDepth
                0x00105c38       0x18 ./../../../../BitCloud/lib/libBc_All_At91sam7x512_Rf231_Gcc.a(nwk.o)
 .text.findFreeJoinIndObjFor
                0x00105c50       0x58 ./../../../../BitCloud/lib/libBc_All_At91sam7x512_Rf231_Gcc.a(nwk.o)
 .text.nwkJoinIndIsIdle
                0x00105ca8       0x34 ./../../../../BitCloud/lib/libBc_All_At91sam7x512_Rf231_Gcc.a(nwk.o)
 .text.nwkJoinReqIsIdle
                0x00105cdc       0x14 ./../../../../BitCloud/lib/libBc_All_At91sam7x512_Rf231_Gcc.a(nwk.o)
 .text.nwkLeaveReqIsIdle
                0x00105cf0       0x14 ./../../../../BitCloud/lib/libBc_All_At91sam7x512_Rf231_Gcc.a(nwk.o)
 .text.nwkLinkStatusIsIdle
                0x00105d04       0x14 ./../../../../BitCloud/lib/libBc_All_At91sam7x512_Rf231_Gcc.a(nwk.o)
 .text.nwkLoopbackIsIdle
                0x00105d18       0x14 ./../../../../BitCloud/lib/libBc_All_At91sam7x512_Rf231_Gcc.a(nwk.o)
 .text.nwkGetOutgoingCost
                0x00105d2c       0x2c ./../../../../BitCloud/lib/libBc_All_At91sam7x512_Rf231_Gcc.a(nwk.o)
 .text.nwkClearNeighborTable
                0x00105d58       0x78 ./../../../../BitCloud/lib/libBc_All_At91sam7x512_Rf231_Gcc.a(nwk.o)
 .text.nwkUpdateCapacityBits
                0x00105dd0       0x84 ./../../../../BitCloud/lib/libBc_All_At91sam7x512_Rf231_Gcc.a(nwk.o)
 .text.nwkUpdateCapacityBitsInBeacon
                0x00105e54       0x48 ./../../../../BitCloud/lib/libBc_All_At91sam7x512_Rf231_Gcc.a(nwk.o)
 .text.nwkUpdateBeaconPayload
                0x00105e9c       0x98 ./../../../../BitCloud/lib/libBc_All_At91sam7x512_Rf231_Gcc.a(nwk.o)
 .text.nwkFreeNeighbor
                0x00105f34       0x34 ./../../../../BitCloud/lib/libBc_All_At91sam7x512_Rf231_Gcc.a(nwk.o)
 .text.nwkCostFromLqi
                0x00105f68       0x34 ./../../../../BitCloud/lib/libBc_All_At91sam7x512_Rf231_Gcc.a(nwk.o)
 .text.nwkInitLqiAndCostOfNeighbor
                0x00105f9c       0x40 ./../../../../BitCloud/lib/libBc_All_At91sam7x512_Rf231_Gcc.a(nwk.o)
 .text.nwkUpdateLqiAndCostOfNeighbor
                0x00105fdc       0x50 ./../../../../BitCloud/lib/libBc_All_At91sam7x512_Rf231_Gcc.a(nwk.o)
 .text.nwkFindPassiveAck
                0x0010602c       0x44 ./../../../../BitCloud/lib/libBc_All_At91sam7x512_Rf231_Gcc.a(nwk.o)
 .text.nwkNewPassiveAck
                0x00106070       0xb8 ./../../../../BitCloud/lib/libBc_All_At91sam7x512_Rf231_Gcc.a(nwk.o)
 .text.nwkFreePassiveAck
                0x00106128       0x38 ./../../../../BitCloud/lib/libBc_All_At91sam7x512_Rf231_Gcc.a(nwk.o)
 .text.nwkPermitJoiningIsIdle
                0x00106160       0x20 ./../../../../BitCloud/lib/libBc_All_At91sam7x512_Rf231_Gcc.a(nwk.o)
 .text.nwkResetIsIdle
                0x00106180       0x10 ./../../../../BitCloud/lib/libBc_All_At91sam7x512_Rf231_Gcc.a(nwk.o)
 .text.nwkRouteDiscoveryIsIdle
                0x00106190       0x14 ./../../../../BitCloud/lib/libBc_All_At91sam7x512_Rf231_Gcc.a(nwk.o)
 .text.nwkFindRouteDiscoveryEntry
                0x001061a4       0x38 ./../../../../BitCloud/lib/libBc_All_At91sam7x512_Rf231_Gcc.a(nwk.o)
 .text.nwkFreeRouteDiscoveryEntry
                0x001061dc       0x30 ./../../../../BitCloud/lib/libBc_All_At91sam7x512_Rf231_Gcc.a(nwk.o)
 .text.nwkConfirmRouteRequestTx
                0x0010620c       0x42 ./../../../../BitCloud/lib/libBc_All_At91sam7x512_Rf231_Gcc.a(nwk.o)
 *fill*         0x0010624e        0x2 
 .text.nwkRouteDiscoveryTableIsIdle
                0x00106250       0x14 ./../../../../BitCloud/lib/libBc_All_At91sam7x512_Rf231_Gcc.a(nwk.o)
 .text.nwkDeleteNextHop
                0x00106264       0x38 ./../../../../BitCloud/lib/libBc_All_At91sam7x512_Rf231_Gcc.a(nwk.o)
 .text.nwkFindRoutingEntry
                0x0010629c       0x3c ./../../../../BitCloud/lib/libBc_All_At91sam7x512_Rf231_Gcc.a(nwk.o)
 .text.nwkFreeRoutingEntry
                0x001062d8       0x18 ./../../../../BitCloud/lib/libBc_All_At91sam7x512_Rf231_Gcc.a(nwk.o)
 .text.nwkUpdateNextHop
                0x001062f0       0x94 ./../../../../BitCloud/lib/libBc_All_At91sam7x512_Rf231_Gcc.a(nwk.o)
 .text.nwkStartRouterIsIdle
                0x00106384       0x14 ./../../../../BitCloud/lib/libBc_All_At91sam7x512_Rf231_Gcc.a(nwk.o)
 .text.nwkSendRouteErrorConf
                0x00106398       0x10 ./../../../../BitCloud/lib/libBc_All_At91sam7x512_Rf231_Gcc.a(nwk.o)
 .text.nwkSyncIsIdle
                0x001063a8       0x14 ./../../../../BitCloud/lib/libBc_All_At91sam7x512_Rf231_Gcc.a(nwk.o)
 .text.nwkTxDelayIsIdle
                0x001063bc       0x10 ./../../../../BitCloud/lib/libBc_All_At91sam7x512_Rf231_Gcc.a(nwk.o)
 .text.nwkReloadNibFromConfigServer
                0x001063cc       0x64 ./../../../../BitCloud/lib/libBc_All_At91sam7x512_Rf231_Gcc.a(nwk.o)
 .text.nwkSetLifeTimeOfNeighbor
                0x00106430       0x78 ./../../../../BitCloud/lib/libBc_All_At91sam7x512_Rf231_Gcc.a(nwk.o)
 .text.nwkLinkStatusInd
                0x001064a8      0x21c ./../../../../BitCloud/lib/libBc_All_At91sam7x512_Rf231_Gcc.a(nwk.o)
 .text.nwkAllocPacket
                0x001066c4       0xa0 ./../../../../BitCloud/lib/libBc_All_At91sam7x512_Rf231_Gcc.a(nwk.o)
 .text.nwkAllocInputPacket
                0x00106764       0x26 ./../../../../BitCloud/lib/libBc_All_At91sam7x512_Rf231_Gcc.a(nwk.o)
 .text.SYS_GetRandomNumber
                0x0010678a       0x20 ./../../../../BitCloud/lib/libBc_All_At91sam7x512_Rf231_Gcc.a(nwk.o)
 *fill*         0x001067aa        0x2 
 .text.nwkFindDeviceToJoin
                0x001067ac       0xec ./../../../../BitCloud/lib/libBc_All_At91sam7x512_Rf231_Gcc.a(nwk.o)
 .text.nwkStartLinkStatusTimer
                0x00106898       0x20 ./../../../../BitCloud/lib/libBc_All_At91sam7x512_Rf231_Gcc.a(nwk.o)
 .text.nwkConfirmLinkStatusTx
                0x001068b8       0x20 ./../../../../BitCloud/lib/libBc_All_At91sam7x512_Rf231_Gcc.a(nwk.o)
 .text.nwkStartAgeTimerOfNeighborTable
                0x001068d8       0x34 ./../../../../BitCloud/lib/libBc_All_At91sam7x512_Rf231_Gcc.a(nwk.o)
 .text.freeJoinIndObj
                0x0010690c       0x10 ./../../../../BitCloud/lib/libBc_All_At91sam7x512_Rf231_Gcc.a(nwk.o)
 .text.nwkJoinIndTaskHandler
                0x0010691c       0xbc ./../../../../BitCloud/lib/libBc_All_At91sam7x512_Rf231_Gcc.a(nwk.o)
 .text.nwkPrepareCommonFrame
                0x001069d8       0x54 ./../../../../BitCloud/lib/libBc_All_At91sam7x512_Rf231_Gcc.a(nwk.o)
 .text.nwkAllocRouteDiscoveryEntry
                0x00106a2c       0x84 ./../../../../BitCloud/lib/libBc_All_At91sam7x512_Rf231_Gcc.a(nwk.o)
 .text.nwkPrepareLeaveChildTx
                0x00106ab0       0xd0 ./../../../../BitCloud/lib/libBc_All_At91sam7x512_Rf231_Gcc.a(nwk.o)
 .text.nwkPrepareLeaveItselfTx
                0x00106b80       0xa0 ./../../../../BitCloud/lib/libBc_All_At91sam7x512_Rf231_Gcc.a(nwk.o)
 .text.nwkPrepareJoinRespTx
                0x00106c20       0xf4 ./../../../../BitCloud/lib/libBc_All_At91sam7x512_Rf231_Gcc.a(nwk.o)
 .text.nwkPrepareJoinReqTx
                0x00106d14       0x8c ./../../../../BitCloud/lib/libBc_All_At91sam7x512_Rf231_Gcc.a(nwk.o)
 .text.nwkPrepareLinkStatusTx
                0x00106da0      0x164 ./../../../../BitCloud/lib/libBc_All_At91sam7x512_Rf231_Gcc.a(nwk.o)
 .text.nwkPermitJoinTimerFired
                0x00106f04       0x3c ./../../../../BitCloud/lib/libBc_All_At91sam7x512_Rf231_Gcc.a(nwk.o)
 .text.nwkResetRouteDiscoveryTable
                0x00106f40       0x78 ./../../../../BitCloud/lib/libBc_All_At91sam7x512_Rf231_Gcc.a(nwk.o)
 .text.nwkPostTask
                0x00106fb8       0x34 ./../../../../BitCloud/lib/libBc_All_At91sam7x512_Rf231_Gcc.a(nwk.o)
 .text.nwkEDScanMacEDScanConf
                0x00106fec       0x3c ./../../../../BitCloud/lib/libBc_All_At91sam7x512_Rf231_Gcc.a(nwk.o)
 .text.nwkFormationMacRxEnableConf
                0x00107028       0x28 ./../../../../BitCloud/lib/libBc_All_At91sam7x512_Rf231_Gcc.a(nwk.o)
 .text.nwkDiscoveryMacActiveScanConf
                0x00107050       0x2c ./../../../../BitCloud/lib/libBc_All_At91sam7x512_Rf231_Gcc.a(nwk.o)
 .text.nwkPermitJoiningMacSetConf
                0x0010707c       0x3c ./../../../../BitCloud/lib/libBc_All_At91sam7x512_Rf231_Gcc.a(nwk.o)
 .text.nwkStartRouterMacStartConf
                0x001070b8       0x28 ./../../../../BitCloud/lib/libBc_All_At91sam7x512_Rf231_Gcc.a(nwk.o)
 .text.NWK_JoinConf
                0x001070e0       0x38 ./../../../../BitCloud/lib/libBc_All_At91sam7x512_Rf231_Gcc.a(nwk.o)
 .text.nwkStatusConf
                0x00107118       0x1c ./../../../../BitCloud/lib/libBc_All_At91sam7x512_Rf231_Gcc.a(nwk.o)
 .text.nwkRouteDiscoveryTaskHandler
                0x00107134       0xe0 ./../../../../BitCloud/lib/libBc_All_At91sam7x512_Rf231_Gcc.a(nwk.o)
 .text.nwkFormationMacActiveScanConf
                0x00107214      0x1d0 ./../../../../BitCloud/lib/libBc_All_At91sam7x512_Rf231_Gcc.a(nwk.o)
 .text.nwkFormationMacStartConf
                0x001073e4       0x4c ./../../../../BitCloud/lib/libBc_All_At91sam7x512_Rf231_Gcc.a(nwk.o)
 .text.nwkFormationTaskHandler
                0x00107430      0x144 ./../../../../BitCloud/lib/libBc_All_At91sam7x512_Rf231_Gcc.a(nwk.o)
 .text.nwkFormationMacEDScanConf
                0x00107574       0xa4 ./../../../../BitCloud/lib/libBc_All_At91sam7x512_Rf231_Gcc.a(nwk.o)
 .text.nwkFormationMacSetConf
                0x00107618      0x100 ./../../../../BitCloud/lib/libBc_All_At91sam7x512_Rf231_Gcc.a(nwk.o)
 .text.nwkLoopbackTaskHandler
                0x00107718       0xdc ./../../../../BitCloud/lib/libBc_All_At91sam7x512_Rf231_Gcc.a(nwk.o)
 .text.nwkBroadcastForMe
                0x001077f4       0x54 ./../../../../BitCloud/lib/libBc_All_At91sam7x512_Rf231_Gcc.a(nwk.o)
 .text.nwkIsJoiningForbidden
                0x00107848       0x6c ./../../../../BitCloud/lib/libBc_All_At91sam7x512_Rf231_Gcc.a(nwk.o)
 .text.nwkIsPassiveAckDone.isra.4
                0x001078b4       0x40 ./../../../../BitCloud/lib/libBc_All_At91sam7x512_Rf231_Gcc.a(nwk.o)
 .text.nwkTxDelayReq
                0x001078f4      0x1d0 ./../../../../BitCloud/lib/libBc_All_At91sam7x512_Rf231_Gcc.a(nwk.o)
 .text.nwkEDScanTaskHandler
                0x00107ac4       0xa8 ./../../../../BitCloud/lib/libBc_All_At91sam7x512_Rf231_Gcc.a(nwk.o)
 .text.nwkDiscoveryTaskHandler
                0x00107b6c       0xb4 ./../../../../BitCloud/lib/libBc_All_At91sam7x512_Rf231_Gcc.a(nwk.o)
 .text.nwkDataConf
                0x00107c20       0x38 ./../../../../BitCloud/lib/libBc_All_At91sam7x512_Rf231_Gcc.a(nwk.o)
 .text.nwkConfirmDataTx
                0x00107c58       0x22 ./../../../../BitCloud/lib/libBc_All_At91sam7x512_Rf231_Gcc.a(nwk.o)
 *fill*         0x00107c7a        0x2 
 .text.nwkRouteDiscoveryTableTimerFired
                0x00107c7c       0x58 ./../../../../BitCloud/lib/libBc_All_At91sam7x512_Rf231_Gcc.a(nwk.o)
 .text.nwkPermitJoiningTaskHandler
                0x00107cd4       0xc8 ./../../../../BitCloud/lib/libBc_All_At91sam7x512_Rf231_Gcc.a(nwk.o)
 .text.nwkResetNeighborTable
                0x00107d9c       0x78 ./../../../../BitCloud/lib/libBc_All_At91sam7x512_Rf231_Gcc.a(nwk.o)
 .text.nwkStartRouterTaskHandler
                0x00107e14       0xe4 ./../../../../BitCloud/lib/libBc_All_At91sam7x512_Rf231_Gcc.a(nwk.o)
 .text.nwkConfirmLeaveItselfTx
                0x00107ef8       0x48 ./../../../../BitCloud/lib/libBc_All_At91sam7x512_Rf231_Gcc.a(nwk.o)
 .text.nwkResetTaskHandler
                0x00107f40       0x5c ./../../../../BitCloud/lib/libBc_All_At91sam7x512_Rf231_Gcc.a(nwk.o)
 .text.nwkSyncTaskHandler
                0x00107f9c       0xc0 ./../../../../BitCloud/lib/libBc_All_At91sam7x512_Rf231_Gcc.a(nwk.o)
 .text.nwkSyncMacPollConf
                0x0010805c       0x6c ./../../../../BitCloud/lib/libBc_All_At91sam7x512_Rf231_Gcc.a(nwk.o)
 .text.nwkAssociate
                0x001080c8       0xa0 ./../../../../BitCloud/lib/libBc_All_At91sam7x512_Rf231_Gcc.a(nwk.o)
 .text.MAC_AssociateConf
                0x00108168       0xe0 ./../../../../BitCloud/lib/libBc_All_At91sam7x512_Rf231_Gcc.a(nwk.o)
 .text.nwkGetSuitableParent
                0x00108248       0x78 ./../../../../BitCloud/lib/libBc_All_At91sam7x512_Rf231_Gcc.a(nwk.o)
 .text.nwkJoinReqMacSetConf
                0x001082c0      0x1b0 ./../../../../BitCloud/lib/libBc_All_At91sam7x512_Rf231_Gcc.a(nwk.o)
 .text.macLatencyFired
                0x00108470        0xc ./../../../../BitCloud/lib/libBc_All_At91sam7x512_Rf231_Gcc.a(nwk.o)
 .text.nwkConfirmJoinReqTx
                0x0010847c       0x58 ./../../../../BitCloud/lib/libBc_All_At91sam7x512_Rf231_Gcc.a(nwk.o)
 .text.responseWaitTimerFired
                0x001084d4       0x60 ./../../../../BitCloud/lib/libBc_All_At91sam7x512_Rf231_Gcc.a(nwk.o)
 .text.nwkJoinReqMacPollConf
                0x00108534       0x5c ./../../../../BitCloud/lib/libBc_All_At91sam7x512_Rf231_Gcc.a(nwk.o)
 .text.nwkRejoinResponseFrameInd
                0x00108590      0x184 ./../../../../BitCloud/lib/libBc_All_At91sam7x512_Rf231_Gcc.a(nwk.o)
 .text.nwkAllocOutputPacket.constprop.55
                0x00108714       0x38 ./../../../../BitCloud/lib/libBc_All_At91sam7x512_Rf231_Gcc.a(nwk.o)
 .text.nwkTryToProcessCommandReq
                0x0010874c       0x38 ./../../../../BitCloud/lib/libBc_All_At91sam7x512_Rf231_Gcc.a(nwk.o)
 .text.nwkCommandReq
                0x00108784       0x20 ./../../../../BitCloud/lib/libBc_All_At91sam7x512_Rf231_Gcc.a(nwk.o)
 .text.nwkConfirmNetworkStatusTx
                0x001087a4       0x60 ./../../../../BitCloud/lib/libBc_All_At91sam7x512_Rf231_Gcc.a(nwk.o)
 .text.nwkLinkStatusTimerFired
                0x00108804       0x28 ./../../../../BitCloud/lib/libBc_All_At91sam7x512_Rf231_Gcc.a(nwk.o)
 .text.nwkRejoinCmdPrepareAndSend
                0x0010882c       0x40 ./../../../../BitCloud/lib/libBc_All_At91sam7x512_Rf231_Gcc.a(nwk.o)
 .text.nwkJoinReqMacRxEnableConf
                0x0010886c       0x84 ./../../../../BitCloud/lib/libBc_All_At91sam7x512_Rf231_Gcc.a(nwk.o)
 .text.nwkJoinReqMacGetConf
                0x001088f0       0x3c ./../../../../BitCloud/lib/libBc_All_At91sam7x512_Rf231_Gcc.a(nwk.o)
 .text.nwkSendAddressConflictNwkStatus.constprop.53
                0x0010892c       0x78 ./../../../../BitCloud/lib/libBc_All_At91sam7x512_Rf231_Gcc.a(nwk.o)
 .text.nwkAddressConflictMacSetConf
                0x001089a4       0x4c ./../../../../BitCloud/lib/libBc_All_At91sam7x512_Rf231_Gcc.a(nwk.o)
 .text.nwkRemoveAllChildren.constprop.54
                0x001089f0       0xb0 ./../../../../BitCloud/lib/libBc_All_At91sam7x512_Rf231_Gcc.a(nwk.o)
 .text.nwkFreePacket
                0x00108aa0       0x5c ./../../../../BitCloud/lib/libBc_All_At91sam7x512_Rf231_Gcc.a(nwk.o)
 .text.nwkSendRouteErrorStatus.constprop.56
                0x00108afc       0x78 ./../../../../BitCloud/lib/libBc_All_At91sam7x512_Rf231_Gcc.a(nwk.o)
 .text.nwkTxConf
                0x00108b74      0x184 ./../../../../BitCloud/lib/libBc_All_At91sam7x512_Rf231_Gcc.a(nwk.o)
 .text.nwkProcessDelayStatus
                0x00108cf8       0xac ./../../../../BitCloud/lib/libBc_All_At91sam7x512_Rf231_Gcc.a(nwk.o)
 .text.MAC_DataConf
                0x00108da4       0x20 ./../../../../BitCloud/lib/libBc_All_At91sam7x512_Rf231_Gcc.a(nwk.o)
 .text.nwkLeaveReqMacResetConf
                0x00108dc4       0xe0 ./../../../../BitCloud/lib/libBc_All_At91sam7x512_Rf231_Gcc.a(nwk.o)
 .text.nwkTransmitOutputPacket.isra.25
                0x00108ea4       0x40 ./../../../../BitCloud/lib/libBc_All_At91sam7x512_Rf231_Gcc.a(nwk.o)
 .text.nwkSendDiscoveryCommand
                0x00108ee4       0x64 ./../../../../BitCloud/lib/libBc_All_At91sam7x512_Rf231_Gcc.a(nwk.o)
 .text.nwkRouteDiscoveryTableTaskHandler
                0x00108f48       0xa4 ./../../../../BitCloud/lib/libBc_All_At91sam7x512_Rf231_Gcc.a(nwk.o)
 .text.nwkTxDelayTimerFired
                0x00108fec       0x60 ./../../../../BitCloud/lib/libBc_All_At91sam7x512_Rf231_Gcc.a(nwk.o)
 .text.nwkMeshRouteDiscoveryConf
                0x0010904c       0x4e ./../../../../BitCloud/lib/libBc_All_At91sam7x512_Rf231_Gcc.a(nwk.o)
 *fill*         0x0010909a        0x2 
 .text.NWK_GetShortAddr
                0x0010909c        0xc ./../../../../BitCloud/lib/libBc_All_At91sam7x512_Rf231_Gcc.a(nwk.o)
                0x0010909c                NWK_GetShortAddr
 .text.NWK_IsStaticAddressingMode
                0x001090a8        0xc ./../../../../BitCloud/lib/libBc_All_At91sam7x512_Rf231_Gcc.a(nwk.o)
                0x001090a8                NWK_IsStaticAddressingMode
 .text.NWK_RemoveFromAddressMap
                0x001090b4       0x18 ./../../../../BitCloud/lib/libBc_All_At91sam7x512_Rf231_Gcc.a(nwk.o)
                0x001090b4                NWK_RemoveFromAddressMap
 .text.NWK_NetworkDiscoveryReq
                0x001090cc       0x28 ./../../../../BitCloud/lib/libBc_All_At91sam7x512_Rf231_Gcc.a(nwk.o)
                0x001090cc                NWK_NetworkDiscoveryReq
 .text.MAC_BeaconNotifyInd
                0x001090f4      0x3f8 ./../../../../BitCloud/lib/libBc_All_At91sam7x512_Rf231_Gcc.a(nwk.o)
                0x001090f4                MAC_BeaconNotifyInd
 .text.NWK_EDScanReq
                0x001094ec       0x28 ./../../../../BitCloud/lib/libBc_All_At91sam7x512_Rf231_Gcc.a(nwk.o)
                0x001094ec                NWK_EDScanReq
 .text.NWK_NetworkFormationReq
                0x00109514       0x30 ./../../../../BitCloud/lib/libBc_All_At91sam7x512_Rf231_Gcc.a(nwk.o)
                0x00109514                NWK_NetworkFormationReq
 .text.NWK_IsGroupMember
                0x00109544       0x3c ./../../../../BitCloud/lib/libBc_All_At91sam7x512_Rf231_Gcc.a(nwk.o)
                0x00109544                NWK_IsGroupMember
 .text.nwkRetransmitInputPacket
                0x00109580       0xf0 ./../../../../BitCloud/lib/libBc_All_At91sam7x512_Rf231_Gcc.a(nwk.o)
 .text.NWK_DataResp
                0x00109670       0x20 ./../../../../BitCloud/lib/libBc_All_At91sam7x512_Rf231_Gcc.a(nwk.o)
                0x00109670                NWK_DataResp
 .text.unlikely.nwkRxIndication
                0x00109690      0x20c ./../../../../BitCloud/lib/libBc_All_At91sam7x512_Rf231_Gcc.a(nwk.o)
 .text.unlikely.nwkRxRetransmit
                0x0010989c       0xc8 ./../../../../BitCloud/lib/libBc_All_At91sam7x512_Rf231_Gcc.a(nwk.o)
 .text.NWK_ResetGroups
                0x00109964       0x3c ./../../../../BitCloud/lib/libBc_All_At91sam7x512_Rf231_Gcc.a(nwk.o)
                0x00109964                NWK_ResetGroups
 .text.nwkResetMacResetConf
                0x001099a0      0x3a0 ./../../../../BitCloud/lib/libBc_All_At91sam7x512_Rf231_Gcc.a(nwk.o)
 .text.NWK_GetParentShortAddr
                0x00109d40        0xc ./../../../../BitCloud/lib/libBc_All_At91sam7x512_Rf231_Gcc.a(nwk.o)
                0x00109d40                NWK_GetParentShortAddr
 .text.NWK_GetPanId
                0x00109d4c        0xc ./../../../../BitCloud/lib/libBc_All_At91sam7x512_Rf231_Gcc.a(nwk.o)
                0x00109d4c                NWK_GetPanId
 .text.NWK_GetExtPanId
                0x00109d58        0xc ./../../../../BitCloud/lib/libBc_All_At91sam7x512_Rf231_Gcc.a(nwk.o)
                0x00109d58                NWK_GetExtPanId
 .text.NWK_GetDeviceType
                0x00109d64        0xc ./../../../../BitCloud/lib/libBc_All_At91sam7x512_Rf231_Gcc.a(nwk.o)
                0x00109d64                NWK_GetDeviceType
 .text.NWK_GetLogicalChannel
                0x00109d70        0xc ./../../../../BitCloud/lib/libBc_All_At91sam7x512_Rf231_Gcc.a(nwk.o)
                0x00109d70                NWK_GetLogicalChannel
 .text.NWK_SetLogicalChannel
                0x00109d7c        0xc ./../../../../BitCloud/lib/libBc_All_At91sam7x512_Rf231_Gcc.a(nwk.o)
                0x00109d7c                NWK_SetLogicalChannel
 .text.NWK_GetBroadcastDeliveryTime
                0x00109d88        0xc ./../../../../BitCloud/lib/libBc_All_At91sam7x512_Rf231_Gcc.a(nwk.o)
                0x00109d88                NWK_GetBroadcastDeliveryTime
 .text.NWK_GetManagerAddr
                0x00109d94        0xc ./../../../../BitCloud/lib/libBc_All_At91sam7x512_Rf231_Gcc.a(nwk.o)
                0x00109d94                NWK_GetManagerAddr
 .text.NWK_SetManagerAddr
                0x00109da0        0xc ./../../../../BitCloud/lib/libBc_All_At91sam7x512_Rf231_Gcc.a(nwk.o)
                0x00109da0                NWK_SetManagerAddr
 .text.NWK_SetUpdateId
                0x00109dac       0x14 ./../../../../BitCloud/lib/libBc_All_At91sam7x512_Rf231_Gcc.a(nwk.o)
                0x00109dac                NWK_SetUpdateId
 .text.NWK_GetTransmitCouner
                0x00109dc0        0xc ./../../../../BitCloud/lib/libBc_All_At91sam7x512_Rf231_Gcc.a(nwk.o)
                0x00109dc0                NWK_GetTransmitCouner
 .text.NWK_GetTransmitFailureCounter
                0x00109dcc        0xc ./../../../../BitCloud/lib/libBc_All_At91sam7x512_Rf231_Gcc.a(nwk.o)
                0x00109dcc                NWK_GetTransmitFailureCounter
 .text.NWK_ResetTransmitCounters
                0x00109dd8       0x10 ./../../../../BitCloud/lib/libBc_All_At91sam7x512_Rf231_Gcc.a(nwk.o)
                0x00109dd8                NWK_ResetTransmitCounters
 .text.NWK_JoinReq
                0x00109de8       0x30 ./../../../../BitCloud/lib/libBc_All_At91sam7x512_Rf231_Gcc.a(nwk.o)
                0x00109de8                NWK_JoinReq
 .text.NWK_RemoveNeighbor
                0x00109e18       0x50 ./../../../../BitCloud/lib/libBc_All_At91sam7x512_Rf231_Gcc.a(nwk.o)
                0x00109e18                NWK_RemoveNeighbor
 .text.neighborTimerFired
                0x00109e68       0x58 ./../../../../BitCloud/lib/libBc_All_At91sam7x512_Rf231_Gcc.a(nwk.o)
 .text.NWK_LeaveReq
                0x00109ec0       0x28 ./../../../../BitCloud/lib/libBc_All_At91sam7x512_Rf231_Gcc.a(nwk.o)
                0x00109ec0                NWK_LeaveReq
 .text.NWK_LoopbackTxReq
                0x00109ee8       0x30 ./../../../../BitCloud/lib/libBc_All_At91sam7x512_Rf231_Gcc.a(nwk.o)
                0x00109ee8                NWK_LoopbackTxReq
 .text.nwkDataConfTaskHandler
                0x00109f18       0x58 ./../../../../BitCloud/lib/libBc_All_At91sam7x512_Rf231_Gcc.a(nwk.o)
 .text.NWK_DataReq
                0x00109f70      0x1dc ./../../../../BitCloud/lib/libBc_All_At91sam7x512_Rf231_Gcc.a(nwk.o)
                0x00109f70                NWK_DataReq
 .text.NWK_FindNeighborByShortAddr
                0x0010a14c       0x2c ./../../../../BitCloud/lib/libBc_All_At91sam7x512_Rf231_Gcc.a(nwk.o)
                0x0010a14c                NWK_FindNeighborByShortAddr
 .text.nwkAllocNonConflAddr
                0x0010a178       0xb0 ./../../../../BitCloud/lib/libBc_All_At91sam7x512_Rf231_Gcc.a(nwk.o)
 .text.NWK_NetworkDiscoveryConf
                0x0010a228       0xa4 ./../../../../BitCloud/lib/libBc_All_At91sam7x512_Rf231_Gcc.a(nwk.o)
 .text.nwkJoinReqTaskHandler
                0x0010a2cc      0x164 ./../../../../BitCloud/lib/libBc_All_At91sam7x512_Rf231_Gcc.a(nwk.o)
 .text.nwkAllocateShortAddr.isra.45
                0x0010a430       0x40 ./../../../../BitCloud/lib/libBc_All_At91sam7x512_Rf231_Gcc.a(nwk.o)
 .text.nwkResolveAddressConflict
                0x0010a470      0x17c ./../../../../BitCloud/lib/libBc_All_At91sam7x512_Rf231_Gcc.a(nwk.o)
 .text.nwkAddressConflictTaskHandler
                0x0010a5ec       0x94 ./../../../../BitCloud/lib/libBc_All_At91sam7x512_Rf231_Gcc.a(nwk.o)
 .text.nwkStatusFrameInd
                0x0010a680       0x50 ./../../../../BitCloud/lib/libBc_All_At91sam7x512_Rf231_Gcc.a(nwk.o)
 .text.nwkAddChild
                0x0010a6d0      0x25c ./../../../../BitCloud/lib/libBc_All_At91sam7x512_Rf231_Gcc.a(nwk.o)
 .text.nwkRejoinRequestFrameInd
                0x0010a92c      0x114 ./../../../../BitCloud/lib/libBc_All_At91sam7x512_Rf231_Gcc.a(nwk.o)
 .text.MAC_AssociateInd
                0x0010aa40       0x98 ./../../../../BitCloud/lib/libBc_All_At91sam7x512_Rf231_Gcc.a(nwk.o)
                0x0010aa40                MAC_AssociateInd
 .text.nwkGetNextHop
                0x0010aad8      0x1c4 ./../../../../BitCloud/lib/libBc_All_At91sam7x512_Rf231_Gcc.a(nwk.o)
 .text.nwkProcessRouteRequest
                0x0010ac9c      0x1a4 ./../../../../BitCloud/lib/libBc_All_At91sam7x512_Rf231_Gcc.a(nwk.o)
 .text.NWK_GetExtByShortAddress
                0x0010ae40       0x3c ./../../../../BitCloud/lib/libBc_All_At91sam7x512_Rf231_Gcc.a(nwk.o)
                0x0010ae40                NWK_GetExtByShortAddress
 .text.nwkPrepareRouteRequestTx
                0x0010ae7c      0x116 ./../../../../BitCloud/lib/libBc_All_At91sam7x512_Rf231_Gcc.a(nwk.o)
 *fill*         0x0010af92        0x2 
 .text.nwkPrepareNetworkStatusTx
                0x0010af94      0x120 ./../../../../BitCloud/lib/libBc_All_At91sam7x512_Rf231_Gcc.a(nwk.o)
 .text.nwkPrepareRouteReplyTx
                0x0010b0b4      0x220 ./../../../../BitCloud/lib/libBc_All_At91sam7x512_Rf231_Gcc.a(nwk.o)
 .text.NWK_FindNeighborByExtAddr
                0x0010b2d4       0x34 ./../../../../BitCloud/lib/libBc_All_At91sam7x512_Rf231_Gcc.a(nwk.o)
                0x0010b2d4                NWK_FindNeighborByExtAddr
 .text.nwkLeaveTaskHandler
                0x0010b308      0x108 ./../../../../BitCloud/lib/libBc_All_At91sam7x512_Rf231_Gcc.a(nwk.o)
 .text.nwkConfirmLeaveChildTx
                0x0010b410       0x60 ./../../../../BitCloud/lib/libBc_All_At91sam7x512_Rf231_Gcc.a(nwk.o)
 .text.nwkConfirmJoinRespTx
                0x0010b470       0x38 ./../../../../BitCloud/lib/libBc_All_At91sam7x512_Rf231_Gcc.a(nwk.o)
 .text.nwkConfirmAddrConflictJoinRespTx
                0x0010b4a8       0x24 ./../../../../BitCloud/lib/libBc_All_At91sam7x512_Rf231_Gcc.a(nwk.o)
 .text.nwkLeaveFrameInd
                0x0010b4cc       0xe0 ./../../../../BitCloud/lib/libBc_All_At91sam7x512_Rf231_Gcc.a(nwk.o)
 .text.nwkJoinIndMacCommStatusInd
                0x0010b5ac       0x44 ./../../../../BitCloud/lib/libBc_All_At91sam7x512_Rf231_Gcc.a(nwk.o)
 .text.NWK_GetShortByExtAddress
                0x0010b5f0       0x40 ./../../../../BitCloud/lib/libBc_All_At91sam7x512_Rf231_Gcc.a(nwk.o)
                0x0010b5f0                NWK_GetShortByExtAddress
 .text.NWK_LinkShortAndExtAddress
                0x0010b630       0x78 ./../../../../BitCloud/lib/libBc_All_At91sam7x512_Rf231_Gcc.a(nwk.o)
                0x0010b630                NWK_LinkShortAndExtAddress
 .text.nwkRouteReplyFrameInd
                0x0010b6a8      0x1b4 ./../../../../BitCloud/lib/libBc_All_At91sam7x512_Rf231_Gcc.a(nwk.o)
 .text.nwkRouteRequestFrameInd
                0x0010b85c       0xd8 ./../../../../BitCloud/lib/libBc_All_At91sam7x512_Rf231_Gcc.a(nwk.o)
 .text.NWK_GetNeighborTable
                0x0010b934        0x8 ./../../../../BitCloud/lib/libBc_All_At91sam7x512_Rf231_Gcc.a(nwk.o)
                0x0010b934                NWK_GetNeighborTable
 .text.NWK_GetNeighborsLqi
                0x0010b93c       0x1c ./../../../../BitCloud/lib/libBc_All_At91sam7x512_Rf231_Gcc.a(nwk.o)
                0x0010b93c                NWK_GetNeighborsLqi
 .text.NWK_GetNeighborsRssi
                0x0010b958       0x20 ./../../../../BitCloud/lib/libBc_All_At91sam7x512_Rf231_Gcc.a(nwk.o)
                0x0010b958                NWK_GetNeighborsRssi
 .text.NWK_IsKnownChild
                0x0010b978       0x22 ./../../../../BitCloud/lib/libBc_All_At91sam7x512_Rf231_Gcc.a(nwk.o)
                0x0010b978                NWK_IsKnownChild
 .text.MAC_OrphanInd
                0x0010b99a        0x2 ./../../../../BitCloud/lib/libBc_All_At91sam7x512_Rf231_Gcc.a(nwk.o)
                0x0010b99a                MAC_OrphanInd
 .text.NWK_PermitJoiningReq
                0x0010b99c       0x44 ./../../../../BitCloud/lib/libBc_All_At91sam7x512_Rf231_Gcc.a(nwk.o)
                0x0010b99c                NWK_PermitJoiningReq
 .text.NWK_ResetReq
                0x0010b9e0       0x28 ./../../../../BitCloud/lib/libBc_All_At91sam7x512_Rf231_Gcc.a(nwk.o)
                0x0010b9e0                NWK_ResetReq
 .text.NWK_Init
                0x0010ba08       0x2c ./../../../../BitCloud/lib/libBc_All_At91sam7x512_Rf231_Gcc.a(nwk.o)
                0x0010ba08                NWK_Init
 .text.NWK_GatherPowerFailureInfo
                0x0010ba34        0x4 ./../../../../BitCloud/lib/libBc_All_At91sam7x512_Rf231_Gcc.a(nwk.o)
                0x0010ba34                NWK_GatherPowerFailureInfo
 .text.NWK_RouteDiscoveryReq
                0x0010ba38       0x38 ./../../../../BitCloud/lib/libBc_All_At91sam7x512_Rf231_Gcc.a(nwk.o)
                0x0010ba38                NWK_RouteDiscoveryReq
 .text.nwkTxTaskHandler
                0x0010ba70      0x164 ./../../../../BitCloud/lib/libBc_All_At91sam7x512_Rf231_Gcc.a(nwk.o)
 .text.MAC_DataInd
                0x0010bbd4      0x464 ./../../../../BitCloud/lib/libBc_All_At91sam7x512_Rf231_Gcc.a(nwk.o)
                0x0010bbd4                MAC_DataInd
 .text.NWK_StartRouterReq
                0x0010c038       0x30 ./../../../../BitCloud/lib/libBc_All_At91sam7x512_Rf231_Gcc.a(nwk.o)
                0x0010c038                NWK_StartRouterReq
 .text.NWK_IsActiveTransaction
                0x0010c068       0x4c ./../../../../BitCloud/lib/libBc_All_At91sam7x512_Rf231_Gcc.a(nwk.o)
                0x0010c068                NWK_IsActiveTransaction
 .text.NWK_LaunchActivities
                0x0010c0b4       0x20 ./../../../../BitCloud/lib/libBc_All_At91sam7x512_Rf231_Gcc.a(nwk.o)
                0x0010c0b4                NWK_LaunchActivities
 .text.NWK_StopActivities
                0x0010c0d4       0x38 ./../../../../BitCloud/lib/libBc_All_At91sam7x512_Rf231_Gcc.a(nwk.o)
                0x0010c0d4                NWK_StopActivities
 .text.NWK_DeviceIsAbleToOperateInNetwork
                0x0010c10c       0x14 ./../../../../BitCloud/lib/libBc_All_At91sam7x512_Rf231_Gcc.a(nwk.o)
                0x0010c10c                NWK_DeviceIsAbleToOperateInNetwork
 .text.NWK_SyncReq
                0x0010c120       0x34 ./../../../../BitCloud/lib/libBc_All_At91sam7x512_Rf231_Gcc.a(nwk.o)
                0x0010c120                NWK_SyncReq
 .text.MAC_PollInd
                0x0010c154       0x36 ./../../../../BitCloud/lib/libBc_All_At91sam7x512_Rf231_Gcc.a(nwk.o)
                0x0010c154                MAC_PollInd
 .text.MAC_SyncLossInd
                0x0010c18a        0x2 ./../../../../BitCloud/lib/libBc_All_At91sam7x512_Rf231_Gcc.a(nwk.o)
                0x0010c18a                MAC_SyncLossInd
 .text.NWK_TaskHandler
                0x0010c18c       0x84 ./../../../../BitCloud/lib/libBc_All_At91sam7x512_Rf231_Gcc.a(nwk.o)
                0x0010c18c                NWK_TaskHandler
 .text.NWK_GetUnicastDeliveryTime
                0x0010c210       0x38 ./../../../../BitCloud/lib/libBc_All_At91sam7x512_Rf231_Gcc.a(nwk.o)
                0x0010c210                NWK_GetUnicastDeliveryTime
 .text.phyDispatcheRfInterrupt
                0x0010c248      0x280 ./../../../../BitCloud/lib/libBc_All_At91sam7x512_Rf231_Gcc.a(phyRfIrqDispatcher.o)
                0x0010c248                phyDispatcheRfInterrupt
 .text.phySetRTimerSource
                0x0010c4c8        0xc ./../../../../BitCloud/lib/libBc_All_At91sam7x512_Rf231_Gcc.a(phyRtimerIrqDispatcher.o)
                0x0010c4c8                phySetRTimerSource
 .text.phyDispatcheRTimerEvent
                0x0010c4d4       0xec ./../../../../BitCloud/lib/libBc_All_At91sam7x512_Rf231_Gcc.a(phyRtimerIrqDispatcher.o)
                0x0010c4d4                phyDispatcheRTimerEvent
 .text.deleteHeadQueueElem
                0x0010c5c0       0x12 ./../../../../BitCloud/lib/libBc_All_At91sam7x512_Rf231_Gcc.a(queue.o)
                0x0010c5c0                deleteHeadQueueElem
 .text.deleteQueueElem
                0x0010c5d2       0x32 ./../../../../BitCloud/lib/libBc_All_At91sam7x512_Rf231_Gcc.a(queue.o)
                0x0010c5d2                deleteQueueElem
 .text.isQueueElem
                0x0010c604       0x16 ./../../../../BitCloud/lib/libBc_All_At91sam7x512_Rf231_Gcc.a(queue.o)
                0x0010c604                isQueueElem
 .text.putQueueElem
                0x0010c61a       0x28 ./../../../../BitCloud/lib/libBc_All_At91sam7x512_Rf231_Gcc.a(queue.o)
                0x0010c61a                putQueueElem
 .text.SYS_DuplicateTableReset
                0x0010c642       0x4e ./../../../../BitCloud/lib/libBc_All_At91sam7x512_Rf231_Gcc.a(sysDuplicateTable.o)
                0x0010c642                SYS_DuplicateTableReset
 .text.duplicateTableUpdate
                0x0010c690       0x50 ./../../../../BitCloud/lib/libBc_All_At91sam7x512_Rf231_Gcc.a(sysDuplicateTable.o)
                0x0010c690                duplicateTableUpdate
 .text.SYS_DuplicateTableCheck
                0x0010c6e0       0xac ./../../../../BitCloud/lib/libBc_All_At91sam7x512_Rf231_Gcc.a(sysDuplicateTable.o)
                0x0010c6e0                SYS_DuplicateTableCheck
 .text.SYS_DuplicateTableClear
                0x0010c78c       0x46 ./../../../../BitCloud/lib/libBc_All_At91sam7x512_Rf231_Gcc.a(sysDuplicateTable.o)
                0x0010c78c                SYS_DuplicateTableClear
 *fill*         0x0010c7d2        0x2 
 .text.SYS_PostEvent
                0x0010c7d4       0x4c ./../../../../BitCloud/lib/libBc_All_At91sam7x512_Rf231_Gcc.a(sysEvents.o)
                0x0010c7d4                SYS_PostEvent
 .text.SYS_IsEventDeliverable
                0x0010c820       0x20 ./../../../../BitCloud/lib/libBc_All_At91sam7x512_Rf231_Gcc.a(sysEvents.o)
                0x0010c820                SYS_IsEventDeliverable
 .text.SYS_IsEventSubscriber
                0x0010c840       0x1a ./../../../../BitCloud/lib/libBc_All_At91sam7x512_Rf231_Gcc.a(sysEvents.o)
                0x0010c840                SYS_IsEventSubscriber
 *fill*         0x0010c85a        0x2 
 .text.SYS_SubscribeToEvent
                0x0010c85c       0x58 ./../../../../BitCloud/lib/libBc_All_At91sam7x512_Rf231_Gcc.a(sysEvents.o)
                0x0010c85c                SYS_SubscribeToEvent
 .text.SYS_StartTimer
                0x0010c8b4       0x18 ./../../../../BitCloud/lib/libBc_All_At91sam7x512_Rf231_Gcc.a(sysTimer.o)
                0x0010c8b4                SYS_StartTimer
 .text.SYS_StopTimer
                0x0010c8cc       0x18 ./../../../../BitCloud/lib/libBc_All_At91sam7x512_Rf231_Gcc.a(sysTimer.o)
                0x0010c8cc                SYS_StopTimer
 .text.SYS_InitTimer
                0x0010c8e4       0x1e ./../../../../BitCloud/lib/libBc_All_At91sam7x512_Rf231_Gcc.a(sysTimer.o)
                0x0010c8e4                SYS_InitTimer
 *fill*         0x0010c902        0x2 
 .text.SYS_RunTask
                0x0010c904       0x54 ./../../../../BitCloud/lib/libBc_All_At91sam7x512_Rf231_Gcc.a(taskManager.o)
                0x0010c904                SYS_RunTask
 .text.SYS_SysInit
                0x0010c958       0x2c ./../../../../BitCloud/lib/libBc_All_At91sam7x512_Rf231_Gcc.a(taskManager.o)
                0x0010c958                SYS_SysInit
 .text.APS_StopConf
                0x0010c984       0x24 ./../../../../BitCloud/lib/libBc_All_At91sam7x512_Rf231_Gcc.a(zdo.o)
 .text.zdoNodeManagerNwkLeaveConf
                0x0010c9a8       0x10 ./../../../../BitCloud/lib/libBc_All_At91sam7x512_Rf231_Gcc.a(zdo.o)
 .text.zdoStackResetConf
                0x0010c9b8       0x28 ./../../../../BitCloud/lib/libBc_All_At91sam7x512_Rf231_Gcc.a(zdo.o)
 .text.zdoSecurityManagerHandler
                0x0010c9e0        0x2 ./../../../../BitCloud/lib/libBc_All_At91sam7x512_Rf231_Gcc.a(zdo.o)
                0x0010c9e0                zdoSecurityManagerHandler
 *fill*         0x0010c9e2        0x2 
 .text.joinNetwork
                0x0010c9e4       0x4c ./../../../../BitCloud/lib/libBc_All_At91sam7x512_Rf231_Gcc.a(zdo.o)
 .text.zdoRejoinNetwork
                0x0010ca30       0x28 ./../../../../BitCloud/lib/libBc_All_At91sam7x512_Rf231_Gcc.a(zdo.o)
 .text.zdoIntraPanPortApsStopConf
                0x0010ca58       0x24 ./../../../../BitCloud/lib/libBc_All_At91sam7x512_Rf231_Gcc.a(zdo.o)
 .text.joinTimerFired
                0x0010ca7c        0xc ./../../../../BitCloud/lib/libBc_All_At91sam7x512_Rf231_Gcc.a(zdo.o)
 .text.zdoPostTask
                0x0010ca88       0x34 ./../../../../BitCloud/lib/libBc_All_At91sam7x512_Rf231_Gcc.a(zdo.o)
 .text.startConfirm
                0x0010cabc       0x38 ./../../../../BitCloud/lib/libBc_All_At91sam7x512_Rf231_Gcc.a(zdo.o)
 .text.sleepConfirm
                0x0010caf4       0x2c ./../../../../BitCloud/lib/libBc_All_At91sam7x512_Rf231_Gcc.a(zdo.o)
 .text.wakeUpConfirm
                0x0010cb20       0x2c ./../../../../BitCloud/lib/libBc_All_At91sam7x512_Rf231_Gcc.a(zdo.o)
 .text.zdoSetZdpIndState
                0x0010cb4c       0x20 ./../../../../BitCloud/lib/libBc_All_At91sam7x512_Rf231_Gcc.a(zdo.o)
 .text.ttlUpdateTimerFired
                0x0010cb6c       0x50 ./../../../../BitCloud/lib/libBc_All_At91sam7x512_Rf231_Gcc.a(zdo.o)
 .text.zdoZdpResetReq
                0x0010cbbc       0x94 ./../../../../BitCloud/lib/libBc_All_At91sam7x512_Rf231_Gcc.a(zdo.o)
 .text.zdoNetworkFormationReq
                0x0010cc50       0x38 ./../../../../BitCloud/lib/libBc_All_At91sam7x512_Rf231_Gcc.a(zdo.o)
 .text.permitJoin
                0x0010cc88       0x30 ./../../../../BitCloud/lib/libBc_All_At91sam7x512_Rf231_Gcc.a(zdo.o)
 .text.zdoPseudoRandomSeed
                0x0010ccb8       0x26 ./../../../../BitCloud/lib/libBc_All_At91sam7x512_Rf231_Gcc.a(zdo.o)
 *fill*         0x0010ccde        0x2 
 .text.RF_RandomConfUpdater
                0x0010cce0       0x20 ./../../../../BitCloud/lib/libBc_All_At91sam7x512_Rf231_Gcc.a(zdo.o)
 .text.zdoStackReset
                0x0010cd00       0x34 ./../../../../BitCloud/lib/libBc_All_At91sam7x512_Rf231_Gcc.a(zdo.o)
 .text.startSystemSleep
                0x0010cd34       0x3c ./../../../../BitCloud/lib/libBc_All_At91sam7x512_Rf231_Gcc.a(zdo.o)
 .text.transceiverSwitchedOff
                0x0010cd70       0x1c ./../../../../BitCloud/lib/libBc_All_At91sam7x512_Rf231_Gcc.a(zdo.o)
 .text.zdoZdpManagerHandler
                0x0010cd8c      0x174 ./../../../../BitCloud/lib/libBc_All_At91sam7x512_Rf231_Gcc.a(zdo.o)
 .text.zdoNwkEventListener
                0x0010cf00       0x60 ./../../../../BitCloud/lib/libBc_All_At91sam7x512_Rf231_Gcc.a(zdo.o)
 .text.zdoOtherEventListener
                0x0010cf60       0x3c ./../../../../BitCloud/lib/libBc_All_At91sam7x512_Rf231_Gcc.a(zdo.o)
 .text.channelChangeTimerFired
                0x0010cf9c       0x38 ./../../../../BitCloud/lib/libBc_All_At91sam7x512_Rf231_Gcc.a(zdo.o)
 .text.zdoChildEventListener
                0x0010cfd4       0x98 ./../../../../BitCloud/lib/libBc_All_At91sam7x512_Rf231_Gcc.a(zdo.o)
 .text.zdoCheckStartNetworkRequestsQueue
                0x0010d06c       0x34 ./../../../../BitCloud/lib/libBc_All_At91sam7x512_Rf231_Gcc.a(zdo.o)
 .text.reenterNetwork
                0x0010d0a0       0x3c ./../../../../BitCloud/lib/libBc_All_At91sam7x512_Rf231_Gcc.a(zdo.o)
 .text.zdoSetZdpDataReqState
                0x0010d0dc       0x30 ./../../../../BitCloud/lib/libBc_All_At91sam7x512_Rf231_Gcc.a(zdo.o)
 .text.confirmResponse
                0x0010d10c        0xe ./../../../../BitCloud/lib/libBc_All_At91sam7x512_Rf231_Gcc.a(zdo.o)
 .text.zdoDefaultBindApsDataConf
                0x0010d11a        0xe ./../../../../BitCloud/lib/libBc_All_At91sam7x512_Rf231_Gcc.a(zdo.o)
 .text.confirmMgmtLqiResponse
                0x0010d128        0xe ./../../../../BitCloud/lib/libBc_All_At91sam7x512_Rf231_Gcc.a(zdo.o)
 *fill*         0x0010d136        0x2 
 .text.permitJoiningConf
                0x0010d138       0x24 ./../../../../BitCloud/lib/libBc_All_At91sam7x512_Rf231_Gcc.a(zdo.o)
 .text.confirmMgmtPermitJoiningResponse
                0x0010d15c        0xe ./../../../../BitCloud/lib/libBc_All_At91sam7x512_Rf231_Gcc.a(zdo.o)
 *fill*         0x0010d16a        0x2 
 .text.zdoZdpApsConfCallback
                0x0010d16c       0x74 ./../../../../BitCloud/lib/libBc_All_At91sam7x512_Rf231_Gcc.a(zdo.o)
 .text.zdoStartNetworkConfirm
                0x0010d1e0       0x30 ./../../../../BitCloud/lib/libBc_All_At91sam7x512_Rf231_Gcc.a(zdo.o)
 .text.startSyncTimer.part.4
                0x0010d210       0x40 ./../../../../BitCloud/lib/libBc_All_At91sam7x512_Rf231_Gcc.a(zdo.o)
 .text.zdoUpdateRandSeedTimerFired
                0x0010d250       0x3c ./../../../../BitCloud/lib/libBc_All_At91sam7x512_Rf231_Gcc.a(zdo.o)
 .text.sendSyncReq
                0x0010d28c       0x40 ./../../../../BitCloud/lib/libBc_All_At91sam7x512_Rf231_Gcc.a(zdo.o)
 .text.transceiverSwitchedOn
                0x0010d2cc       0x44 ./../../../../BitCloud/lib/libBc_All_At91sam7x512_Rf231_Gcc.a(zdo.o)
 .text.wakeupCallback
                0x0010d310       0x50 ./../../../../BitCloud/lib/libBc_All_At91sam7x512_Rf231_Gcc.a(zdo.o)
 .text.zdoPowerManagerHandler
                0x0010d360       0xf8 ./../../../../BitCloud/lib/libBc_All_At91sam7x512_Rf231_Gcc.a(zdo.o)
 .text.confirmMgmtNwkUpdateNotify
                0x0010d458       0x44 ./../../../../BitCloud/lib/libBc_All_At91sam7x512_Rf231_Gcc.a(zdo.o)
 .text.MAC_SetConf
                0x0010d49c       0x7c ./../../../../BitCloud/lib/libBc_All_At91sam7x512_Rf231_Gcc.a(zdo.o)
 .text.zdoInitNotifications
                0x0010d518       0x70 ./../../../../BitCloud/lib/libBc_All_At91sam7x512_Rf231_Gcc.a(zdo.o)
                0x0010d518                zdoInitNotifications
 .text.zdoInitHandler
                0x0010d588       0xe8 ./../../../../BitCloud/lib/libBc_All_At91sam7x512_Rf231_Gcc.a(zdo.o)
 .text.NWK_JoinInd
                0x0010d670       0x28 ./../../../../BitCloud/lib/libBc_All_At91sam7x512_Rf231_Gcc.a(zdo.o)
                0x0010d670                NWK_JoinInd
 .text.ZDO_GetLqiRssi
                0x0010d698       0x2a ./../../../../BitCloud/lib/libBc_All_At91sam7x512_Rf231_Gcc.a(zdo.o)
                0x0010d698                ZDO_GetLqiRssi
 *fill*         0x0010d6c2        0x2 
 .text.ZDO_StartSyncReq
                0x0010d6c4       0x34 ./../../../../BitCloud/lib/libBc_All_At91sam7x512_Rf231_Gcc.a(zdo.o)
                0x0010d6c4                ZDO_StartSyncReq
 .text.deviceAnnceConf
                0x0010d6f8       0x24 ./../../../../BitCloud/lib/libBc_All_At91sam7x512_Rf231_Gcc.a(zdo.o)
 .text.ZDO_StopSyncReq
                0x0010d71c       0x28 ./../../../../BitCloud/lib/libBc_All_At91sam7x512_Rf231_Gcc.a(zdo.o)
                0x0010d71c                ZDO_StopSyncReq
 .text.zdoLeaveNetworkReq.part.13
                0x0010d744       0x50 ./../../../../BitCloud/lib/libBc_All_At91sam7x512_Rf231_Gcc.a(zdo.o)
 .text.zdoParentChangeConf
                0x0010d794       0x50 ./../../../../BitCloud/lib/libBc_All_At91sam7x512_Rf231_Gcc.a(zdo.o)
 .text.confirmMgmtLeaveResponse
                0x0010d7e4       0x98 ./../../../../BitCloud/lib/libBc_All_At91sam7x512_Rf231_Gcc.a(zdo.o)
 .text.leaveNetworkInd
                0x0010d87c       0x40 ./../../../../BitCloud/lib/libBc_All_At91sam7x512_Rf231_Gcc.a(zdo.o)
 .text.zdoLeaveNetworkNwkLeaveConf
                0x0010d8bc       0x20 ./../../../../BitCloud/lib/libBc_All_At91sam7x512_Rf231_Gcc.a(zdo.o)
 .text.NWK_LeaveInd
                0x0010d8dc       0x54 ./../../../../BitCloud/lib/libBc_All_At91sam7x512_Rf231_Gcc.a(zdo.o)
                0x0010d8dc                NWK_LeaveInd
 .text.zdoReset
                0x0010d930       0x3c ./../../../../BitCloud/lib/libBc_All_At91sam7x512_Rf231_Gcc.a(zdo.o)
 .text.zdoLeaveConfirm
                0x0010d96c       0xb0 ./../../../../BitCloud/lib/libBc_All_At91sam7x512_Rf231_Gcc.a(zdo.o)
 .text.ZDO_StartNetworkReq
                0x0010da1c       0x18 ./../../../../BitCloud/lib/libBc_All_At91sam7x512_Rf231_Gcc.a(zdo.o)
                0x0010da1c                ZDO_StartNetworkReq
 .text.ZDO_TaskHandler
                0x0010da34       0x64 ./../../../../BitCloud/lib/libBc_All_At91sam7x512_Rf231_Gcc.a(zdo.o)
                0x0010da34                ZDO_TaskHandler
 .text.APS_ZdoDataInd
                0x0010da98       0xe8 ./../../../../BitCloud/lib/libBc_All_At91sam7x512_Rf231_Gcc.a(zdo.o)
                0x0010da98                APS_ZdoDataInd
 .text.ZDO_ZdpReq
                0x0010db80       0x3c ./../../../../BitCloud/lib/libBc_All_At91sam7x512_Rf231_Gcc.a(zdo.o)
                0x0010db80                ZDO_ZdpReq
 .text.zdoSendDeviceAnnce
                0x0010dbbc       0xbc ./../../../../BitCloud/lib/libBc_All_At91sam7x512_Rf231_Gcc.a(zdo.o)
 .text.APS_StartConf
                0x0010dc78       0x4c ./../../../../BitCloud/lib/libBc_All_At91sam7x512_Rf231_Gcc.a(zdo.o)
 .text.startAps
                0x0010dcc4       0x38 ./../../../../BitCloud/lib/libBc_All_At91sam7x512_Rf231_Gcc.a(zdo.o)
 .text.NWK_StartRouterConf
                0x0010dcfc       0x18 ./../../../../BitCloud/lib/libBc_All_At91sam7x512_Rf231_Gcc.a(zdo.o)
 .text.NWK_PermitJoinConf
                0x0010dd14       0x60 ./../../../../BitCloud/lib/libBc_All_At91sam7x512_Rf231_Gcc.a(zdo.o)
 .text.zdoAuthenticationConf
                0x0010dd74       0x34 ./../../../../BitCloud/lib/libBc_All_At91sam7x512_Rf231_Gcc.a(zdo.o)
                0x0010dd74                zdoAuthenticationConf
 .text.zdoAuthenticationStart
                0x0010dda8        0xe ./../../../../BitCloud/lib/libBc_All_At91sam7x512_Rf231_Gcc.a(zdo.o)
                0x0010dda8                zdoAuthenticationStart
 *fill*         0x0010ddb6        0x2 
 .text.zdoSendDeviceAnnceConf
                0x0010ddb8       0x48 ./../../../../BitCloud/lib/libBc_All_At91sam7x512_Rf231_Gcc.a(zdo.o)
 .text.sendNwkUpdateNotify
                0x0010de00       0x4c ./../../../../BitCloud/lib/libBc_All_At91sam7x512_Rf231_Gcc.a(zdo.o)
 .text.zdoZdpFrameProcessorHandler
                0x0010de4c     0x1278 ./../../../../BitCloud/lib/libBc_All_At91sam7x512_Rf231_Gcc.a(zdo.o)
 .text.edScanConf
                0x0010f0c4       0x18 ./../../../../BitCloud/lib/libBc_All_At91sam7x512_Rf231_Gcc.a(zdo.o)
 .text.zdoReloadZibFromConfigServer
                0x0010f0dc      0x164 ./../../../../BitCloud/lib/libBc_All_At91sam7x512_Rf231_Gcc.a(zdo.o)
                0x0010f0dc                zdoReloadZibFromConfigServer
 .text.zdoStartNetworkTaskHandler
                0x0010f240       0xcc ./../../../../BitCloud/lib/libBc_All_At91sam7x512_Rf231_Gcc.a(zdo.o)
 .text.setNetworkParametersToZib
                0x0010f30c       0x30 ./../../../../BitCloud/lib/libBc_All_At91sam7x512_Rf231_Gcc.a(zdo.o)
                0x0010f30c                setNetworkParametersToZib
 .text.NWK_JoinConf
                0x0010f33c       0x58 ./../../../../BitCloud/lib/libBc_All_At91sam7x512_Rf231_Gcc.a(zdo.o)
 .text.NWK_NetworkFormationConf
                0x0010f394       0x1c ./../../../../BitCloud/lib/libBc_All_At91sam7x512_Rf231_Gcc.a(zdo.o)
 .text.zdoStartNetworkStackResetConf
                0x0010f3b0       0x70 ./../../../../BitCloud/lib/libBc_All_At91sam7x512_Rf231_Gcc.a(zdo.o)
 .text.zdoPerformIntraPanPortability
                0x0010f420       0x40 ./../../../../BitCloud/lib/libBc_All_At91sam7x512_Rf231_Gcc.a(zdo.o)
                0x0010f420                zdoPerformIntraPanPortability
 .text.NWK_SyncConf
                0x0010f460       0x6c ./../../../../BitCloud/lib/libBc_All_At91sam7x512_Rf231_Gcc.a(zdo.o)
 .text.NWK_NwkStatusInd
                0x0010f4cc       0xa0 ./../../../../BitCloud/lib/libBc_All_At91sam7x512_Rf231_Gcc.a(zdo.o)
                0x0010f4cc                NWK_NwkStatusInd
 .text.SYS_Sleep
                0x0010f56c        0xc ./../../../../BitCloud/lib/libBc_All_At91sam7x512_Rf231_Gcc.a(bcSysSleep.o)
                0x0010f56c                SYS_Sleep
 .text.postNewMacRequest
                0x0010f578       0x40 ./../../../../BitCloud/lib/libBc_All_At91sam7x512_Rf231_Gcc.a(machwdManager.o)
 .text.putReqInQueue
                0x0010f5b8       0x20 ./../../../../BitCloud/lib/libBc_All_At91sam7x512_Rf231_Gcc.a(machwdManager.o)
 .text.MACHWD_DataReq
                0x0010f5d8       0x10 ./../../../../BitCloud/lib/libBc_All_At91sam7x512_Rf231_Gcc.a(machwdManager.o)
                0x0010f5d8                MACHWD_DataReq
 .text.MACHWD_SetTrxStateReq
                0x0010f5e8       0x10 ./../../../../BitCloud/lib/libBc_All_At91sam7x512_Rf231_Gcc.a(machwdManager.o)
                0x0010f5e8                MACHWD_SetTrxStateReq
 .text.MACHWD_SetReq
                0x0010f5f8       0x10 ./../../../../BitCloud/lib/libBc_All_At91sam7x512_Rf231_Gcc.a(machwdManager.o)
                0x0010f5f8                MACHWD_SetReq
 .text.MACHWD_EdReq
                0x0010f608       0x10 ./../../../../BitCloud/lib/libBc_All_At91sam7x512_Rf231_Gcc.a(machwdManager.o)
                0x0010f608                MACHWD_EdReq
 .text.RF_RandomReq
                0x0010f618       0x18 ./../../../../BitCloud/lib/libBc_All_At91sam7x512_Rf231_Gcc.a(machwdManager.o)
                0x0010f618                RF_RandomReq
 .text.MACHWD_Reset
                0x0010f630       0x3c ./../../../../BitCloud/lib/libBc_All_At91sam7x512_Rf231_Gcc.a(machwdManager.o)
                0x0010f630                MACHWD_Reset
 .text.MAC_PHY_HWD_TaskHandler
                0x0010f66c      0x108 ./../../../../BitCloud/lib/libBc_All_At91sam7x512_Rf231_Gcc.a(machwdManager.o)
                0x0010f66c                MAC_PHY_HWD_TaskHandler
 .text.machwdSendConf2UpperLayer
                0x0010f774       0x68 ./../../../../BitCloud/lib/libBc_All_At91sam7x512_Rf231_Gcc.a(machwdManager.o)
                0x0010f774                machwdSendConf2UpperLayer
 .text.machwdSendDataInd2UpperLayer
                0x0010f7dc        0xc ./../../../../BitCloud/lib/libBc_All_At91sam7x512_Rf231_Gcc.a(machwdManager.o)
                0x0010f7dc                machwdSendDataInd2UpperLayer
 .text.machwdRegAccessReqHandler
                0x0010f7e8       0x32 ./../../../../BitCloud/lib/libBc_All_At91sam7x512_Rf231_Gcc.a(machwdRegAccessHandler.o)
                0x0010f7e8                machwdRegAccessReqHandler
 *fill*         0x0010f81a        0x2 
 .text.machwdReset
                0x0010f81c       0x88 ./../../../../BitCloud/lib/libBc_All_At91sam7x512_Rf231_Gcc.a(machwdResetHandler.o)
                0x0010f81c                machwdReset
 .text.machwdRndReqHandler
                0x0010f8a4       0x14 ./../../../../BitCloud/lib/libBc_All_At91sam7x512_Rf231_Gcc.a(machwdRndHandler.o)
                0x0010f8a4                machwdRndReqHandler
 .text.machwdResetRxBuffer