Archive member included because of file (symbol)

./../../../../BitCloud/lib/libHAL_deRFarm7_At91sam7x512_48Mhz_Gcc.a(atomic.o)
                              All_deRFarm7_At91sam7x512_Rf231_Gcc/Obj/WSNDemoApp.o (halStartAtomic)
./../../../../BitCloud/lib/libHAL_deRFarm7_At91sam7x512_48Mhz_Gcc.a(appTimer.o)
                              All_deRFarm7_At91sam7x512_Rf231_Gcc/Obj/WSNEndDevice.o (HAL_StartAppTimer)
./../../../../BitCloud/lib/libHAL_deRFarm7_At91sam7x512_48Mhz_Gcc.a(usart.o)
                              All_deRFarm7_At91sam7x512_Rf231_Gcc/Obj/WSNUARTManager.o (HAL_ReadUsart)
./../../../../BitCloud/lib/libHAL_deRFarm7_At91sam7x512_48Mhz_Gcc.a(i2cPacket.o)
                              All_deRFarm7_At91sam7x512_Rf231_Gcc/Obj/i2ceeprom.o (HAL_OpenI2cPacket)
./../../../../BitCloud/lib/libHAL_deRFarm7_At91sam7x512_48Mhz_Gcc.a(timer.o)
                              ./../../../../BitCloud/lib/libHAL_deRFarm7_At91sam7x512_48Mhz_Gcc.a(appTimer.o) (halAddTimer)
./../../../../BitCloud/lib/libHAL_deRFarm7_At91sam7x512_48Mhz_Gcc.a(halAppClock.o)
                              ./../../../../BitCloud/lib/libHAL_deRFarm7_At91sam7x512_48Mhz_Gcc.a(appTimer.o) (halGetTimeOfAppTimer)
./../../../../BitCloud/lib/libHAL_deRFarm7_At91sam7x512_48Mhz_Gcc.a(halUsart.o)
                              ./../../../../BitCloud/lib/libHAL_deRFarm7_At91sam7x512_48Mhz_Gcc.a(usart.o) (halSetUsartConfig)
./../../../../BitCloud/lib/libHAL_deRFarm7_At91sam7x512_48Mhz_Gcc.a(halTwi.o)
                              ./../../../../BitCloud/lib/libHAL_deRFarm7_At91sam7x512_48Mhz_Gcc.a(i2cPacket.o) (halInitI2c)
./../../../../BitCloud/lib/libHAL_deRFarm7_At91sam7x512_48Mhz_Gcc.a(halMacIsr.o)
                              ./../../../../BitCloud/lib/libHAL_deRFarm7_At91sam7x512_48Mhz_Gcc.a(halAppClock.o) (halMacTimerHandler)
./../../../../BitCloud/lib/libHAL_deRFarm7_At91sam7x512_48Mhz_Gcc.a(halTaskManager.o)
                              ./../../../../BitCloud/lib/libHAL_deRFarm7_At91sam7x512_48Mhz_Gcc.a(usart.o) (halTaskFlags)
./../../../../BitCloud/lib/libHAL_deRFarm7_At91sam7x512_48Mhz_Gcc.a(adc.o)
                              ./../../../../BitCloud/lib/libHAL_deRFarm7_At91sam7x512_48Mhz_Gcc.a(halTaskManager.o) (halSigAdcHandler)
./../../../../BitCloud/lib/libHAL_deRFarm7_At91sam7x512_48Mhz_Gcc.a(halAdc.o)
                              ./../../../../BitCloud/lib/libHAL_deRFarm7_At91sam7x512_48Mhz_Gcc.a(adc.o) (halOpenAdc)
./../../../../BitCloud/lib/libHAL_deRFarm7_At91sam7x512_48Mhz_Gcc.a(halSpi.o)
                              ./../../../../BitCloud/lib/libHAL_deRFarm7_At91sam7x512_48Mhz_Gcc.a(halTaskManager.o) (halRfTxCompleteHandler)
./../../../../BitCloud/lib/libHAL_deRFarm7_At91sam7x512_48Mhz_Gcc.a(dbgPort.o)
                              ./../../../../BitCloud/lib/libHAL_deRFarm7_At91sam7x512_48Mhz_Gcc.a(halSpi.o) (configure_dbgu)
./../../../../BitCloud/lib/libHAL_deRFarm7_At91sam7x512_48Mhz_Gcc.a(halRfCtrl.o)
                              ./../../../../BitCloud/lib/libHAL_deRFarm7_At91sam7x512_48Mhz_Gcc.a(halMacIsr.o) (HAL_InitRfIrq)
./../../../../BitCloud/lib/libBc_All_At91sam7x512_Rf231_Gcc.a(aps.o)
                              All_deRFarm7_At91sam7x512_Rf231_Gcc/Obj/WSNMessageSender.o (APS_DataReq)
./../../../../BitCloud/lib/libBc_All_At91sam7x512_Rf231_Gcc.a(macenvPib.o)
                              ./../../../../BitCloud/lib/libBc_All_At91sam7x512_Rf231_Gcc.a(aps.o) (MAC_GetExtAddr)
./../../../../BitCloud/lib/libBc_All_At91sam7x512_Rf231_Gcc.a(nwk.o)
                              ./../../../../BitCloud/lib/libBc_All_At91sam7x512_Rf231_Gcc.a(aps.o) (NWK_GetShortAddr)
./../../../../BitCloud/lib/libBc_All_At91sam7x512_Rf231_Gcc.a(phyRfIrqDispatcher.o)
                              ./../../../../BitCloud/lib/libHAL_deRFarm7_At91sam7x512_48Mhz_Gcc.a(halMacIsr.o) (phyDispatcheRfInterrupt)
./../../../../BitCloud/lib/libBc_All_At91sam7x512_Rf231_Gcc.a(phyRtimerIrqDispatcher.o)
                              ./../../../../BitCloud/lib/libHAL_deRFarm7_At91sam7x512_48Mhz_Gcc.a(halMacIsr.o) (phyDispatcheRTimerEvent)
./../../../../BitCloud/lib/libBc_All_At91sam7x512_Rf231_Gcc.a(queue.o)
                              All_deRFarm7_At91sam7x512_Rf231_Gcc/Obj/WSNMessageSender.o (deleteHeadQueueElem)
./../../../../BitCloud/lib/libBc_All_At91sam7x512_Rf231_Gcc.a(sysDuplicateTable.o)
                              ./../../../../BitCloud/lib/libBc_All_At91sam7x512_Rf231_Gcc.a(aps.o) (SYS_DuplicateTableReset)
./../../../../BitCloud/lib/libBc_All_At91sam7x512_Rf231_Gcc.a(sysEvents.o)
                              ./../../../../BitCloud/lib/libBc_All_At91sam7x512_Rf231_Gcc.a(aps.o) (SYS_PostEvent)
./../../../../BitCloud/lib/libBc_All_At91sam7x512_Rf231_Gcc.a(sysTimer.o)
                              ./../../../../BitCloud/lib/libBc_All_At91sam7x512_Rf231_Gcc.a(aps.o) (SYS_StartTimer)
./../../../../BitCloud/lib/libBc_All_At91sam7x512_Rf231_Gcc.a(taskManager.o)
[...]
Memory Configuration

Name             Origin             Length             Attributes
flash            0x00100000         0x00080000
ram              0x00200000         0x00020000
*default*        0x00000000         0xffffffff

Linker script and memory map

                0x0021fffc                __stack_end__ = 0x21fffc
                0x00000000                . = 0x0

startup         0x00100000      0x1b4
 *(.startup)
 .startup       0x00100000      0x1b4 ./../../../../BitCloud/lib/FirmwareBoot_Gcc.o
                0x00100000                _startup

prog            0x001001b8    0x12810
                0x001001b8                PROVIDE (__pds_ff_start, .)
 *(.pds_ff)
                0x001001b8                PROVIDE (__pds_ff_end, .)
                0x001001b8                PROVIDE (__pds_fd_start, .)
 *(.pds_fd)
                0x001001b8                PROVIDE (__pds_fd_end, .)
 *(.text)
 .text          0x001001b8       0xc0 ./../../../../BitCloud/lib/FirmwareBoot_Gcc.o
                0x001001b8                _start
                0x00100258                endless_loop
 .text          0x00100278       0x14 /home/bazi/intelligent-house/CodeSourcery/bin/../lib/gcc/arm-none-eabi/4.7.3/thumb/libgcc.a(_thumb1_case_uqi.o)
                0x00100278                __gnu_thumb1_case_uqi
 .text          0x0010028c       0x14 /home/bazi/intelligent-house/CodeSourcery/bin/../lib/gcc/arm-none-eabi/4.7.3/thumb/libgcc.a(_thumb1_case_shi.o)
                0x0010028c                __gnu_thumb1_case_shi
 .text          0x001002a0       0x14 /home/bazi/intelligent-house/CodeSourcery/bin/../lib/gcc/arm-none-eabi/4.7.3/thumb/libgcc.a(_thumb1_case_uhi.o)
                0x001002a0                __gnu_thumb1_case_uhi
 .text          0x001002b4      0x11c /home/bazi/intelligent-house/CodeSourcery/bin/../lib/gcc/arm-none-eabi/4.7.3/thumb/libgcc.a(_udivsi3.o)
                0x001002b4                __udivsi3
                0x001002b4                __aeabi_uidiv
                0x001003b0                __aeabi_uidivmod
 .text          0x001003d0        0x4 /home/bazi/intelligent-house/CodeSourcery/bin/../lib/gcc/arm-none-eabi/4.7.3/thumb/libgcc.a(_dvmd_tls.o)
                0x001003d0                __aeabi_ldiv0
                0x001003d0                __aeabi_idiv0
 .text          0x001003d4       0x60 /home/bazi/intelligent-house/CodeSourcery/bin/../lib/gcc/arm-none-eabi/4.7.3/../../../../arm-none-eabi/lib/thumb/libc.a(lib_a-memcmp.o)
                0x001003d4                memcmp
 .text          0x00100434      0x10c /home/bazi/intelligent-house/CodeSourcery/bin/../lib/gcc/arm-none-eabi/4.7.3/../../../../arm-none-eabi/lib/thumb/libc.a(lib_a-memcpy.o)
                0x00100434                memcpy
 .text          0x00100540       0xb0 /home/bazi/intelligent-house/CodeSourcery/bin/../lib/gcc/arm-none-eabi/4.7.3/../../../../arm-none-eabi/lib/thumb/libc.a(lib_a-memmove.o)
                0x00100540                memmove
 .text          0x001005f0       0x9c /home/bazi/intelligent-house/CodeSourcery/bin/../lib/gcc/arm-none-eabi/4.7.3/../../../../arm-none-eabi/lib/thumb/libc.a(lib_a-memset.o)
                0x001005f0                memset
 *fill*         0x0010068c        0x4 
 .text          0x00100690       0x50 /home/bazi/intelligent-house/CodeSourcery/bin/../lib/gcc/arm-none-eabi/4.7.3/../../../../arm-none-eabi/lib/thumb/libc.a(lib_a-rand.o)
                0x00100690                srand
                0x001006a0                rand
 .text          0x001006e0       0x4c /home/bazi/intelligent-house/CodeSourcery/bin/../lib/gcc/arm-none-eabi/4.7.3/thumb/libgcc.a(_muldi3.o)
                0x001006e0                __aeabi_lmul
                0x001006e0                __muldi3
 *(.text*)
 .text.batteryDataReady
                0x0010072c       0x2c All_deRFarm7_At91sam7x512_Rf231_Gcc/Obj/WSNSensorManager.o
 .text.temperatureDataReady
                0x00100758       0x40 All_deRFarm7_At91sam7x512_Rf231_Gcc/Obj/WSNSensorManager.o
 .text.lightDataReady
                0x00100798       0x40 All_deRFarm7_At91sam7x512_Rf231_Gcc/Obj/WSNSensorManager.o
 .text.appStartSensorManager
                0x001007d8       0x14 All_deRFarm7_At91sam7x512_Rf231_Gcc/Obj/WSNSensorManager.o
                0x001007d8                appStartSensorManager
 .text.appStopSensorManager
                0x001007ec       0x14 All_deRFarm7_At91sam7x512_Rf231_Gcc/Obj/WSNSensorManager.o
                0x001007ec                appStopSensorManager
 .text.appGetSensorData
                0x00100800       0x1c All_deRFarm7_At91sam7x512_Rf231_Gcc/Obj/WSNSensorManager.o
                0x00100800                appGetSensorData
 .text.visualizeAppStarting
                0x0010081c        0xc All_deRFarm7_At91sam7x512_Rf231_Gcc/Obj/WSNVisualizer.o
                0x0010081c                visualizeAppStarting
 .text.visualizeNwkStarting
                0x00100828        0xe All_deRFarm7_At91sam7x512_Rf231_Gcc/Obj/WSNVisualizer.o
                0x00100828                visualizeNwkStarting
 .text.visualizeNwkStarted
                0x00100836       0x14 All_deRFarm7_At91sam7x512_Rf231_Gcc/Obj/WSNVisualizer.o
                0x00100836                visualizeNwkStarted
 .text.visualizeNwkLeaving
                0x0010084a        0x2 All_deRFarm7_At91sam7x512_Rf231_Gcc/Obj/WSNVisualizer.o
                0x0010084a                visualizeNwkLeaving
 .text.visualizeNwkLeft
                0x0010084c        0x2 All_deRFarm7_At91sam7x512_Rf231_Gcc/Obj/WSNVisualizer.o
                0x0010084c                visualizeNwkLeft
 .text.visualizeAirTxStarted
                0x0010084e        0x2 All_deRFarm7_At91sam7x512_Rf231_Gcc/Obj/WSNVisualizer.o
                0x0010084e                visualizeAirTxStarted
 .text.visualizeAirTxFInished
                0x00100850        0x2 All_deRFarm7_At91sam7x512_Rf231_Gcc/Obj/WSNVisualizer.o
                0x00100850                visualizeAirTxFInished
 .text.visualizeAirRxFinished
                0x00100852        0x2 All_deRFarm7_At91sam7x512_Rf231_Gcc/Obj/WSNVisualizer.o
                0x00100852                visualizeAirRxFinished
 .text.visualizeWakeUp
                0x00100854        0x2 All_deRFarm7_At91sam7x512_Rf231_Gcc/Obj/WSNVisualizer.o
                0x00100854                visualizeWakeUp
 .text.visualizeSleep
                0x00100856        0x2 All_deRFarm7_At91sam7x512_Rf231_Gcc/Obj/WSNVisualizer.o
                0x00100856                visualizeSleep
 .text.visualizeIdentity
                0x00100858        0xe All_deRFarm7_At91sam7x512_Rf231_Gcc/Obj/WSNVisualizer.o
                0x00100858                visualizeIdentity
 *fill*         0x00100866        0x2 
 .text.appEndDeviceWakeUpInd
                0x00100868       0x1c All_deRFarm7_At91sam7x512_Rf231_Gcc/Obj/WSNEndDevice.o
 .text.appEndDeviceTaskReset
                0x00100884       0x18 All_deRFarm7_At91sam7x512_Rf231_Gcc/Obj/WSNEndDevice.o
 .text.appEndDeviceSleepConf
                0x0010089c       0x20 All_deRFarm7_At91sam7x512_Rf231_Gcc/Obj/WSNEndDevice.o
 .text.deviceTimerFired
                0x001008bc       0x20 All_deRFarm7_At91sam7x512_Rf231_Gcc/Obj/WSNEndDevice.o
 .text.appEndDeviceTaskHandler
                0x001008dc       0xac All_deRFarm7_At91sam7x512_Rf231_Gcc/Obj/WSNEndDevice.o
 .text.appSensorsGot
                0x00100988       0x1c All_deRFarm7_At91sam7x512_Rf231_Gcc/Obj/WSNEndDevice.o
 .text.appEndDeviceInitialization
                0x001009a4       0x20 All_deRFarm7_At91sam7x512_Rf231_Gcc/Obj/WSNEndDevice.o
 .text.appEndDeviceRelaysCtrlCmdHandler
                0x001009c4       0x14 All_deRFarm7_At91sam7x512_Rf231_Gcc/Obj/WSNEndDevice.o
                0x001009c4                appEndDeviceRelaysCtrlCmdHandler
 .text.appEndDeviceIdentifyCmdHandler
                0x001009d8       0x20 All_deRFarm7_At91sam7x512_Rf231_Gcc/Obj/WSNEndDevice.o
                0x001009d8                appEndDeviceIdentifyCmdHandler
 .text.appEndDeviceNwkInfoCmdHandler
                0x001009f8       0x52 All_deRFarm7_At91sam7x512_Rf231_Gcc/Obj/WSNEndDevice.o
                0x001009f8                appEndDeviceNwkInfoCmdHandler
 *fill*         0x00100a4a        0x2 
 .text.appEndDeviceGetInterface
                0x00100a4c       0x30 All_deRFarm7_At91sam7x512_Rf231_Gcc/Obj/WSNEndDevice.o
                0x00100a4c                appEndDeviceGetInterface
 .text.msgSenderApsDataConf
                0x00100a7c       0x70 All_deRFarm7_At91sam7x512_Rf231_Gcc/Obj/WSNMessageSender.o
 .text.appInitMsgSender
                0x00100aec       0x34 All_deRFarm7_At91sam7x512_Rf231_Gcc/Obj/WSNMessageSender.o
                0x00100aec                appInitMsgSender
 .text.appMsgSender
                0x00100b20       0xc4 All_deRFarm7_At91sam7x512_Rf231_Gcc/Obj/WSNMessageSender.o
                0x00100b20                appMsgSender
 .text.appIsTxQueueFree
                0x00100be4       0x20 All_deRFarm7_At91sam7x512_Rf231_Gcc/Obj/WSNMessageSender.o
                0x00100be4                appIsTxQueueFree
 .text.appCreateTxFrame
                0x00100c04       0x64 All_deRFarm7_At91sam7x512_Rf231_Gcc/Obj/WSNMessageSender.o
                0x00100c04                appCreateTxFrame
 .text.appInitCmdHandler
                0x00100c68       0x2c All_deRFarm7_At91sam7x512_Rf231_Gcc/Obj/WSNCommandHandler.o
                0x00100c68                appInitCmdHandler
 .text.appCmdHandler
                0x00100c94       0x54 All_deRFarm7_At91sam7x512_Rf231_Gcc/Obj/WSNCommandHandler.o
                0x00100c94                appCmdHandler
 .text.appIsCmdQueueFree
                0x00100ce8       0x18 All_deRFarm7_At91sam7x512_Rf231_Gcc/Obj/WSNCommandHandler.o
                0x00100ce8                appIsCmdQueueFree
 .text.appCreateCommand
                0x00100d00       0x40 All_deRFarm7_At91sam7x512_Rf231_Gcc/Obj/WSNCommandHandler.o
                0x00100d00                appCreateCommand
 .text.appPostGlobalTask
                0x00100d40       0x24 All_deRFarm7_At91sam7x512_Rf231_Gcc/Obj/WSNDemoApp.o
 .text.appZdpLeaveResp
                0x00100d64       0x20 All_deRFarm7_At91sam7x512_Rf231_Gcc/Obj/WSNDemoApp.o
 .text.startingNetworkTimerFired
                0x00100d84        0xc All_deRFarm7_At91sam7x512_Rf231_Gcc/Obj/WSNDemoApp.o
 .text.appApsDataIndHandler
                0x00100d90       0x16 All_deRFarm7_At91sam7x512_Rf231_Gcc/Obj/WSNDemoApp.o
 *fill*         0x00100da6        0x2 
 .text.identifyTimerFired
                0x00100da8       0x34 All_deRFarm7_At91sam7x512_Rf231_Gcc/Obj/WSNDemoApp.o
 .text.appZdoStartNetworkConf
                0x00100ddc       0x60 All_deRFarm7_At91sam7x512_Rf231_Gcc/Obj/WSNDemoApp.o
 .text.APL_TaskHandler
                0x00100e3c      0x1cc All_deRFarm7_At91sam7x512_Rf231_Gcc/Obj/WSNDemoApp.o
                0x00100e3c                APL_TaskHandler
 .text.ZDO_MgmtNwkUpdateNotf
                0x00101008       0xac All_deRFarm7_At91sam7x512_Rf231_Gcc/Obj/WSNDemoApp.o
                0x00101008                ZDO_MgmtNwkUpdateNotf
 .text.ZDO_WakeUpInd
                0x001010b4       0x1c All_deRFarm7_At91sam7x512_Rf231_Gcc/Obj/WSNDemoApp.o
                0x001010b4                ZDO_WakeUpInd
 .text.appReadLqiRssi
                0x001010d0       0x28 All_deRFarm7_At91sam7x512_Rf231_Gcc/Obj/WSNDemoApp.o
                0x001010d0                appReadLqiRssi
 .text.appPostSubTaskTask
                0x001010f8       0x3c All_deRFarm7_At91sam7x512_Rf231_Gcc/Obj/WSNDemoApp.o
                0x001010f8                appPostSubTaskTask
 .text.appPostCmdHandlerTask
                0x00101134       0x38 All_deRFarm7_At91sam7x512_Rf231_Gcc/Obj/WSNDemoApp.o
                0x00101134                appPostCmdHandlerTask
 .text.appPostMsgSenderTask
                0x0010116c       0x3c All_deRFarm7_At91sam7x512_Rf231_Gcc/Obj/WSNDemoApp.o
                0x0010116c                appPostMsgSenderTask
 .text.appLeaveNetwork
                0x001011a8       0x1c All_deRFarm7_At91sam7x512_Rf231_Gcc/Obj/WSNDemoApp.o
                0x001011a8                appLeaveNetwork
 .text.appIsSleepPermitted
                0x001011c4       0x28 All_deRFarm7_At91sam7x512_Rf231_Gcc/Obj/WSNDemoApp.o
                0x001011c4                appIsSleepPermitted
 .text.appStartIdentifyVisualization
                0x001011ec       0x34 All_deRFarm7_At91sam7x512_Rf231_Gcc/Obj/WSNDemoApp.o
                0x001011ec                appStartIdentifyVisualization
 .text.appSetRelayState
                0x00101220       0x16 All_deRFarm7_At91sam7x512_Rf231_Gcc/Obj/WSNDemoApp.o
                0x00101220                appSetRelayState
 *fill*         0x00101236        0x2 
 .text.appGetCmdDescriptor
                0x00101238       0x54 All_deRFarm7_At91sam7x512_Rf231_Gcc/Obj/WSNDemoApp.o
                0x00101238                appGetCmdDescriptor
 .text.ZDO_BindIndication
                0x0010128c        0x2 All_deRFarm7_At91sam7x512_Rf231_Gcc/Obj/WSNDemoApp.o
                0x0010128c                ZDO_BindIndication
 .text.ZDO_UnbindIndication
                0x0010128e        0x2 All_deRFarm7_At91sam7x512_Rf231_Gcc/Obj/WSNDemoApp.o
                0x0010128e                ZDO_UnbindIndication
 .text.startup.main
                0x00101290        0xc All_deRFarm7_At91sam7x512_Rf231_Gcc/Obj/WSNDemoApp.o
                0x00101290                main
 .text.BSP_OpenTemperatureSensor
                0x0010129c        0x4 All_deRFarm7_At91sam7x512_Rf231_Gcc/Obj/fakeBSP.o
                0x0010129c                BSP_OpenTemperatureSensor
 .text.BSP_CloseTemperatureSensor
                0x001012a0        0x4 All_deRFarm7_At91sam7x512_Rf231_Gcc/Obj/fakeBSP.o
                0x001012a0                BSP_CloseTemperatureSensor
 .text.BSP_ReadTemperatureData
                0x001012a4       0x3c All_deRFarm7_At91sam7x512_Rf231_Gcc/Obj/fakeBSP.o
                0x001012a4                BSP_ReadTemperatureData
 .text.bspTemperatureSensorHandler
                0x001012e0       0x1c All_deRFarm7_At91sam7x512_Rf231_Gcc/Obj/fakeBSP.o
                0x001012e0                bspTemperatureSensorHandler
 .text.BSP_OpenLightSensor
                0x001012fc        0x4 All_deRFarm7_At91sam7x512_Rf231_Gcc/Obj/fakeBSP.o
                0x001012fc                BSP_OpenLightSensor
 .text.BSP_CloseLightSensor
                0x00101300        0x4 All_deRFarm7_At91sam7x512_Rf231_Gcc/Obj/fakeBSP.o
                0x00101300                BSP_CloseLightSensor
 .text.BSP_ReadLightData
                0x00101304       0x3c All_deRFarm7_At91sam7x512_Rf231_Gcc/Obj/fakeBSP.o
                0x00101304                BSP_ReadLightData
 .text.bspLightSensorHandler
                0x00101340       0x1c All_deRFarm7_At91sam7x512_Rf231_Gcc/Obj/fakeBSP.o
                0x00101340                bspLightSensorHandler
 .text.BSP_OpenBatterySensor
                0x0010135c        0x4 All_deRFarm7_At91sam7x512_Rf231_Gcc/Obj/fakeBSP.o
                0x0010135c                BSP_OpenBatterySensor
 .text.BSP_CloseBatterySensor
                0x00101360        0x4 All_deRFarm7_At91sam7x512_Rf231_Gcc/Obj/fakeBSP.o
                0x00101360                BSP_CloseBatterySensor
 .text.BSP_ReadBatteryData
                0x00101364       0x3c All_deRFarm7_At91sam7x512_Rf231_Gcc/Obj/fakeBSP.o
                0x00101364                BSP_ReadBatteryData
 .text.bspEmptyBatteryHandler
                0x001013a0       0x1c All_deRFarm7_At91sam7x512_Rf231_Gcc/Obj/fakeBSP.o
                0x001013a0                bspEmptyBatteryHandler
 .text.BSP_OpenLeds
                0x001013bc       0x50 All_deRFarm7_At91sam7x512_Rf231_Gcc/Obj/leds.o
                0x001013bc                BSP_OpenLeds
 .text.BSP_OnLed
                0x0010140c       0x44 All_deRFarm7_At91sam7x512_Rf231_Gcc/Obj/leds.o
                0x0010140c                BSP_OnLed
 .text.BSP_OffLed
                0x00101450       0x2c All_deRFarm7_At91sam7x512_Rf231_Gcc/Obj/leds.o
                0x00101450                BSP_OffLed
 .text.BSP_ToggleLed
                0x0010147c       0x38 All_deRFarm7_At91sam7x512_Rf231_Gcc/Obj/leds.o
                0x0010147c                BSP_ToggleLed
 .text.BSP_TaskHandler
                0x001014b4       0x7c All_deRFarm7_At91sam7x512_Rf231_Gcc/Obj/bspTaskManager.o
                0x001014b4                BSP_TaskHandler
 .text.bspEnableJoystickPIOInterrupt
                0x00101530       0x10 All_deRFarm7_At91sam7x512_Rf231_Gcc/Obj/joystick.o
                0x00101530                bspEnableJoystickPIOInterrupt
 .text.bspJoystickHandler
                0x00101540       0x38 All_deRFarm7_At91sam7x512_Rf231_Gcc/Obj/joystick.o
                0x00101540                bspJoystickHandler
 .text.csSetToDefault
                0x00101578       0x80 All_deRFarm7_At91sam7x512_Rf231_Gcc/Obj/csMem.o
                0x00101578                csSetToDefault
 .text.csGetItem
                0x001015f8       0x28 All_deRFarm7_At91sam7x512_Rf231_Gcc/Obj/configServer.o
 .text.CS_Init  0x00101620        0xc All_deRFarm7_At91sam7x512_Rf231_Gcc/Obj/configServer.o
                0x00101620                CS_Init
 .text.CS_ReadParameter
                0x0010162c       0x22 All_deRFarm7_At91sam7x512_Rf231_Gcc/Obj/configServer.o
                0x0010162c                CS_ReadParameter
 .text.CS_WriteParameter
                0x0010164e       0x2e All_deRFarm7_At91sam7x512_Rf231_Gcc/Obj/configServer.o
                0x0010164e                CS_WriteParameter
 .text.CS_GetMemory
                0x0010167c       0x20 All_deRFarm7_At91sam7x512_Rf231_Gcc/Obj/configServer.o
                0x0010167c                CS_GetMemory
 .text.halStartAtomic
                0x0010169c       0x1c ./../../../../BitCloud/lib/libHAL_deRFarm7_At91sam7x512_48Mhz_Gcc.a(atomic.o)
                0x0010169c                halStartAtomic
 .text.halEndAtomic
                0x001016b8       0x28 ./../../../../BitCloud/lib/libHAL_deRFarm7_At91sam7x512_48Mhz_Gcc.a(atomic.o)
                0x001016b8                halEndAtomic
 .text.halAppTimerHandler
                0x001016e0       0x50 ./../../../../BitCloud/lib/libHAL_deRFarm7_At91sam7x512_48Mhz_Gcc.a(appTimer.o)
                0x001016e0                halAppTimerHandler
 .text.HAL_StartAppTimer
                0x00101730       0x44 ./../../../../BitCloud/lib/libHAL_deRFarm7_At91sam7x512_48Mhz_Gcc.a(appTimer.o)
                0x00101730                HAL_StartAppTimer
 .text.HAL_StopAppTimer
                0x00101774       0x38 ./../../../../BitCloud/lib/libHAL_deRFarm7_At91sam7x512_48Mhz_Gcc.a(appTimer.o)
                0x00101774                HAL_StopAppTimer
 .text.HAL_GetSystemTime
                0x001017ac       0x14 ./../../../../BitCloud/lib/libHAL_deRFarm7_At91sam7x512_48Mhz_Gcc.a(appTimer.o)
                0x001017ac                HAL_GetSystemTime
 .text.halSigUsartReceptionComplete
                0x001017c0       0x50 ./../../../../BitCloud/lib/libHAL_deRFarm7_At91sam7x512_48Mhz_Gcc.a(usart.o)
 .text.halUsartTaskUsart1Rxc
                0x00101810       0x14 ./../../../../BitCloud/lib/libHAL_deRFarm7_At91sam7x512_48Mhz_Gcc.a(usart.o)
 .text.halUsartTaskUsart0Rxc
                0x00101824       0x14 ./../../../../BitCloud/lib/libHAL_deRFarm7_At91sam7x512_48Mhz_Gcc.a(usart.o)
 .text.halUsartHwController
                0x00101838       0xd8 ./../../../../BitCloud/lib/libHAL_deRFarm7_At91sam7x512_48Mhz_Gcc.a(usart.o)
 .text.hwControlPinsPollCallback
                0x00101910       0x14 ./../../../../BitCloud/lib/libHAL_deRFarm7_At91sam7x512_48Mhz_Gcc.a(usart.o)
                0x00101910                hwControlPinsPollCallback
 .text.halUsartTaskUsart1Dre
                0x00101924       0x14 ./../../../../BitCloud/lib/libHAL_deRFarm7_At91sam7x512_48Mhz_Gcc.a(usart.o)
 .text.halUsartTaskUsart0Dre
                0x00101938       0x14 ./../../../../BitCloud/lib/libHAL_deRFarm7_At91sam7x512_48Mhz_Gcc.a(usart.o)
 .text.halSigUsartHandler
                0x0010194c       0x64 ./../../../../BitCloud/lib/libHAL_deRFarm7_At91sam7x512_48Mhz_Gcc.a(usart.o)
                0x0010194c                halSigUsartHandler
 .text.halSigUsartTransmissionComplete
                0x001019b0       0x60 ./../../../../BitCloud/lib/libHAL_deRFarm7_At91sam7x512_48Mhz_Gcc.a(usart.o)
                0x001019b0                halSigUsartTransmissionComplete
 .text.halUsartTaskUsart1Txc
                0x00101a10       0x14 ./../../../../BitCloud/lib/libHAL_deRFarm7_At91sam7x512_48Mhz_Gcc.a(usart.o)
 .text.halUsartTaskUsart0Txc
                0x00101a24       0x14 ./../../../../BitCloud/lib/libHAL_deRFarm7_At91sam7x512_48Mhz_Gcc.a(usart.o)
 .text.halSig2WireSerialHandler
                0x00101a38       0x34 ./../../../../BitCloud/lib/libHAL_deRFarm7_At91sam7x512_48Mhz_Gcc.a(i2cPacket.o)
                0x00101a38                halSig2WireSerialHandler
 .text.halAddTimer
                0x00101a6c       0x96 ./../../../../BitCloud/lib/libHAL_deRFarm7_At91sam7x512_48Mhz_Gcc.a(timer.o)
                0x00101a6c                halAddTimer
 .text.halRemoveTimer
                0x00101b02       0x20 ./../../../../BitCloud/lib/libHAL_deRFarm7_At91sam7x512_48Mhz_Gcc.a(timer.o)
                0x00101b02                halRemoveTimer
 .text.halFindPrevTimer
                0x00101b22       0x16 ./../../../../BitCloud/lib/libHAL_deRFarm7_At91sam7x512_48Mhz_Gcc.a(timer.o)
                0x00101b22                halFindPrevTimer
 .text.timerHandler
                0x00101b38       0x8c ./../../../../BitCloud/lib/libHAL_deRFarm7_At91sam7x512_48Mhz_Gcc.a(halAppClock.o)
                0x00101b38                timerHandler
 .text.halAppSystemTimeSynchronize
                0x00101bc4       0x58 ./../../../../BitCloud/lib/libHAL_deRFarm7_At91sam7x512_48Mhz_Gcc.a(halAppClock.o)
                0x00101bc4                halAppSystemTimeSynchronize
 .text.halStartAppClock
                0x00101c1c       0x74 ./../../../../BitCloud/lib/libHAL_deRFarm7_At91sam7x512_48Mhz_Gcc.a(halAppClock.o)
                0x00101c1c                halStartAppClock
 .text.halGetTimeOfAppTimer
                0x00101c90       0x1c ./../../../../BitCloud/lib/libHAL_deRFarm7_At91sam7x512_48Mhz_Gcc.a(halAppClock.o)
                0x00101c90                halGetTimeOfAppTimer
 .text.halDelayUs
                0x00101cac       0x64 ./../../../../BitCloud/lib/libHAL_deRFarm7_At91sam7x512_48Mhz_Gcc.a(halAppClock.o)
                0x00101cac                halDelayUs
 .text.HAL_InitMacIsr
                0x00101d10       0x20 ./../../../../BitCloud/lib/libHAL_deRFarm7_At91sam7x512_48Mhz_Gcc.a(halMacIsr.o)
                0x00101d10                HAL_InitMacIsr
 .text.HAL_StartRtimer
                0x00101d30       0xa0 ./../../../../BitCloud/lib/libHAL_deRFarm7_At91sam7x512_48Mhz_Gcc.a(halMacIsr.o)
                0x00101d30                HAL_StartRtimer
 .text.HAL_StopRtimer
                0x00101dd0       0x20 ./../../../../BitCloud/lib/libHAL_deRFarm7_At91sam7x512_48Mhz_Gcc.a(halMacIsr.o)
                0x00101dd0                HAL_StopRtimer
 .text.halMacTimerHandler
                0x00101df0       0x90 ./../../../../BitCloud/lib/libHAL_deRFarm7_At91sam7x512_48Mhz_Gcc.a(halMacIsr.o)
                0x00101df0                halMacTimerHandler
 .text.irqRfHandler
                0x00101e80       0x10 ./../../../../BitCloud/lib/libHAL_deRFarm7_At91sam7x512_48Mhz_Gcc.a(halMacIsr.o)
                0x00101e80                irqRfHandler
 .text.HAL_TaskHandler
                0x00101e90      0x13c ./../../../../BitCloud/lib/libHAL_deRFarm7_At91sam7x512_48Mhz_Gcc.a(halTaskManager.o)
                0x00101e90                HAL_TaskHandler
 .text.halSigAdcHandler
                0x00101fcc       0x20 ./../../../../BitCloud/lib/libHAL_deRFarm7_At91sam7x512_48Mhz_Gcc.a(adc.o)
                0x00101fcc                halSigAdcHandler
 .text.spi1Handler
                0x00101fec       0xc8 ./../../../../BitCloud/lib/libHAL_deRFarm7_At91sam7x512_48Mhz_Gcc.a(halSpi.o)
                0x00101fec                spi1Handler
 .text.halInitRfSpi
                0x001020b4       0xa0 ./../../../../BitCloud/lib/libHAL_deRFarm7_At91sam7x512_48Mhz_Gcc.a(halSpi.o)
                0x001020b4                halInitRfSpi
 .text.HAL_InitRfSpi
                0x00102154       0x18 ./../../../../BitCloud/lib/libHAL_deRFarm7_At91sam7x512_48Mhz_Gcc.a(halSpi.o)
                0x00102154                HAL_InitRfSpi
 .text.HAL_WriteByteRfSpi
                0x0010216c       0x20 ./../../../../BitCloud/lib/libHAL_deRFarm7_At91sam7x512_48Mhz_Gcc.a(halSpi.o)
                0x0010216c                HAL_WriteByteRfSpi
 .text.halRfTxCompleteHandler
                0x0010218c       0x24 ./../../../../BitCloud/lib/libHAL_deRFarm7_At91sam7x512_48Mhz_Gcc.a(halSpi.o)
                0x0010218c                halRfTxCompleteHandler
 .text.halRfRxCompleteHandler
                0x001021b0       0x24 ./../../../../BitCloud/lib/libHAL_deRFarm7_At91sam7x512_48Mhz_Gcc.a(halSpi.o)
                0x001021b0                halRfRxCompleteHandler
 .text.halMemIrqCompleteHandler
                0x001021d4       0x2c ./../../../../BitCloud/lib/libHAL_deRFarm7_At91sam7x512_48Mhz_Gcc.a(halSpi.o)
                0x001021d4                halMemIrqCompleteHandler
 .text.halDelayBetweenMessages
                0x00102200       0x48 ./../../../../BitCloud/lib/libHAL_deRFarm7_At91sam7x512_48Mhz_Gcc.a(dbgPort.o)
 .text.configure_dbgu
                0x00102248       0x48 ./../../../../BitCloud/lib/libHAL_deRFarm7_At91sam7x512_48Mhz_Gcc.a(dbgPort.o)
                0x00102248                configure_dbgu
 .text.dbgu_print_ascii
                0x00102290       0x30 ./../../../../BitCloud/lib/libHAL_deRFarm7_At91sam7x512_48Mhz_Gcc.a(dbgPort.o)
                0x00102290                dbgu_print_ascii
 .text.dbgu_print_hex8
                0x001022c0       0x5c ./../../../../BitCloud/lib/libHAL_deRFarm7_At91sam7x512_48Mhz_Gcc.a(dbgPort.o)
                0x001022c0                dbgu_print_hex8
 .text.parseAbortState
                0x0010231c      0x104 ./../../../../BitCloud/lib/libHAL_deRFarm7_At91sam7x512_48Mhz_Gcc.a(dbgPort.o)
 .text.halSpecRegisterView
                0x00102420       0x6c ./../../../../BitCloud/lib/libHAL_deRFarm7_At91sam7x512_48Mhz_Gcc.a(dbgPort.o)
 .text.halCommRegisterView
                0x0010248c       0x58 ./../../../../BitCloud/lib/libHAL_deRFarm7_At91sam7x512_48Mhz_Gcc.a(dbgPort.o)
 .text.halStackView
                0x001024e4       0x6c ./../../../../BitCloud/lib/libHAL_deRFarm7_At91sam7x512_48Mhz_Gcc.a(dbgPort.o)
 .text.custom_pabt_handler
                0x00102550       0x60 ./../../../../BitCloud/lib/libHAL_deRFarm7_At91sam7x512_48Mhz_Gcc.a(dbgPort.o)
                0x00102550                custom_pabt_handler
 .text.custom_dabt_handler
                0x001025b0       0x60 ./../../../../BitCloud/lib/libHAL_deRFarm7_At91sam7x512_48Mhz_Gcc.a(dbgPort.o)
                0x001025b0                custom_dabt_handler
 .text.custom_undf_handler
                0x00102610       0x60 ./../../../../BitCloud/lib/libHAL_deRFarm7_At91sam7x512_48Mhz_Gcc.a(dbgPort.o)
                0x00102610                custom_undf_handler
 .text.default_spurious_handler
                0x00102670       0x10 ./../../../../BitCloud/lib/libHAL_deRFarm7_At91sam7x512_48Mhz_Gcc.a(dbgPort.o)
                0x00102670                default_spurious_handler
 .text.default_fiq_handler
                0x00102680       0x1c ./../../../../BitCloud/lib/libHAL_deRFarm7_At91sam7x512_48Mhz_Gcc.a(dbgPort.o)
                0x00102680                default_fiq_handler
 .text.default_irq_handler
                0x0010269c       0x44 ./../../../../BitCloud/lib/libHAL_deRFarm7_At91sam7x512_48Mhz_Gcc.a(dbgPort.o)
                0x0010269c                default_irq_handler
 .text.HAL_Delay
                0x001026e0       0x10 ./../../../../BitCloud/lib/libHAL_deRFarm7_At91sam7x512_48Mhz_Gcc.a(halRfCtrl.o)
                0x001026e0                HAL_Delay
 .text.HAL_ClearRfIrqFlag
                0x001026f0       0x10 ./../../../../BitCloud/lib/libHAL_deRFarm7_At91sam7x512_48Mhz_Gcc.a(halRfCtrl.o)
                0x001026f0                HAL_ClearRfIrqFlag
 .text.HAL_EnableRfIrq
                0x00102700       0x10 ./../../../../BitCloud/lib/libHAL_deRFarm7_At91sam7x512_48Mhz_Gcc.a(halRfCtrl.o)
                0x00102700                HAL_EnableRfIrq
 .text.HAL_DisableRfIrq
                0x00102710       0x18 ./../../../../BitCloud/lib/libHAL_deRFarm7_At91sam7x512_48Mhz_Gcc.a(halRfCtrl.o)
                0x00102710                HAL_DisableRfIrq
 .text.HAL_SetRfSlpTr
                0x00102728       0x10 ./../../../../BitCloud/lib/libHAL_deRFarm7_At91sam7x512_48Mhz_Gcc.a(halRfCtrl.o)
                0x00102728                HAL_SetRfSlpTr
 .text.HAL_ClearRfSlpTr
                0x00102738       0x10 ./../../../../BitCloud/lib/libHAL_deRFarm7_At91sam7x512_48Mhz_Gcc.a(halRfCtrl.o)
                0x00102738                HAL_ClearRfSlpTr
 .text.HAL_SetRfRst
                0x00102748       0x10 ./../../../../BitCloud/lib/libHAL_deRFarm7_At91sam7x512_48Mhz_Gcc.a(halRfCtrl.o)
                0x00102748                HAL_SetRfRst
 .text.HAL_ClearRfRst
                0x00102758       0x10 ./../../../../BitCloud/lib/libHAL_deRFarm7_At91sam7x512_48Mhz_Gcc.a(halRfCtrl.o)
                0x00102758                HAL_ClearRfRst
 .text.HAL_DeselectRfSpi
                0x00102768       0x10 ./../../../../BitCloud/lib/libHAL_deRFarm7_At91sam7x512_48Mhz_Gcc.a(halRfCtrl.o)
                0x00102768                HAL_DeselectRfSpi
 .text.HAL_SelectRfSpi
                0x00102778       0x10 ./../../../../BitCloud/lib/libHAL_deRFarm7_At91sam7x512_48Mhz_Gcc.a(halRfCtrl.o)
                0x00102778                HAL_SelectRfSpi
 .text.HAL_InitRfPins
                0x00102788       0x28 ./../../../../BitCloud/lib/libHAL_deRFarm7_At91sam7x512_48Mhz_Gcc.a(halRfCtrl.o)
                0x00102788                HAL_InitRfPins
 .text.HAL_InitRfIrq
                0x001027b0       0x38 ./../../../../BitCloud/lib/libHAL_deRFarm7_At91sam7x512_48Mhz_Gcc.a(halRfCtrl.o)
                0x001027b0                HAL_InitRfIrq
 .text.HAL_GetRfFreq
                0x001027e8        0x8 ./../../../../BitCloud/lib/libHAL_deRFarm7_At91sam7x512_48Mhz_Gcc.a(halRfCtrl.o)
                0x001027e8                HAL_GetRfFreq
 .text.HAL_InitRfSpiMode
                0x001027f0       0x24 ./../../../../BitCloud/lib/libHAL_deRFarm7_At91sam7x512_48Mhz_Gcc.a(halRfCtrl.o)
                0x001027f0                HAL_InitRfSpiMode
 .text.HAL_EnableRxTxSwitcher
                0x00102814        0x4 ./../../../../BitCloud/lib/libHAL_deRFarm7_At91sam7x512_48Mhz_Gcc.a(halRfCtrl.o)
                0x00102814                HAL_EnableRxTxSwitcher
 .text.HAL_InitAntennaDiversity
                0x00102818        0x4 ./../../../../BitCloud/lib/libHAL_deRFarm7_At91sam7x512_48Mhz_Gcc.a(halRfCtrl.o)
                0x00102818                HAL_InitAntennaDiversity
 .text.HAL_EnableRxAntennaDiversity
                0x0010281c        0x4 ./../../../../BitCloud/lib/libHAL_deRFarm7_At91sam7x512_48Mhz_Gcc.a(halRfCtrl.o)
                0x0010281c                HAL_EnableRxAntennaDiversity
 .text.HAL_EnableTxAntennaDiversity
                0x00102820        0x4 ./../../../../BitCloud/lib/libHAL_deRFarm7_At91sam7x512_48Mhz_Gcc.a(halRfCtrl.o)
                0x00102820                HAL_EnableTxAntennaDiversity
 .text.apsNextBind
                0x00102824       0x5c ./../../../../BitCloud/lib/libBc_All_At91sam7x512_Rf231_Gcc.a(aps.o)
 .text.apsPrepareFragmentedTransmission
                0x00102880       0x88 ./../../../../BitCloud/lib/libBc_All_At91sam7x512_Rf231_Gcc.a(aps.o)
 .text.apsIsFragmentationDataReq
                0x00102908       0x1e ./../../../../BitCloud/lib/libBc_All_At91sam7x512_Rf231_Gcc.a(aps.o)
 *fill*         0x00102926        0x2 
 .text.apsGetBuffer
                0x00102928       0xc8 ./../../../../BitCloud/lib/libBc_All_At91sam7x512_Rf231_Gcc.a(aps.o)
 .text.apsFreeBuffer
                0x001029f0       0x74 ./../../../../BitCloud/lib/libBc_All_At91sam7x512_Rf231_Gcc.a(aps.o)
 .text.apsSendNwkDataReq
                0x00102a64       0x18 ./../../../../BitCloud/lib/libBc_All_At91sam7x512_Rf231_Gcc.a(aps.o)
 .text.apsProcessShortAddrModeDataReq
                0x00102a7c      0x1cc ./../../../../BitCloud/lib/libBc_All_At91sam7x512_Rf231_Gcc.a(aps.o)
 .text.apsSendNextBlock
                0x00102c48       0x18 ./../../../../BitCloud/lib/libBc_All_At91sam7x512_Rf231_Gcc.a(aps.o)
 .text.apsSendAckForFragmentedReceive
                0x00102c60       0xe8 ./../../../../BitCloud/lib/libBc_All_At91sam7x512_Rf231_Gcc.a(aps.o)
 .text.apsProcessGroupAddrModeDataReq
                0x00102d48      0x10c ./../../../../BitCloud/lib/libBc_All_At91sam7x512_Rf231_Gcc.a(aps.o)
 .text.apsSendToNextBoundDevice
                0x00102e54       0x6a ./../../../../BitCloud/lib/libBc_All_At91sam7x512_Rf231_Gcc.a(aps.o)
 .text.apsProcessIndirectDataReq
                0x00102ebe       0x22 ./../../../../BitCloud/lib/libBc_All_At91sam7x512_Rf231_Gcc.a(aps.o)
 .text.apsCalculateApsAckTimeout
                0x00102ee0       0x20 ./../../../../BitCloud/lib/libBc_All_At91sam7x512_Rf231_Gcc.a(aps.o)
 .text.SYS_GetRandomNumber
                0x00102f00       0x20 ./../../../../BitCloud/lib/libBc_All_At91sam7x512_Rf231_Gcc.a(aps.o)
 .text.apsResetMemoryManager
                0x00102f20       0xc8 ./../../../../BitCloud/lib/libBc_All_At91sam7x512_Rf231_Gcc.a(aps.o)
 .text.apsPostTask
                0x00102fe8       0x34 ./../../../../BitCloud/lib/libBc_All_At91sam7x512_Rf231_Gcc.a(aps.o)
 .text.apsDataManagerNwkDataConf
                0x0010301c       0x24 ./../../../../BitCloud/lib/libBc_All_At91sam7x512_Rf231_Gcc.a(aps.o)
 .text.apsGroupNwkDataConf
                0x00103040       0x3c ./../../../../BitCloud/lib/libBc_All_At91sam7x512_Rf231_Gcc.a(aps.o)
 .text.apsProcessEvent
                0x0010307c       0x24 ./../../../../BitCloud/lib/libBc_All_At91sam7x512_Rf231_Gcc.a(aps.o)
 .text.apsAckOnTimerFired
                0x001030a0       0xb8 ./../../../../BitCloud/lib/libBc_All_At91sam7x512_Rf231_Gcc.a(aps.o)
 .text.apsFindBindingEntry
                0x00103158       0x94 ./../../../../BitCloud/lib/libBc_All_At91sam7x512_Rf231_Gcc.a(aps.o)
 .text.apsMakeApsDataConf
                0x001031ec       0x4c ./../../../../BitCloud/lib/libBc_All_At91sam7x512_Rf231_Gcc.a(aps.o)
 .text.apsAckForFragmentedReceiveConfirmHandler
                0x00103238       0x5c ./../../../../BitCloud/lib/libBc_All_At91sam7x512_Rf231_Gcc.a(aps.o)
 .text.apsHandleTransmittedData.constprop.12
                0x00103294       0x52 ./../../../../BitCloud/lib/libBc_All_At91sam7x512_Rf231_Gcc.a(aps.o)
 *fill*         0x001032e6        0x2 
 .text.APS_BindReq
                0x001032e8       0x98 ./../../../../BitCloud/lib/libBc_All_At91sam7x512_Rf231_Gcc.a(aps.o)
                0x001032e8                APS_BindReq
 .text.APS_UnbindReq
                0x00103380       0x50 ./../../../../BitCloud/lib/libBc_All_At91sam7x512_Rf231_Gcc.a(aps.o)
                0x00103380                APS_UnbindReq
 .text.APS_DataReq
                0x001033d0       0x1c ./../../../../BitCloud/lib/libBc_All_At91sam7x512_Rf231_Gcc.a(aps.o)
                0x001033d0                APS_DataReq
 .text.NWK_DataInd
                0x001033ec       0x1c ./../../../../BitCloud/lib/libBc_All_At91sam7x512_Rf231_Gcc.a(aps.o)
                0x001033ec                NWK_DataInd
 .text.APS_CalculateTimes
                0x00103408       0xec ./../../../../BitCloud/lib/libBc_All_At91sam7x512_Rf231_Gcc.a(aps.o)
                0x00103408                APS_CalculateTimes
 .text.apsResetDataManager
                0x001034f4       0xc0 ./../../../../BitCloud/lib/libBc_All_At91sam7x512_Rf231_Gcc.a(aps.o)
 .text.apsNwkResetConf
                0x001035b4      0x14c ./../../../../BitCloud/lib/libBc_All_At91sam7x512_Rf231_Gcc.a(aps.o)
 .text.apsStateMachineTaskHandler
                0x00103700       0xdc ./../../../../BitCloud/lib/libBc_All_At91sam7x512_Rf231_Gcc.a(aps.o)
 .text.APS_IsProfileIdMatched
                0x001037dc       0x20 ./../../../../BitCloud/lib/libBc_All_At91sam7x512_Rf231_Gcc.a(aps.o)
                0x001037dc                APS_IsProfileIdMatched
 .text.APS_NextEndpoint
                0x001037fc       0x18 ./../../../../BitCloud/lib/libBc_All_At91sam7x512_Rf231_Gcc.a(aps.o)
                0x001037fc                APS_NextEndpoint
 .text.apsFindEndpoint
                0x00103814       0x1e ./../../../../BitCloud/lib/libBc_All_At91sam7x512_Rf231_Gcc.a(aps.o)
 *fill*         0x00103832        0x2 
 .text.APS_RegisterEndpointReq
                0x00103834       0x44 ./../../../../BitCloud/lib/libBc_All_At91sam7x512_Rf231_Gcc.a(aps.o)
                0x00103834                APS_RegisterEndpointReq
 .text.apsGroupIndication
                0x00103878       0x68 ./../../../../BitCloud/lib/libBc_All_At91sam7x512_Rf231_Gcc.a(aps.o)
 .text.apsUnicastDataInd
                0x001038e0      0x1e8 ./../../../../BitCloud/lib/libBc_All_At91sam7x512_Rf231_Gcc.a(aps.o)
 .text.apsApduUnicastHandler.constprop.10
                0x00103ac8      0x4ac ./../../../../BitCloud/lib/libBc_All_At91sam7x512_Rf231_Gcc.a(aps.o)
 .text.apsDataTaskHandler
                0x00103f74      0x8d0 ./../../../../BitCloud/lib/libBc_All_At91sam7x512_Rf231_Gcc.a(aps.o)
 .text.APS_Init
                0x00104844       0x30 ./../../../../BitCloud/lib/libBc_All_At91sam7x512_Rf231_Gcc.a(aps.o)
                0x00104844                APS_Init
 .text.APS_ResetReq
                0x00104874       0x10 ./../../../../BitCloud/lib/libBc_All_At91sam7x512_Rf231_Gcc.a(aps.o)
                0x00104874                APS_ResetReq
 .text.APS_StartReq
                0x00104884       0x10 ./../../../../BitCloud/lib/libBc_All_At91sam7x512_Rf231_Gcc.a(aps.o)
                0x00104884                APS_StartReq
 .text.APS_StopReq
                0x00104894       0x10 ./../../../../BitCloud/lib/libBc_All_At91sam7x512_Rf231_Gcc.a(aps.o)
                0x00104894                APS_StopReq
 .text.APS_IsActiveTransaction
                0x001048a4       0x54 ./../../../../BitCloud/lib/libBc_All_At91sam7x512_Rf231_Gcc.a(aps.o)
                0x001048a4                APS_IsActiveTransaction
 .text.APS_TaskHandler
                0x001048f8       0x8c ./../../../../BitCloud/lib/libBc_All_At91sam7x512_Rf231_Gcc.a(aps.o)
                0x001048f8                APS_TaskHandler
 .text.SYS_GetRandomNumber
                0x00104984       0x20 ./../../../../BitCloud/lib/libBc_All_At91sam7x512_Rf231_Gcc.a(macenvPib.o)
 .text.getSymbolsPerOctet
                0x001049a4       0x48 ./../../../../BitCloud/lib/libBc_All_At91sam7x512_Rf231_Gcc.a(macenvPib.o)
 .text.calculateMaxFrameDuration
                0x001049ec       0x1c ./../../../../BitCloud/lib/libBc_All_At91sam7x512_Rf231_Gcc.a(macenvPib.o)
 .text.storeTransmitPower
                0x00104a08       0x70 ./../../../../BitCloud/lib/libBc_All_At91sam7x512_Rf231_Gcc.a(macenvPib.o)
 .text.macenvGetPhySymbolDuration
                0x00104a78       0x54 ./../../../../BitCloud/lib/libBc_All_At91sam7x512_Rf231_Gcc.a(macenvPib.o)
                0x00104a78                macenvGetPhySymbolDuration
 .text.updateMaxFrameTxTime
                0x00104acc       0x28 ./../../../../BitCloud/lib/libBc_All_At91sam7x512_Rf231_Gcc.a(macenvPib.o)
 .text.macenvResetPib
                0x00104af4       0xc0 ./../../../../BitCloud/lib/libBc_All_At91sam7x512_Rf231_Gcc.a(macenvPib.o)
                0x00104af4                macenvResetPib
 .text.macenvConvertTransPersistTimeFromUnitsToMs
                0x00104bb4       0x1e ./../../../../BitCloud/lib/libBc_All_At91sam7x512_Rf231_Gcc.a(macenvPib.o)
                0x00104bb4                macenvConvertTransPersistTimeFromUnitsToMs
 *fill*         0x00104bd2        0x2 
 .text.macenvSetPibAttr
                0x00104bd4      0x1c0 ./../../../../BitCloud/lib/libBc_All_At91sam7x512_Rf231_Gcc.a(macenvPib.o)
                0x00104bd4                macenvSetPibAttr
 .text.macenvCalculateMaxFrameTotalWaitTimeInMs
                0x00104d94       0x74 ./../../../../BitCloud/lib/libBc_All_At91sam7x512_Rf231_Gcc.a(macenvPib.o)
                0x00104d94                macenvCalculateMaxFrameTotalWaitTimeInMs
 .text.macenvCalculateResponceWaitTimeInMs
                0x00104e08       0x28 ./../../../../BitCloud/lib/libBc_All_At91sam7x512_Rf231_Gcc.a(macenvPib.o)
                0x00104e08                macenvCalculateResponceWaitTimeInMs
 .text.macenvGetPibAttr
                0x00104e30      0x180 ./../../../../BitCloud/lib/libBc_All_At91sam7x512_Rf231_Gcc.a(macenvPib.o)
                0x00104e30                macenvGetPibAttr
 .text.MAC_GetExtAddr
                0x00104fb0        0x8 ./../../../../BitCloud/lib/libBc_All_At91sam7x512_Rf231_Gcc.a(macenvPib.o)
                0x00104fb0                MAC_GetExtAddr
 .text.MAC_SetExtAddr
                0x00104fb8       0x10 ./../../../../BitCloud/lib/libBc_All_At91sam7x512_Rf231_Gcc.a(macenvPib.o)
                0x00104fb8                MAC_SetExtAddr
 .text.MAC_IsOwnExtAddr
                0x00104fc8       0x1c ./../../../../BitCloud/lib/libBc_All_At91sam7x512_Rf231_Gcc.a(macenvPib.o)
                0x00104fc8                MAC_IsOwnExtAddr
 .text.MAC_GetOctetsTransmissionTimeInMs
                0x00104fe4       0x20 ./../../../../BitCloud/lib/libBc_All_At91sam7x512_Rf231_Gcc.a(macenvPib.o)
                0x00104fe4                MAC_GetOctetsTransmissionTimeInMs
 .text.nwkAddressConflictIsIdle
                0x00105004       0x14 ./../../../../BitCloud/lib/libBc_All_At91sam7x512_Rf231_Gcc.a(nwk.o)
 .text.nwkFindAddressMapEntryByExtAddr
                0x00105018       0x38 ./../../../../BitCloud/lib/libBc_All_At91sam7x512_Rf231_Gcc.a(nwk.o)
 .text.nwkAddToAddressMap
                0x00105050       0x60 ./../../../../BitCloud/lib/libBc_All_At91sam7x512_Rf231_Gcc.a(nwk.o)
 .text.nwkFindAddressMapEntryByShortAddr
                0x001050b0       0x30 ./../../../../BitCloud/lib/libBc_All_At91sam7x512_Rf231_Gcc.a(nwk.o)
 .text.nwkDataReqIsIdle
                0x001050e0       0x14 ./../../../../BitCloud/lib/libBc_All_At91sam7x512_Rf231_Gcc.a(nwk.o)
 .text.nwkDiscoveryIsIdle
                0x001050f4       0x14 ./../../../../BitCloud/lib/libBc_All_At91sam7x512_Rf231_Gcc.a(nwk.o)
 .text.nwkEDScanIsIdle
                0x00105108       0x14 ./../../../../BitCloud/lib/libBc_All_At91sam7x512_Rf231_Gcc.a(nwk.o)
 .text.nwkFormationIsIdle
                0x0010511c       0x14 ./../../../../BitCloud/lib/libBc_All_At91sam7x512_Rf231_Gcc.a(nwk.o)
 .text.nwkParseHeader
                0x00105130       0x6a ./../../../../BitCloud/lib/libBc_All_At91sam7x512_Rf231_Gcc.a(nwk.o)
 *fill*         0x0010519a        0x2 
 .text.nwkSetDepth
                0x0010519c       0x18 ./../../../../BitCloud/lib/libBc_All_At91sam7x512_Rf231_Gcc.a(nwk.o)
 .text.findFreeJoinIndObjFor
                0x001051b4       0x58 ./../../../../BitCloud/lib/libBc_All_At91sam7x512_Rf231_Gcc.a(nwk.o)
 .text.nwkJoinIndIsIdle
                0x0010520c       0x34 ./../../../../BitCloud/lib/libBc_All_At91sam7x512_Rf231_Gcc.a(nwk.o)
 .text.nwkJoinReqIsIdle
                0x00105240       0x14 ./../../../../BitCloud/lib/libBc_All_At91sam7x512_Rf231_Gcc.a(nwk.o)
 .text.nwkLeaveReqIsIdle
                0x00105254       0x14 ./../../../../BitCloud/lib/libBc_All_At91sam7x512_Rf231_Gcc.a(nwk.o)
 .text.nwkLinkStatusIsIdle
                0x00105268       0x14 ./../../../../BitCloud/lib/libBc_All_At91sam7x512_Rf231_Gcc.a(nwk.o)
 .text.nwkLoopbackIsIdle
                0x0010527c       0x14 ./../../../../BitCloud/lib/libBc_All_At91sam7x512_Rf231_Gcc.a(nwk.o)
 .text.nwkGetOutgoingCost
                0x00105290       0x2c ./../../../../BitCloud/lib/libBc_All_At91sam7x512_Rf231_Gcc.a(nwk.o)
 .text.nwkClearNeighborTable
                0x001052bc       0x78 ./../../../../BitCloud/lib/libBc_All_At91sam7x512_Rf231_Gcc.a(nwk.o)
 .text.nwkUpdateCapacityBits
                0x00105334       0x84 ./../../../../BitCloud/lib/libBc_All_At91sam7x512_Rf231_Gcc.a(nwk.o)
 .text.nwkUpdateCapacityBitsInBeacon
                0x001053b8       0x48 ./../../../../BitCloud/lib/libBc_All_At91sam7x512_Rf231_Gcc.a(nwk.o)
 .text.nwkUpdateBeaconPayload
                0x00105400       0x98 ./../../../../BitCloud/lib/libBc_All_At91sam7x512_Rf231_Gcc.a(nwk.o)
 .text.nwkFreeNeighbor
                0x00105498       0x34 ./../../../../BitCloud/lib/libBc_All_At91sam7x512_Rf231_Gcc.a(nwk.o)
 .text.nwkCostFromLqi
                0x001054cc       0x34 ./../../../../BitCloud/lib/libBc_All_At91sam7x512_Rf231_Gcc.a(nwk.o)
 .text.nwkInitLqiAndCostOfNeighbor
                0x00105500       0x40 ./../../../../BitCloud/lib/libBc_All_At91sam7x512_Rf231_Gcc.a(nwk.o)
 .text.nwkUpdateLqiAndCostOfNeighbor
                0x00105540       0x50 ./../../../../BitCloud/lib/libBc_All_At91sam7x512_Rf231_Gcc.a(nwk.o)
 .text.nwkFindPassiveAck
                0x00105590       0x44 ./../../../../BitCloud/lib/libBc_All_At91sam7x512_Rf231_Gcc.a(nwk.o)
 .text.nwkNewPassiveAck
                0x001055d4       0xb8 ./../../../../BitCloud/lib/libBc_All_At91sam7x512_Rf231_Gcc.a(nwk.o)
 .text.nwkFreePassiveAck
                0x0010568c       0x38 ./../../../../BitCloud/lib/libBc_All_At91sam7x512_Rf231_Gcc.a(nwk.o)
 .text.nwkPermitJoiningIsIdle
                0x001056c4       0x20 ./../../../../BitCloud/lib/libBc_All_At91sam7x512_Rf231_Gcc.a(nwk.o)
 .text.nwkResetIsIdle
                0x001056e4       0x10 ./../../../../BitCloud/lib/libBc_All_At91sam7x512_Rf231_Gcc.a(nwk.o)
 .text.nwkRouteDiscoveryIsIdle
                0x001056f4       0x14 ./../../../../BitCloud/lib/libBc_All_At91sam7x512_Rf231_Gcc.a(nwk.o)
 .text.nwkFindRouteDiscoveryEntry
                0x00105708       0x38 ./../../../../BitCloud/lib/libBc_All_At91sam7x512_Rf231_Gcc.a(nwk.o)
 .text.nwkFreeRouteDiscoveryEntry
                0x00105740       0x30 ./../../../../BitCloud/lib/libBc_All_At91sam7x512_Rf231_Gcc.a(nwk.o)
 .text.nwkConfirmRouteRequestTx
                0x00105770       0x42 ./../../../../BitCloud/lib/libBc_All_At91sam7x512_Rf231_Gcc.a(nwk.o)
 *fill*         0x001057b2        0x2 
 .text.nwkRouteDiscoveryTableIsIdle
                0x001057b4       0x14 ./../../../../BitCloud/lib/libBc_All_At91sam7x512_Rf231_Gcc.a(nwk.o)
 .text.nwkDeleteNextHop
                0x001057c8       0x38 ./../../../../BitCloud/lib/libBc_All_At91sam7x512_Rf231_Gcc.a(nwk.o)
 .text.nwkFindRoutingEntry
                0x00105800       0x3c ./../../../../BitCloud/lib/libBc_All_At91sam7x512_Rf231_Gcc.a(nwk.o)
 .text.nwkFreeRoutingEntry
                0x0010583c       0x18 ./../../../../BitCloud/lib/libBc_All_At91sam7x512_Rf231_Gcc.a(nwk.o)
 .text.nwkUpdateNextHop
                0x00105854       0x94 ./../../../../BitCloud/lib/libBc_All_At91sam7x512_Rf231_Gcc.a(nwk.o)
 .text.nwkStartRouterIsIdle
                0x001058e8       0x14 ./../../../../BitCloud/lib/libBc_All_At91sam7x512_Rf231_Gcc.a(nwk.o)
 .text.nwkSendRouteErrorConf
                0x001058fc       0x10 ./../../../../BitCloud/lib/libBc_All_At91sam7x512_Rf231_Gcc.a(nwk.o)
 .text.nwkSyncIsIdle
                0x0010590c       0x14 ./../../../../BitCloud/lib/libBc_All_At91sam7x512_Rf231_Gcc.a(nwk.o)
 .text.nwkTxDelayIsIdle
                0x00105920       0x10 ./../../../../BitCloud/lib/libBc_All_At91sam7x512_Rf231_Gcc.a(nwk.o)
 .text.nwkReloadNibFromConfigServer
                0x00105930       0x64 ./../../../../BitCloud/lib/libBc_All_At91sam7x512_Rf231_Gcc.a(nwk.o)
 .text.nwkSetLifeTimeOfNeighbor
                0x00105994       0x78 ./../../../../BitCloud/lib/libBc_All_At91sam7x512_Rf231_Gcc.a(nwk.o)
 .text.nwkLinkStatusInd
                0x00105a0c      0x21c ./../../../../BitCloud/lib/libBc_All_At91sam7x512_Rf231_Gcc.a(nwk.o)
 .text.nwkAllocPacket
                0x00105c28       0xa0 ./../../../../BitCloud/lib/libBc_All_At91sam7x512_Rf231_Gcc.a(nwk.o)
 .text.nwkAllocInputPacket
                0x00105cc8       0x26 ./../../../../BitCloud/lib/libBc_All_At91sam7x512_Rf231_Gcc.a(nwk.o)
 .text.SYS_GetRandomNumber
                0x00105cee       0x20 ./../../../../BitCloud/lib/libBc_All_At91sam7x512_Rf231_Gcc.a(nwk.o)
 *fill*         0x00105d0e        0x2 
 .text.nwkFindDeviceToJoin
                0x00105d10       0xec ./../../../../BitCloud/lib/libBc_All_At91sam7x512_Rf231_Gcc.a(nwk.o)
 .text.nwkStartLinkStatusTimer
                0x00105dfc       0x20 ./../../../../BitCloud/lib/libBc_All_At91sam7x512_Rf231_Gcc.a(nwk.o)
 .text.nwkConfirmLinkStatusTx
                0x00105e1c       0x20 ./../../../../BitCloud/lib/libBc_All_At91sam7x512_Rf231_Gcc.a(nwk.o)
 .text.nwkStartAgeTimerOfNeighborTable
                0x00105e3c       0x34 ./../../../../BitCloud/lib/libBc_All_At91sam7x512_Rf231_Gcc.a(nwk.o)
 .text.freeJoinIndObj
                0x00105e70       0x10 ./../../../../BitCloud/lib/libBc_All_At91sam7x512_Rf231_Gcc.a(nwk.o)
 .text.nwkJoinIndTaskHandler
                0x00105e80       0xbc ./../../../../BitCloud/lib/libBc_All_At91sam7x512_Rf231_Gcc.a(nwk.o)
 .text.nwkPrepareCommonFrame
                0x00105f3c       0x54 ./../../../../BitCloud/lib/libBc_All_At91sam7x512_Rf231_Gcc.a(nwk.o)
 .text.nwkAllocRouteDiscoveryEntry
                0x00105f90       0x84 ./../../../../BitCloud/lib/libBc_All_At91sam7x512_Rf231_Gcc.a(nwk.o)
 .text.nwkPrepareLeaveChildTx
                0x00106014       0xd0 ./../../../../BitCloud/lib/libBc_All_At91sam7x512_Rf231_Gcc.a(nwk.o)
 .text.nwkPrepareLeaveItselfTx
                0x001060e4       0xa0 ./../../../../BitCloud/lib/libBc_All_At91sam7x512_Rf231_Gcc.a(nwk.o)
 .text.nwkPrepareJoinRespTx
                0x00106184       0xf4 ./../../../../BitCloud/lib/libBc_All_At91sam7x512_Rf231_Gcc.a(nwk.o)
 .text.nwkPrepareJoinReqTx
                0x00106278       0x8c ./../../../../BitCloud/lib/libBc_All_At91sam7x512_Rf231_Gcc.a(nwk.o)
 .text.nwkPrepareLinkStatusTx
                0x00106304      0x164 ./../../../../BitCloud/lib/libBc_All_At91sam7x512_Rf231_Gcc.a(nwk.o)
 .text.nwkPermitJoinTimerFired
                0x00106468       0x3c ./../../../../BitCloud/lib/libBc_All_At91sam7x512_Rf231_Gcc.a(nwk.o)
 .text.nwkResetRouteDiscoveryTable
                0x001064a4       0x78 ./../../../../BitCloud/lib/libBc_All_At91sam7x512_Rf231_Gcc.a(nwk.o)
 .text.nwkPostTask
                0x0010651c       0x34 ./../../../../BitCloud/lib/libBc_All_At91sam7x512_Rf231_Gcc.a(nwk.o)
 .text.nwkEDScanMacEDScanConf
                0x00106550       0x3c ./../../../../BitCloud/lib/libBc_All_At91sam7x512_Rf231_Gcc.a(nwk.o)
 .text.nwkFormationMacRxEnableConf
                0x0010658c       0x28 ./../../../../BitCloud/lib/libBc_All_At91sam7x512_Rf231_Gcc.a(nwk.o)
 .text.nwkDiscoveryMacActiveScanConf
                0x001065b4       0x2c ./../../../../BitCloud/lib/libBc_All_At91sam7x512_Rf231_Gcc.a(nwk.o)
 .text.nwkPermitJoiningMacSetConf
                0x001065e0       0x3c ./../../../../BitCloud/lib/libBc_All_At91sam7x512_Rf231_Gcc.a(nwk.o)
 .text.nwkStartRouterMacStartConf
                0x0010661c       0x28 ./../../../../BitCloud/lib/libBc_All_At91sam7x512_Rf231_Gcc.a(nwk.o)
 .text.NWK_JoinConf
                0x00106644       0x38 ./../../../../BitCloud/lib/libBc_All_At91sam7x512_Rf231_Gcc.a(nwk.o)
 .text.nwkStatusConf
                0x0010667c       0x1c ./../../../../BitCloud/lib/libBc_All_At91sam7x512_Rf231_Gcc.a(nwk.o)
 .text.nwkRouteDiscoveryTaskHandler
                0x00106698       0xe0 ./../../../../BitCloud/lib/libBc_All_At91sam7x512_Rf231_Gcc.a(nwk.o)
 .text.nwkFormationMacActiveScanConf
                0x00106778      0x1d0 ./../../../../BitCloud/lib/libBc_All_At91sam7x512_Rf231_Gcc.a(nwk.o)
 .text.nwkFormationMacStartConf
                0x00106948       0x4c ./../../../../BitCloud/lib/libBc_All_At91sam7x512_Rf231_Gcc.a(nwk.o)
 .text.nwkFormationTaskHandler
                0x00106994      0x144 ./../../../../BitCloud/lib/libBc_All_At91sam7x512_Rf231_Gcc.a(nwk.o)
 .text.nwkFormationMacEDScanConf
                0x00106ad8       0xa4 ./../../../../BitCloud/lib/libBc_All_At91sam7x512_Rf231_Gcc.a(nwk.o)
 .text.nwkFormationMacSetConf
                0x00106b7c      0x100 ./../../../../BitCloud/lib/libBc_All_At91sam7x512_Rf231_Gcc.a(nwk.o)
 .text.nwkLoopbackTaskHandler
                0x00106c7c       0xdc ./../../../../BitCloud/lib/libBc_All_At91sam7x512_Rf231_Gcc.a(nwk.o)
 .text.nwkBroadcastForMe
                0x00106d58       0x54 ./../../../../BitCloud/lib/libBc_All_At91sam7x512_Rf231_Gcc.a(nwk.o)
 .text.nwkIsJoiningForbidden
                0x00106dac       0x6c ./../../../../BitCloud/lib/libBc_All_At91sam7x512_Rf231_Gcc.a(nwk.o)
 .text.nwkIsPassiveAckDone.isra.4
                0x00106e18       0x40 ./../../../../BitCloud/lib/libBc_All_At91sam7x512_Rf231_Gcc.a(nwk.o)
 .text.nwkTxDelayReq
                0x00106e58      0x1d0 ./../../../../BitCloud/lib/libBc_All_At91sam7x512_Rf231_Gcc.a(nwk.o)
 .text.nwkEDScanTaskHandler
                0x00107028       0xa8 ./../../../../BitCloud/lib/libBc_All_At91sam7x512_Rf231_Gcc.a(nwk.o)
 .text.nwkDiscoveryTaskHandler
                0x001070d0       0xb4 ./../../../../BitCloud/lib/libBc_All_At91sam7x512_Rf231_Gcc.a(nwk.o)
 .text.nwkDataConf
                0x00107184       0x38 ./../../../../BitCloud/lib/libBc_All_At91sam7x512_Rf231_Gcc.a(nwk.o)
 .text.nwkConfirmDataTx
                0x001071bc       0x22 ./../../../../BitCloud/lib/libBc_All_At91sam7x512_Rf231_Gcc.a(nwk.o)
 *fill*         0x001071de        0x2 
 .text.nwkRouteDiscoveryTableTimerFired
                0x001071e0       0x58 ./../../../../BitCloud/lib/libBc_All_At91sam7x512_Rf231_Gcc.a(nwk.o)
 .text.nwkPermitJoiningTaskHandler
                0x00107238       0xc8 ./../../../../BitCloud/lib/libBc_All_At91sam7x512_Rf231_Gcc.a(nwk.o)
 .text.nwkResetNeighborTable
                0x00107300       0x78 ./../../../../BitCloud/lib/libBc_All_At91sam7x512_Rf231_Gcc.a(nwk.o)
 .text.nwkStartRouterTaskHandler
                0x00107378       0xe4 ./../../../../BitCloud/lib/libBc_All_At91sam7x512_Rf231_Gcc.a(nwk.o)
 .text.nwkConfirmLeaveItselfTx
                0x0010745c       0x48 ./../../../../BitCloud/lib/libBc_All_At91sam7x512_Rf231_Gcc.a(nwk.o)
 .text.nwkResetTaskHandler
                0x001074a4       0x5c ./../../../../BitCloud/lib/libBc_All_At91sam7x512_Rf231_Gcc.a(nwk.o)
 .text.nwkSyncTaskHandler
                0x00107500       0xc0 ./../../../../BitCloud/lib/libBc_All_At91sam7x512_Rf231_Gcc.a(nwk.o)
 .text.nwkSyncMacPollConf
                0x001075c0       0x6c ./../../../../BitCloud/lib/libBc_All_At91sam7x512_Rf231_Gcc.a(nwk.o)
 .text.nwkAssociate
                0x0010762c       0xa0 ./../../../../BitCloud/lib/libBc_All_At91sam7x512_Rf231_Gcc.a(nwk.o)
 .text.MAC_AssociateConf
                0x001076cc       0xe0 ./../../../../BitCloud/lib/libBc_All_At91sam7x512_Rf231_Gcc.a(nwk.o)
 .text.nwkGetSuitableParent
                0x001077ac       0x78 ./../../../../BitCloud/lib/libBc_All_At91sam7x512_Rf231_Gcc.a(nwk.o)
 .text.nwkJoinReqMacSetConf
                0x00107824      0x1b0 ./../../../../BitCloud/lib/libBc_All_At91sam7x512_Rf231_Gcc.a(nwk.o)
 .text.macLatencyFired
                0x001079d4        0xc ./../../../../BitCloud/lib/libBc_All_At91sam7x512_Rf231_Gcc.a(nwk.o)
 .text.nwkConfirmJoinReqTx
                0x001079e0       0x58 ./../../../../BitCloud/lib/libBc_All_At91sam7x512_Rf231_Gcc.a(nwk.o)
 .text.responseWaitTimerFired
                0x00107a38       0x60 ./../../../../BitCloud/lib/libBc_All_At91sam7x512_Rf231_Gcc.a(nwk.o)
 .text.nwkJoinReqMacPollConf
                0x00107a98       0x5c ./../../../../BitCloud/lib/libBc_All_At91sam7x512_Rf231_Gcc.a(nwk.o)
 .text.nwkRejoinResponseFrameInd
                0x00107af4      0x184 ./../../../../BitCloud/lib/libBc_All_At91sam7x512_Rf231_Gcc.a(nwk.o)
 .text.nwkAllocOutputPacket.constprop.55
                0x00107c78       0x38 ./../../../../BitCloud/lib/libBc_All_At91sam7x512_Rf231_Gcc.a(nwk.o)
 .text.nwkTryToProcessCommandReq
                0x00107cb0       0x38 ./../../../../BitCloud/lib/libBc_All_At91sam7x512_Rf231_Gcc.a(nwk.o)
 .text.nwkCommandReq
                0x00107ce8       0x20 ./../../../../BitCloud/lib/libBc_All_At91sam7x512_Rf231_Gcc.a(nwk.o)
 .text.nwkConfirmNetworkStatusTx
                0x00107d08       0x60 ./../../../../BitCloud/lib/libBc_All_At91sam7x512_Rf231_Gcc.a(nwk.o)
 .text.nwkLinkStatusTimerFired
                0x00107d68       0x28 ./../../../../BitCloud/lib/libBc_All_At91sam7x512_Rf231_Gcc.a(nwk.o)
 .text.nwkRejoinCmdPrepareAndSend
                0x00107d90       0x40 ./../../../../BitCloud/lib/libBc_All_At91sam7x512_Rf231_Gcc.a(nwk.o)
 .text.nwkJoinReqMacRxEnableConf
                0x00107dd0       0x84 ./../../../../BitCloud/lib/libBc_All_At91sam7x512_Rf231_Gcc.a(nwk.o)
 .text.nwkJoinReqMacGetConf
                0x00107e54       0x3c ./../../../../BitCloud/lib/libBc_All_At91sam7x512_Rf231_Gcc.a(nwk.o)
 .text.nwkSendAddressConflictNwkStatus.constprop.53
                0x00107e90       0x78 ./../../../../BitCloud/lib/libBc_All_At91sam7x512_Rf231_Gcc.a(nwk.o)
 .text.nwkAddressConflictMacSetConf
                0x00107f08       0x4c ./../../../../BitCloud/lib/libBc_All_At91sam7x512_Rf231_Gcc.a(nwk.o)
 .text.nwkRemoveAllChildren.constprop.54
                0x00107f54       0xb0 ./../../../../BitCloud/lib/libBc_All_At91sam7x512_Rf231_Gcc.a(nwk.o)
 .text.nwkFreePacket
                0x00108004       0x5c ./../../../../BitCloud/lib/libBc_All_At91sam7x512_Rf231_Gcc.a(nwk.o)
 .text.nwkSendRouteErrorStatus.constprop.56
                0x00108060       0x78 ./../../../../BitCloud/lib/libBc_All_At91sam7x512_Rf231_Gcc.a(nwk.o)
 .text.nwkTxConf
                0x001080d8      0x184 ./../../../../BitCloud/lib/libBc_All_At91sam7x512_Rf231_Gcc.a(nwk.o)
 .text.nwkProcessDelayStatus
                0x0010825c       0xac ./../../../../BitCloud/lib/libBc_All_At91sam7x512_Rf231_Gcc.a(nwk.o)
 .text.MAC_DataConf
                0x00108308       0x20 ./../../../../BitCloud/lib/libBc_All_At91sam7x512_Rf231_Gcc.a(nwk.o)
 .text.nwkLeaveReqMacResetConf
                0x00108328       0xe0 ./../../../../BitCloud/lib/libBc_All_At91sam7x512_Rf231_Gcc.a(nwk.o)
 .text.nwkTransmitOutputPacket.isra.25
                0x00108408       0x40 ./../../../../BitCloud/lib/libBc_All_At91sam7x512_Rf231_Gcc.a(nwk.o)
 .text.nwkSendDiscoveryCommand
                0x00108448       0x64 ./../../../../BitCloud/lib/libBc_All_At91sam7x512_Rf231_Gcc.a(nwk.o)
 .text.nwkRouteDiscoveryTableTaskHandler
                0x001084ac       0xa4 ./../../../../BitCloud/lib/libBc_All_At91sam7x512_Rf231_Gcc.a(nwk.o)
 .text.nwkTxDelayTimerFired
                0x00108550       0x60 ./../../../../BitCloud/lib/libBc_All_At91sam7x512_Rf231_Gcc.a(nwk.o)
 .text.nwkMeshRouteDiscoveryConf
                0x001085b0       0x4e ./../../../../BitCloud/lib/libBc_All_At91sam7x512_Rf231_Gcc.a(nwk.o)
 *fill*         0x001085fe        0x2 
 .text.NWK_GetShortAddr
                0x00108600        0xc ./../../../../BitCloud/lib/libBc_All_At91sam7x512_Rf231_Gcc.a(nwk.o)
                0x00108600                NWK_GetShortAddr
 .text.NWK_IsStaticAddressingMode
                0x0010860c        0xc ./../../../../BitCloud/lib/libBc_All_At91sam7x512_Rf231_Gcc.a(nwk.o)
                0x0010860c                NWK_IsStaticAddressingMode
 .text.NWK_RemoveFromAddressMap
                0x00108618       0x18 ./../../../../BitCloud/lib/libBc_All_At91sam7x512_Rf231_Gcc.a(nwk.o)
                0x00108618                NWK_RemoveFromAddressMap
 .text.NWK_NetworkDiscoveryReq
                0x00108630       0x28 ./../../../../BitCloud/lib/libBc_All_At91sam7x512_Rf231_Gcc.a(nwk.o)
                0x00108630                NWK_NetworkDiscoveryReq
 .text.MAC_BeaconNotifyInd
                0x00108658      0x3f8 ./../../../../BitCloud/lib/libBc_All_At91sam7x512_Rf231_Gcc.a(nwk.o)
                0x00108658                MAC_BeaconNotifyInd
 .text.NWK_EDScanReq
                0x00108a50       0x28 ./../../../../BitCloud/lib/libBc_All_At91sam7x512_Rf231_Gcc.a(nwk.o)
                0x00108a50                NWK_EDScanReq
 .text.NWK_NetworkFormationReq
                0x00108a78       0x30 ./../../../../BitCloud/lib/libBc_All_At91sam7x512_Rf231_Gcc.a(nwk.o)
                0x00108a78                NWK_NetworkFormationReq
 .text.NWK_IsGroupMember
                0x00108aa8       0x3c ./../../../../BitCloud/lib/libBc_All_At91sam7x512_Rf231_Gcc.a(nwk.o)
                0x00108aa8                NWK_IsGroupMember
 .text.nwkRetransmitInputPacket
                0x00108ae4       0xf0 ./../../../../BitCloud/lib/libBc_All_At91sam7x512_Rf231_Gcc.a(nwk.o)
 .text.NWK_DataResp
                0x00108bd4       0x20 ./../../../../BitCloud/lib/libBc_All_At91sam7x512_Rf231_Gcc.a(nwk.o)
                0x00108bd4                NWK_DataResp
 .text.unlikely.nwkRxIndication
                0x00108bf4      0x20c ./../../../../BitCloud/lib/libBc_All_At91sam7x512_Rf231_Gcc.a(nwk.o)
 .text.unlikely.nwkRxRetransmit
                0x00108e00       0xc8 ./../../../../BitCloud/lib/libBc_All_At91sam7x512_Rf231_Gcc.a(nwk.o)
 .text.NWK_ResetGroups
                0x00108ec8       0x3c ./../../../../BitCloud/lib/libBc_All_At91sam7x512_Rf231_Gcc.a(nwk.o)
                0x00108ec8                NWK_ResetGroups
 .text.nwkResetMacResetConf
                0x00108f04      0x3a0 ./../../../../BitCloud/lib/libBc_All_At91sam7x512_Rf231_Gcc.a(nwk.o)
 .text.NWK_GetParentShortAddr
                0x001092a4        0xc ./../../../../BitCloud/lib/libBc_All_At91sam7x512_Rf231_Gcc.a(nwk.o)
                0x001092a4                NWK_GetParentShortAddr
 .text.NWK_GetPanId
                0x001092b0        0xc ./../../../../BitCloud/lib/libBc_All_At91sam7x512_Rf231_Gcc.a(nwk.o)
                0x001092b0                NWK_GetPanId
 .text.NWK_GetExtPanId
                0x001092bc        0xc ./../../../../BitCloud/lib/libBc_All_At91sam7x512_Rf231_Gcc.a(nwk.o)
                0x001092bc                NWK_GetExtPanId
 .text.NWK_GetDeviceType
                0x001092c8        0xc ./../../../../BitCloud/lib/libBc_All_At91sam7x512_Rf231_Gcc.a(nwk.o)
                0x001092c8                NWK_GetDeviceType
 .text.NWK_GetLogicalChannel
                0x001092d4        0xc ./../../../../BitCloud/lib/libBc_All_At91sam7x512_Rf231_Gcc.a(nwk.o)
                0x001092d4                NWK_GetLogicalChannel
 .text.NWK_SetLogicalChannel
                0x001092e0        0xc ./../../../../BitCloud/lib/libBc_All_At91sam7x512_Rf231_Gcc.a(nwk.o)
                0x001092e0                NWK_SetLogicalChannel
 .text.NWK_GetBroadcastDeliveryTime
                0x001092ec        0xc ./../../../../BitCloud/lib/libBc_All_At91sam7x512_Rf231_Gcc.a(nwk.o)
                0x001092ec                NWK_GetBroadcastDeliveryTime
 .text.NWK_GetManagerAddr
                0x001092f8        0xc ./../../../../BitCloud/lib/libBc_All_At91sam7x512_Rf231_Gcc.a(nwk.o)
                0x001092f8                NWK_GetManagerAddr
 .text.NWK_SetManagerAddr
                0x00109304        0xc ./../../../../BitCloud/lib/libBc_All_At91sam7x512_Rf231_Gcc.a(nwk.o)
                0x00109304                NWK_SetManagerAddr
 .text.NWK_SetUpdateId
                0x00109310       0x14 ./../../../../BitCloud/lib/libBc_All_At91sam7x512_Rf231_Gcc.a(nwk.o)
                0x00109310                NWK_SetUpdateId
 .text.NWK_GetTransmitCouner
                0x00109324        0xc ./../../../../BitCloud/lib/libBc_All_At91sam7x512_Rf231_Gcc.a(nwk.o)
                0x00109324                NWK_GetTransmitCouner
 .text.NWK_GetTransmitFailureCounter
                0x00109330        0xc ./../../../../BitCloud/lib/libBc_All_At91sam7x512_Rf231_Gcc.a(nwk.o)
                0x00109330                NWK_GetTransmitFailureCounter
 .text.NWK_ResetTransmitCounters
                0x0010933c       0x10 ./../../../../BitCloud/lib/libBc_All_At91sam7x512_Rf231_Gcc.a(nwk.o)
                0x0010933c                NWK_ResetTransmitCounters
 .text.NWK_JoinReq
                0x0010934c       0x30 ./../../../../BitCloud/lib/libBc_All_At91sam7x512_Rf231_Gcc.a(nwk.o)
                0x0010934c                NWK_JoinReq
 .text.NWK_RemoveNeighbor
                0x0010937c       0x50 ./../../../../BitCloud/lib/libBc_All_At91sam7x512_Rf231_Gcc.a(nwk.o)
                0x0010937c                NWK_RemoveNeighbor
 .text.neighborTimerFired
                0x001093cc       0x58 ./../../../../BitCloud/lib/libBc_All_At91sam7x512_Rf231_Gcc.a(nwk.o)
 .text.NWK_LeaveReq
                0x00109424       0x28 ./../../../../BitCloud/lib/libBc_All_At91sam7x512_Rf231_Gcc.a(nwk.o)
                0x00109424                NWK_LeaveReq
 .text.NWK_LoopbackTxReq
                0x0010944c       0x30 ./../../../../BitCloud/lib/libBc_All_At91sam7x512_Rf231_Gcc.a(nwk.o)
                0x0010944c                NWK_LoopbackTxReq
 .text.nwkDataConfTaskHandler
                0x0010947c       0x58 ./../../../../BitCloud/lib/libBc_All_At91sam7x512_Rf231_Gcc.a(nwk.o)
 .text.NWK_DataReq
                0x001094d4      0x1dc ./../../../../BitCloud/lib/libBc_All_At91sam7x512_Rf231_Gcc.a(nwk.o)
                0x001094d4                NWK_DataReq
 .text.NWK_FindNeighborByShortAddr
                0x001096b0       0x2c ./../../../../BitCloud/lib/libBc_All_At91sam7x512_Rf231_Gcc.a(nwk.o)
                0x001096b0                NWK_FindNeighborByShortAddr
 .text.nwkAllocNonConflAddr
                0x001096dc       0xb0 ./../../../../BitCloud/lib/libBc_All_At91sam7x512_Rf231_Gcc.a(nwk.o)
 .text.NWK_NetworkDiscoveryConf
                0x0010978c       0xa4 ./../../../../BitCloud/lib/libBc_All_At91sam7x512_Rf231_Gcc.a(nwk.o)
 .text.nwkJoinReqTaskHandler
                0x00109830      0x164 ./../../../../BitCloud/lib/libBc_All_At91sam7x512_Rf231_Gcc.a(nwk.o)
 .text.nwkAllocateShortAddr.isra.45
                0x00109994       0x40 ./../../../../BitCloud/lib/libBc_All_At91sam7x512_Rf231_Gcc.a(nwk.o)
 .text.nwkResolveAddressConflict
                0x001099d4      0x17c ./../../../../BitCloud/lib/libBc_All_At91sam7x512_Rf231_Gcc.a(nwk.o)
 .text.nwkAddressConflictTaskHandler
                0x00109b50       0x94 ./../../../../BitCloud/lib/libBc_All_At91sam7x512_Rf231_Gcc.a(nwk.o)
 .text.nwkStatusFrameInd
                0x00109be4       0x50 ./../../../../BitCloud/lib/libBc_All_At91sam7x512_Rf231_Gcc.a(nwk.o)
 .text.nwkAddChild
                0x00109c34      0x25c ./../../../../BitCloud/lib/libBc_All_At91sam7x512_Rf231_Gcc.a(nwk.o)
 .text.nwkRejoinRequestFrameInd
                0x00109e90      0x114 ./../../../../BitCloud/lib/libBc_All_At91sam7x512_Rf231_Gcc.a(nwk.o)
 .text.MAC_AssociateInd
                0x00109fa4       0x98 ./../../../../BitCloud/lib/libBc_All_At91sam7x512_Rf231_Gcc.a(nwk.o)
                0x00109fa4                MAC_AssociateInd
 .text.nwkGetNextHop
                0x0010a03c      0x1c4 ./../../../../BitCloud/lib/libBc_All_At91sam7x512_Rf231_Gcc.a(nwk.o)
 .text.nwkProcessRouteRequest
                0x0010a200      0x1a4 ./../../../../BitCloud/lib/libBc_All_At91sam7x512_Rf231_Gcc.a(nwk.o)
 .text.NWK_GetExtByShortAddress
                0x0010a3a4       0x3c ./../../../../BitCloud/lib/libBc_All_At91sam7x512_Rf231_Gcc.a(nwk.o)
                0x0010a3a4                NWK_GetExtByShortAddress
 .text.nwkPrepareRouteRequestTx
                0x0010a3e0      0x116 ./../../../../BitCloud/lib/libBc_All_At91sam7x512_Rf231_Gcc.a(nwk.o)
 *fill*         0x0010a4f6        0x2 
 .text.nwkPrepareNetworkStatusTx
                0x0010a4f8      0x120 ./../../../../BitCloud/lib/libBc_All_At91sam7x512_Rf231_Gcc.a(nwk.o)
 .text.nwkPrepareRouteReplyTx
                0x0010a618      0x220 ./../../../../BitCloud/lib/libBc_All_At91sam7x512_Rf231_Gcc.a(nwk.o)
 .text.NWK_FindNeighborByExtAddr
                0x0010a838       0x34 ./../../../../BitCloud/lib/libBc_All_At91sam7x512_Rf231_Gcc.a(nwk.o)
                0x0010a838                NWK_FindNeighborByExtAddr
 .text.nwkLeaveTaskHandler
                0x0010a86c      0x108 ./../../../../BitCloud/lib/libBc_All_At91sam7x512_Rf231_Gcc.a(nwk.o)
 .text.nwkConfirmLeaveChildTx
                0x0010a974       0x60 ./../../../../BitCloud/lib/libBc_All_At91sam7x512_Rf231_Gcc.a(nwk.o)
 .text.nwkConfirmJoinRespTx
                0x0010a9d4       0x38 ./../../../../BitCloud/lib/libBc_All_At91sam7x512_Rf231_Gcc.a(nwk.o)
 .text.nwkConfirmAddrConflictJoinRespTx
                0x0010aa0c       0x24 ./../../../../BitCloud/lib/libBc_All_At91sam7x512_Rf231_Gcc.a(nwk.o)
 .text.nwkLeaveFrameInd
                0x0010aa30       0xe0 ./../../../../BitCloud/lib/libBc_All_At91sam7x512_Rf231_Gcc.a(nwk.o)
 .text.nwkJoinIndMacCommStatusInd
                0x0010ab10       0x44 ./../../../../BitCloud/lib/libBc_All_At91sam7x512_Rf231_Gcc.a(nwk.o)
 .text.NWK_GetShortByExtAddress
                0x0010ab54       0x40 ./../../../../BitCloud/lib/libBc_All_At91sam7x512_Rf231_Gcc.a(nwk.o)
                0x0010ab54                NWK_GetShortByExtAddress
 .text.NWK_LinkShortAndExtAddress
                0x0010ab94       0x78 ./../../../../BitCloud/lib/libBc_All_At91sam7x512_Rf231_Gcc.a(nwk.o)
                0x0010ab94                NWK_LinkShortAndExtAddress
 .text.nwkRouteReplyFrameInd
                0x0010ac0c      0x1b4 ./../../../../BitCloud/lib/libBc_All_At91sam7x512_Rf231_Gcc.a(nwk.o)
 .text.nwkRouteRequestFrameInd
                0x0010adc0       0xd8 ./../../../../BitCloud/lib/libBc_All_At91sam7x512_Rf231_Gcc.a(nwk.o)
 .text.NWK_GetNeighborTable
                0x0010ae98        0x8 ./../../../../BitCloud/lib/libBc_All_At91sam7x512_Rf231_Gcc.a(nwk.o)
                0x0010ae98                NWK_GetNeighborTable
 .text.NWK_GetNeighborsLqi
                0x0010aea0       0x1c ./../../../../BitCloud/lib/libBc_All_At91sam7x512_Rf231_Gcc.a(nwk.o)
                0x0010aea0                NWK_GetNeighborsLqi
 .text.NWK_GetNeighborsRssi
                0x0010aebc       0x20 ./../../../../BitCloud/lib/libBc_All_At91sam7x512_Rf231_Gcc.a(nwk.o)
                0x0010aebc                NWK_GetNeighborsRssi
 .text.NWK_IsKnownChild
                0x0010aedc       0x22 ./../../../../BitCloud/lib/libBc_All_At91sam7x512_Rf231_Gcc.a(nwk.o)
                0x0010aedc                NWK_IsKnownChild
 .text.MAC_OrphanInd
                0x0010aefe        0x2 ./../../../../BitCloud/lib/libBc_All_At91sam7x512_Rf231_Gcc.a(nwk.o)
                0x0010aefe                MAC_OrphanInd
 .text.NWK_PermitJoiningReq
                0x0010af00       0x44 ./../../../../BitCloud/lib/libBc_All_At91sam7x512_Rf231_Gcc.a(nwk.o)
                0x0010af00                NWK_PermitJoiningReq
 .text.NWK_ResetReq
                0x0010af44       0x28 ./../../../../BitCloud/lib/libBc_All_At91sam7x512_Rf231_Gcc.a(nwk.o)
                0x0010af44                NWK_ResetReq
 .text.NWK_Init
                0x0010af6c       0x2c ./../../../../BitCloud/lib/libBc_All_At91sam7x512_Rf231_Gcc.a(nwk.o)
                0x0010af6c                NWK_Init
 .text.NWK_GatherPowerFailureInfo
                0x0010af98        0x4 ./../../../../BitCloud/lib/libBc_All_At91sam7x512_Rf231_Gcc.a(nwk.o)
                0x0010af98                NWK_GatherPowerFailureInfo
 .text.NWK_RouteDiscoveryReq
                0x0010af9c       0x38 ./../../../../BitCloud/lib/libBc_All_At91sam7x512_Rf231_Gcc.a(nwk.o)
                0x0010af9c                NWK_RouteDiscoveryReq
 .text.nwkTxTaskHandler
                0x0010afd4      0x164 ./../../../../BitCloud/lib/libBc_All_At91sam7x512_Rf231_Gcc.a(nwk.o)
 .text.MAC_DataInd
                0x0010b138      0x464 ./../../../../BitCloud/lib/libBc_All_At91sam7x512_Rf231_Gcc.a(nwk.o)
                0x0010b138                MAC_DataInd
 .text.NWK_StartRouterReq
                0x0010b59c       0x30 ./../../../../BitCloud/lib/libBc_All_At91sam7x512_Rf231_Gcc.a(nwk.o)
                0x0010b59c                NWK_StartRouterReq
 .text.NWK_IsActiveTransaction
                0x0010b5cc       0x4c ./../../../../BitCloud/lib/libBc_All_At91sam7x512_Rf231_Gcc.a(nwk.o)
                0x0010b5cc                NWK_IsActiveTransaction
 .text.NWK_LaunchActivities
                0x0010b618       0x20 ./../../../../BitCloud/lib/libBc_All_At91sam7x512_Rf231_Gcc.a(nwk.o)
                0x0010b618                NWK_LaunchActivities
 .text.NWK_StopActivities
                0x0010b638       0x38 ./../../../../BitCloud/lib/libBc_All_At91sam7x512_Rf231_Gcc.a(nwk.o)
                0x0010b638                NWK_StopActivities
 .text.NWK_DeviceIsAbleToOperateInNetwork
                0x0010b670       0x14 ./../../../../BitCloud/lib/libBc_All_At91sam7x512_Rf231_Gcc.a(nwk.o)
                0x0010b670                NWK_DeviceIsAbleToOperateInNetwork
 .text.NWK_SyncReq
                0x0010b684       0x34 ./../../../../BitCloud/lib/libBc_All_At91sam7x512_Rf231_Gcc.a(nwk.o)
                0x0010b684                NWK_SyncReq
 .text.MAC_PollInd
                0x0010b6b8       0x36 ./../../../../BitCloud/lib/libBc_All_At91sam7x512_Rf231_Gcc.a(nwk.o)
                0x0010b6b8                MAC_PollInd
 .text.MAC_SyncLossInd
                0x0010b6ee        0x2 ./../../../../BitCloud/lib/libBc_All_At91sam7x512_Rf231_Gcc.a(nwk.o)
                0x0010b6ee                MAC_SyncLossInd
 .text.NWK_TaskHandler
                0x0010b6f0       0x84 ./../../../../BitCloud/lib/libBc_All_At91sam7x512_Rf231_Gcc.a(nwk.o)
                0x0010b6f0                NWK_TaskHandler
 .text.NWK_GetUnicastDeliveryTime
                0x0010b774       0x38 ./../../../../BitCloud/lib/libBc_All_At91sam7x512_Rf231_Gcc.a(nwk.o)
                0x0010b774                NWK_GetUnicastDeliveryTime
 .text.phyDispatcheRfInterrupt
                0x0010b7ac      0x280 ./../../../../BitCloud/lib/libBc_All_At91sam7x512_Rf231_Gcc.a(phyRfIrqDispatcher.o)
                0x0010b7ac                phyDispatcheRfInterrupt
 .text.phySetRTimerSource
                0x0010ba2c        0xc ./../../../../BitCloud/lib/libBc_All_At91sam7x512_Rf231_Gcc.a(phyRtimerIrqDispatcher.o)
                0x0010ba2c                phySetRTimerSource
 .text.phyDispatcheRTimerEvent
                0x0010ba38       0xec ./../../../../BitCloud/lib/libBc_All_At91sam7x512_Rf231_Gcc.a(phyRtimerIrqDispatcher.o)
                0x0010ba38                phyDispatcheRTimerEvent
 .text.deleteHeadQueueElem
                0x0010bb24       0x12 ./../../../../BitCloud/lib/libBc_All_At91sam7x512_Rf231_Gcc.a(queue.o)
                0x0010bb24                deleteHeadQueueElem
 .text.deleteQueueElem
                0x0010bb36       0x32 ./../../../../BitCloud/lib/libBc_All_At91sam7x512_Rf231_Gcc.a(queue.o)
                0x0010bb36                deleteQueueElem
 .text.isQueueElem
                0x0010bb68       0x16 ./../../../../BitCloud/lib/libBc_All_At91sam7x512_Rf231_Gcc.a(queue.o)
                0x0010bb68                isQueueElem
 .text.putQueueElem
                0x0010bb7e       0x28 ./../../../../BitCloud/lib/libBc_All_At91sam7x512_Rf231_Gcc.a(queue.o)
                0x0010bb7e                putQueueElem
 .text.SYS_DuplicateTableReset
                0x0010bba6       0x4e ./../../../../BitCloud/lib/libBc_All_At91sam7x512_Rf231_Gcc.a(sysDuplicateTable.o)
                0x0010bba6                SYS_DuplicateTableReset
 .text.duplicateTableUpdate
                0x0010bbf4       0x50 ./../../../../BitCloud/lib/libBc_All_At91sam7x512_Rf231_Gcc.a(sysDuplicateTable.o)
                0x0010bbf4                duplicateTableUpdate
 .text.SYS_DuplicateTableCheck
                0x0010bc44       0xac ./../../../../BitCloud/lib/libBc_All_At91sam7x512_Rf231_Gcc.a(sysDuplicateTable.o)
                0x0010bc44                SYS_DuplicateTableCheck
 .text.SYS_DuplicateTableClear
                0x0010bcf0       0x46 ./../../../../BitCloud/lib/libBc_All_At91sam7x512_Rf231_Gcc.a(sysDuplicateTable.o)
                0x0010bcf0                SYS_DuplicateTableClear
 *fill*         0x0010bd36        0x2 
 .text.SYS_PostEvent
                0x0010bd38       0x4c ./../../../../BitCloud/lib/libBc_All_At91sam7x512_Rf231_Gcc.a(sysEvents.o)
                0x0010bd38                SYS_PostEvent
 .text.SYS_IsEventDeliverable
                0x0010bd84       0x20 ./../../../../BitCloud/lib/libBc_All_At91sam7x512_Rf231_Gcc.a(sysEvents.o)
                0x0010bd84                SYS_IsEventDeliverable
 .text.SYS_IsEventSubscriber
                0x0010bda4       0x1a ./../../../../BitCloud/lib/libBc_All_At91sam7x512_Rf231_Gcc.a(sysEvents.o)
                0x0010bda4                SYS_IsEventSubscriber
 *fill*         0x0010bdbe        0x2 
 .text.SYS_SubscribeToEvent
                0x0010bdc0       0x58 ./../../../../BitCloud/lib/libBc_All_At91sam7x512_Rf231_Gcc.a(sysEvents.o)
                0x0010bdc0                SYS_SubscribeToEvent
 .text.SYS_StartTimer
                0x0010be18       0x18 ./../../../../BitCloud/lib/libBc_All_At91sam7x512_Rf231_Gcc.a(sysTimer.o)
                0x0010be18                SYS_StartTimer
 .text.SYS_StopTimer
                0x0010be30       0x18 ./../../../../BitCloud/lib/libBc_All_At91sam7x512_Rf231_Gcc.a(sysTimer.o)
                0x0010be30                SYS_StopTimer
 .text.SYS_InitTimer
                0x0010be48       0x1e ./../../../../BitCloud/lib/libBc_All_At91sam7x512_Rf231_Gcc.a(sysTimer.o)
                0x0010be48                SYS_InitTimer
 *fill*         0x0010be66        0x2 
 .text.SYS_RunTask
                0x0010be68       0x54 ./../../../../BitCloud/lib/libBc_All_At91sam7x512_Rf231_Gcc.a(taskManager.o)
                0x0010be68                SYS_RunTask
 .text.SYS_SysInit
                0x0010bebc       0x2c ./../../../../BitCloud/lib/libBc_All_At91sam7x512_Rf231_Gcc.a(taskManager.o)
                0x0010bebc                SYS_SysInit
 .text.APS_StopConf
                0x0010bee8       0x24 ./../../../../BitCloud/lib/libBc_All_At91sam7x512_Rf231_Gcc.a(zdo.o)
 .text.zdoNodeManagerNwkLeaveConf
                0x0010bf0c       0x10 ./../../../../BitCloud/lib/libBc_All_At91sam7x512_Rf231_Gcc.a(zdo.o)
 .text.zdoStackResetConf
                0x0010bf1c       0x28 ./../../../../BitCloud/lib/libBc_All_At91sam7x512_Rf231_Gcc.a(zdo.o)
 .text.zdoSecurityManagerHandler
                0x0010bf44        0x2 ./../../../../BitCloud/lib/libBc_All_At91sam7x512_Rf231_Gcc.a(zdo.o)
                0x0010bf44                zdoSecurityManagerHandler
 *fill*         0x0010bf46        0x2 
 .text.joinNetwork
                0x0010bf48       0x4c ./../../../../BitCloud/lib/libBc_All_At91sam7x512_Rf231_Gcc.a(zdo.o)
 .text.zdoRejoinNetwork
                0x0010bf94       0x28 ./../../../../BitCloud/lib/libBc_All_At91sam7x512_Rf231_Gcc.a(zdo.o)
 .text.zdoIntraPanPortApsStopConf
                0x0010bfbc       0x24 ./../../../../BitCloud/lib/libBc_All_At91sam7x512_Rf231_Gcc.a(zdo.o)
 .text.joinTimerFired
                0x0010bfe0        0xc ./../../../../BitCloud/lib/libBc_All_At91sam7x512_Rf231_Gcc.a(zdo.o)
 .text.zdoPostTask
                0x0010bfec       0x34 ./../../../../BitCloud/lib/libBc_All_At91sam7x512_Rf231_Gcc.a(zdo.o)
 .text.startConfirm
                0x0010c020       0x38 ./../../../../BitCloud/lib/libBc_All_At91sam7x512_Rf231_Gcc.a(zdo.o)
 .text.sleepConfirm
                0x0010c058       0x2c ./../../../../BitCloud/lib/libBc_All_At91sam7x512_Rf231_Gcc.a(zdo.o)
 .text.wakeUpConfirm
                0x0010c084       0x2c ./../../../../BitCloud/lib/libBc_All_At91sam7x512_Rf231_Gcc.a(zdo.o)
 .text.zdoSetZdpIndState
                0x0010c0b0       0x20 ./../../../../BitCloud/lib/libBc_All_At91sam7x512_Rf231_Gcc.a(zdo.o)
 .text.ttlUpdateTimerFired
                0x0010c0d0       0x50 ./../../../../BitCloud/lib/libBc_All_At91sam7x512_Rf231_Gcc.a(zdo.o)
 .text.zdoZdpResetReq
                0x0010c120       0x94 ./../../../../BitCloud/lib/libBc_All_At91sam7x512_Rf231_Gcc.a(zdo.o)
 .text.zdoNetworkFormationReq
                0x0010c1b4       0x38 ./../../../../BitCloud/lib/libBc_All_At91sam7x512_Rf231_Gcc.a(zdo.o)
 .text.permitJoin
                0x0010c1ec       0x30 ./../../../../BitCloud/lib/libBc_All_At91sam7x512_Rf231_Gcc.a(zdo.o)
 .text.zdoPseudoRandomSeed
                0x0010c21c       0x26 ./../../../../BitCloud/lib/libBc_All_At91sam7x512_Rf231_Gcc.a(zdo.o)
 *fill*         0x0010c242        0x2 
 .text.RF_RandomConfUpdater
                0x0010c244       0x20 ./../../../../BitCloud/lib/libBc_All_At91sam7x512_Rf231_Gcc.a(zdo.o)
 .text.zdoStackReset
                0x0010c264       0x34 ./../../../../BitCloud/lib/libBc_All_At91sam7x512_Rf231_Gcc.a(zdo.o)
 .text.startSystemSleep
                0x0010c298       0x3c ./../../../../BitCloud/lib/libBc_All_At91sam7x512_Rf231_Gcc.a(zdo.o)
 .text.transceiverSwitchedOff
                0x0010c2d4       0x1c ./../../../../BitCloud/lib/libBc_All_At91sam7x512_Rf231_Gcc.a(zdo.o)
 .text.zdoZdpManagerHandler
                0x0010c2f0      0x174 ./../../../../BitCloud/lib/libBc_All_At91sam7x512_Rf231_Gcc.a(zdo.o)
 .text.zdoNwkEventListener
                0x0010c464       0x60 ./../../../../BitCloud/lib/libBc_All_At91sam7x512_Rf231_Gcc.a(zdo.o)
 .text.zdoOtherEventListener
                0x0010c4c4       0x3c ./../../../../BitCloud/lib/libBc_All_At91sam7x512_Rf231_Gcc.a(zdo.o)
 .text.channelChangeTimerFired
                0x0010c500       0x38 ./../../../../BitCloud/lib/libBc_All_At91sam7x512_Rf231_Gcc.a(zdo.o)
 .text.zdoChildEventListener
                0x0010c538       0x98 ./../../../../BitCloud/lib/libBc_All_At91sam7x512_Rf231_Gcc.a(zdo.o)
 .text.zdoCheckStartNetworkRequestsQueue
                0x0010c5d0       0x34 ./../../../../BitCloud/lib/libBc_All_At91sam7x512_Rf231_Gcc.a(zdo.o)
 .text.reenterNetwork
                0x0010c604       0x3c ./../../../../BitCloud/lib/libBc_All_At91sam7x512_Rf231_Gcc.a(zdo.o)
 .text.zdoSetZdpDataReqState
                0x0010c640       0x30 ./../../../../BitCloud/lib/libBc_All_At91sam7x512_Rf231_Gcc.a(zdo.o)
 .text.confirmResponse
                0x0010c670        0xe ./../../../../BitCloud/lib/libBc_All_At91sam7x512_Rf231_Gcc.a(zdo.o)
 .text.zdoDefaultBindApsDataConf
                0x0010c67e        0xe ./../../../../BitCloud/lib/libBc_All_At91sam7x512_Rf231_Gcc.a(zdo.o)
 .text.confirmMgmtLqiResponse
                0x0010c68c        0xe ./../../../../BitCloud/lib/libBc_All_At91sam7x512_Rf231_Gcc.a(zdo.o)
 *fill*         0x0010c69a        0x2 
 .text.permitJoiningConf
                0x0010c69c       0x24 ./../../../../BitCloud/lib/libBc_All_At91sam7x512_Rf231_Gcc.a(zdo.o)
 .text.confirmMgmtPermitJoiningResponse
                0x0010c6c0        0xe ./../../../../BitCloud/lib/libBc_All_At91sam7x512_Rf231_Gcc.a(zdo.o)
 *fill*         0x0010c6ce        0x2 
 .text.zdoZdpApsConfCallback
                0x0010c6d0       0x74 ./../../../../BitCloud/lib/libBc_All_At91sam7x512_Rf231_Gcc.a(zdo.o)
 .text.zdoStartNetworkConfirm
                0x0010c744       0x30 ./../../../../BitCloud/lib/libBc_All_At91sam7x512_Rf231_Gcc.a(zdo.o)
 .text.startSyncTimer.part.4
                0x0010c774       0x40 ./../../../../BitCloud/lib/libBc_All_At91sam7x512_Rf231_Gcc.a(zdo.o)
 .text.zdoUpdateRandSeedTimerFired
                0x0010c7b4       0x3c ./../../../../BitCloud/lib/libBc_All_At91sam7x512_Rf231_Gcc.a(zdo.o)
 .text.sendSyncReq
                0x0010c7f0       0x40 ./../../../../BitCloud/lib/libBc_All_At91sam7x512_Rf231_Gcc.a(zdo.o)
 .text.transceiverSwitchedOn
                0x0010c830       0x44 ./../../../../BitCloud/lib/libBc_All_At91sam7x512_Rf231_Gcc.a(zdo.o)
 .text.wakeupCallback
                0x0010c874       0x50 ./../../../../BitCloud/lib/libBc_All_At91sam7x512_Rf231_Gcc.a(zdo.o)
 .text.zdoPowerManagerHandler
                0x0010c8c4       0xf8 ./../../../../BitCloud/lib/libBc_All_At91sam7x512_Rf231_Gcc.a(zdo.o)
 .text.confirmMgmtNwkUpdateNotify
                0x0010c9bc       0x44 ./../../../../BitCloud/lib/libBc_All_At91sam7x512_Rf231_Gcc.a(zdo.o)
 .text.MAC_SetConf
                0x0010ca00       0x7c ./../../../../BitCloud/lib/libBc_All_At91sam7x512_Rf231_Gcc.a(zdo.o)
 .text.zdoInitNotifications
                0x0010ca7c       0x70 ./../../../../BitCloud/lib/libBc_All_At91sam7x512_Rf231_Gcc.a(zdo.o)
                0x0010ca7c                zdoInitNotifications
 .text.zdoInitHandler
                0x0010caec       0xe8 ./../../../../BitCloud/lib/libBc_All_At91sam7x512_Rf231_Gcc.a(zdo.o)
 .text.NWK_JoinInd
                0x0010cbd4       0x28 ./../../../../BitCloud/lib/libBc_All_At91sam7x512_Rf231_Gcc.a(zdo.o)
                0x0010cbd4                NWK_JoinInd
 .text.ZDO_GetLqiRssi
                0x0010cbfc       0x2a ./../../../../BitCloud/lib/libBc_All_At91sam7x512_Rf231_Gcc.a(zdo.o)
                0x0010cbfc                ZDO_GetLqiRssi
 *fill*         0x0010cc26        0x2 
 .text.ZDO_SleepReq
                0x0010cc28       0x38 ./../../../../BitCloud/lib/libBc_All_At91sam7x512_Rf231_Gcc.a(zdo.o)
                0x0010cc28                ZDO_SleepReq
 .text.ZDO_StartSyncReq
                0x0010cc60       0x34 ./../../../../BitCloud/lib/libBc_All_At91sam7x512_Rf231_Gcc.a(zdo.o)
                0x0010cc60                ZDO_StartSyncReq
 .text.deviceAnnceConf
                0x0010cc94       0x24 ./../../../../BitCloud/lib/libBc_All_At91sam7x512_Rf231_Gcc.a(zdo.o)
 .text.ZDO_StopSyncReq
                0x0010ccb8       0x28 ./../../../../BitCloud/lib/libBc_All_At91sam7x512_Rf231_Gcc.a(zdo.o)
                0x0010ccb8                ZDO_StopSyncReq
 .text.zdoLeaveNetworkReq.part.13
                0x0010cce0       0x50 ./../../../../BitCloud/lib/libBc_All_At91sam7x512_Rf231_Gcc.a(zdo.o)
 .text.zdoParentChangeConf
                0x0010cd30       0x50 ./../../../../BitCloud/lib/libBc_All_At91sam7x512_Rf231_Gcc.a(zdo.o)
 .text.confirmMgmtLeaveResponse
                0x0010cd80       0x98 ./../../../../BitCloud/lib/libBc_All_At91sam7x512_Rf231_Gcc.a(zdo.o)
 .text.leaveNetworkInd
                0x0010ce18       0x40 ./../../../../BitCloud/lib/libBc_All_At91sam7x512_Rf231_Gcc.a(zdo.o)
 .text.zdoLeaveNetworkNwkLeaveConf
                0x0010ce58       0x20 ./../../../../BitCloud/lib/libBc_All_At91sam7x512_Rf231_Gcc.a(zdo.o)
 .text.NWK_LeaveInd
                0x0010ce78       0x54 ./../../../../BitCloud/lib/libBc_All_At91sam7x512_Rf231_Gcc.a(zdo.o)
                0x0010ce78                NWK_LeaveInd
 .text.zdoReset
                0x0010cecc       0x3c ./../../../../BitCloud/lib/libBc_All_At91sam7x512_Rf231_Gcc.a(zdo.o)
 .text.zdoLeaveConfirm
                0x0010cf08       0xb0 ./../../../../BitCloud/lib/libBc_All_At91sam7x512_Rf231_Gcc.a(zdo.o)
 .text.ZDO_StartNetworkReq
                0x0010cfb8       0x18 ./../../../../BitCloud/lib/libBc_All_At91sam7x512_Rf231_Gcc.a(zdo.o)
                0x0010cfb8                ZDO_StartNetworkReq
 .text.ZDO_TaskHandler
                0x0010cfd0       0x64 ./../../../../BitCloud/lib/libBc_All_At91sam7x512_Rf231_Gcc.a(zdo.o)
                0x0010cfd0                ZDO_TaskHandler
 .text.APS_ZdoDataInd
                0x0010d034       0xe8 ./../../../../BitCloud/lib/libBc_All_At91sam7x512_Rf231_Gcc.a(zdo.o)
                0x0010d034                APS_ZdoDataInd
 .text.ZDO_ZdpReq
                0x0010d11c       0x3c ./../../../../BitCloud/lib/libBc_All_At91sam7x512_Rf231_Gcc.a(zdo.o)
                0x0010d11c                ZDO_ZdpReq
 .text.zdoSendDeviceAnnce
                0x0010d158       0xbc ./../../../../BitCloud/lib/libBc_All_At91sam7x512_Rf231_Gcc.a(zdo.o)
 .text.APS_StartConf
                0x0010d214       0x4c ./../../../../BitCloud/lib/libBc_All_At91sam7x512_Rf231_Gcc.a(zdo.o)
 .text.startAps
                0x0010d260       0x38 ./../../../../BitCloud/lib/libBc_All_At91sam7x512_Rf231_Gcc.a(zdo.o)
 .text.NWK_StartRouterConf
                0x0010d298       0x18 ./../../../../BitCloud/lib/libBc_All_At91sam7x512_Rf231_Gcc.a(zdo.o)
 .text.NWK_PermitJoinConf
                0x0010d2b0       0x60 ./../../../../BitCloud/lib/libBc_All_At91sam7x512_Rf231_Gcc.a(zdo.o)
 .text.zdoAuthenticationConf
                0x0010d310       0x34 ./../../../../BitCloud/lib/libBc_All_At91sam7x512_Rf231_Gcc.a(zdo.o)
                0x0010d310                zdoAuthenticationConf
 .text.zdoAuthenticationStart
                0x0010d344        0xe ./../../../../BitCloud/lib/libBc_All_At91sam7x512_Rf231_Gcc.a(zdo.o)
                0x0010d344                zdoAuthenticationStart
 *fill*         0x0010d352        0x2 
 .text.zdoSendDeviceAnnceConf
                0x0010d354       0x48 ./../../../../BitCloud/lib/libBc_All_At91sam7x512_Rf231_Gcc.a(zdo.o)
 .text.sendNwkUpdateNotify
                0x0010d39c       0x4c ./../../../../BitCloud/lib/libBc_All_At91sam7x512_Rf231_Gcc.a(zdo.o)
 .text.zdoZdpFrameProcessorHandler
                0x0010d3e8     0x1278 ./../../../../BitCloud/lib/libBc_All_At91sam7x512_Rf231_Gcc.a(zdo.o)
 .text.edScanConf
                0x0010e660       0x18 ./../../../../BitCloud/lib/libBc_All_At91sam7x512_Rf231_Gcc.a(zdo.o)
 .text.zdoReloadZibFromConfigServer
                0x0010e678      0x164 ./../../../../BitCloud/lib/libBc_All_At91sam7x512_Rf231_Gcc.a(zdo.o)
                0x0010e678                zdoReloadZibFromConfigServer
 .text.zdoStartNetworkTaskHandler
                0x0010e7dc       0xcc ./../../../../BitCloud/lib/libBc_All_At91sam7x512_Rf231_Gcc.a(zdo.o)
 .text.setNetworkParametersToZib
                0x0010e8a8       0x30 ./../../../../BitCloud/lib/libBc_All_At91sam7x512_Rf231_Gcc.a(zdo.o)
                0x0010e8a8                setNetworkParametersToZib
 .text.NWK_JoinConf
                0x0010e8d8       0x58 ./../../../../BitCloud/lib/libBc_All_At91sam7x512_Rf231_Gcc.a(zdo.o)
 .text.NWK_NetworkFormationConf
                0x0010e930       0x1c ./../../../../BitCloud/lib/libBc_All_At91sam7x512_Rf231_Gcc.a(zdo.o)
 .text.zdoStartNetworkStackResetConf
                0x0010e94c       0x70 ./../../../../BitCloud/lib/libBc_All_At91sam7x512_Rf231_Gcc.a(zdo.o)
 .text.zdoPerformIntraPanPortability
                0x0010e9bc       0x40 ./../../../../BitCloud/lib/libBc_All_At91sam7x512_Rf231_Gcc.a(zdo.o)
                0x0010e9bc                zdoPerformIntraPanPortability
 .text.NWK_SyncConf
                0x0010e9fc       0x6c ./../../../../BitCloud/lib/libBc_All_At91sam7x512_Rf231_Gcc.a(zdo.o)
 .text.NWK_NwkStatusInd
                0x0010ea68       0xa0 ./../../../../BitCloud/lib/libBc_All_At91sam7x512_Rf231_Gcc.a(zdo.o)
                0x0010ea68                NWK_NwkStatusInd
 .text.SYS_Sleep
                0x0010eb08        0xc ./../../../../BitCloud/lib/libBc_All_At91sam7x512_Rf231_Gcc.a(bcSysSleep.o)
                0x0010eb08                SYS_Sleep
 .text.postNewMacRequest
                0x0010eb14       0x40 ./../../../../BitCloud/lib/libBc_All_At91sam7x512_Rf231_Gcc.a(machwdManager.o)
 .text.putReqInQueue
                0x0010eb54       0x20 ./../../../../BitCloud/lib/libBc_All_At91sam7x512_Rf231_Gcc.a(machwdManager.o)
 .text.MACHWD_DataReq
                0x0010eb74       0x10 ./../../../../BitCloud/lib/libBc_All_At91sam7x512_Rf231_Gcc.a(machwdManager.o)
                0x0010eb74                MACHWD_DataReq
 .text.MACHWD_SetTrxStateReq
                0x0010eb84       0x10 ./../../../../BitCloud/lib/libBc_All_At91sam7x512_Rf231_Gcc.a(machwdManager.o)
                0x0010eb84                MACHWD_SetTrxStateReq
 .text.MACHWD_SetReq
                0x0010eb94       0x10 ./../../../../BitCloud/lib/libBc_All_At91sam7x512_Rf231_Gcc.a(machwdManager.o)
                0x0010eb94                MACHWD_SetReq
 .text.MACHWD_EdReq
                0x0010eba4       0x10 ./../../../../BitCloud/lib/libBc_All_At91sam7x512_Rf231_Gcc.a(machwdManager.o)
                0x0010eba4                MACHWD_EdReq
 .text.RF_RandomReq
                0x0010ebb4       0x18 ./../../../../BitCloud/lib/libBc_All_At91sam7x512_Rf231_Gcc.a(machwdManager.o)
                0x0010ebb4                RF_RandomReq
 .text.MACHWD_Reset
                0x0010ebcc       0x3c ./../../../../BitCloud/lib/libBc_All_At91sam7x512_Rf231_Gcc.a(machwdManager.o)
                0x0010ebcc                MACHWD_Reset
 .text.MAC_PHY_HWD_TaskHandler
                0x0010ec08      0x108 ./../../../../BitCloud/lib/libBc_All_At91sam7x512_Rf231_Gcc.a(machwdManager.o)
                0x0010ec08                MAC_PHY_HWD_TaskHandler
 .text.machwdSendConf2UpperLayer
                0x0010ed10       0x68 ./../../../../BitCloud/lib/libBc_All_At91sam7x512_Rf231_Gcc.a(machwdManager.o)
                0x0010ed10                machwdSendConf2UpperLayer
 .text.machwdSendDataInd2UpperLayer
                0x0010ed78        0xc ./../../../../BitCloud/lib/libBc_All_At91sam7x512_Rf231_Gcc.a(machwdManager.o)
                0x0010ed78                machwdSendDataInd2UpperLayer
 .text.machwdRegAccessReqHandler
                0x0010ed84       0x32 ./../../../../BitCloud/lib/libBc_All_At91sam7x512_Rf231_Gcc.a(machwdRegAccessHandler.o)
                0x0010ed84                machwdRegAccessReqHandler
 *fill*         0x0010edb6        0x2 
 .text.machwdReset
                0x0010edb8       0x88 ./../../../../BitCloud/lib/libBc_All_At91sam7x512_Rf231_Gcc.a(machwdResetHandler.o)
                0x0010edb8                machwdReset
 .text.machwdRndReqHandler
                0x0010ee40       0x14 ./../../../../BitCloud/lib/libBc_All_At91sam7x512_Rf231_Gcc.a(machwdRndHandler.o)
                0x0010ee40                machwdRndReqHandler
 .text.machwdResetRxBuffer
                0x0010ee54       0x34 ./../../../../BitCloud/lib/libBc_All_At91sam7x512_Rf231_Gcc.a(machwdRxBuffer.o)
                0x0010ee54                machwdResetRxBuffer
 .text.machwdNextBuffer
                0x0010ee88       0x10 ./../../../../BitCloud/lib/libBc_All_At91sam7x512_Rf231_Gcc.a(machwdRxBuffer.o)
                0x0010ee88                machwdNextBuffer
 .text.machwdReleaseBuffer
                0x0010ee98       0x48 ./../../../../BitCloud/lib/libBc_All_At91sam7x512_Rf231_Gcc.a(machwdRxBuffer.o)
                0x0010ee98                machwdReleaseBuffer
 .text.machwdNextBufferPresent
                0x0010eee0       0x24 ./../../../../BitCloud/lib/libBc_All_At91sam7x512_Rf231_Gcc.a(machwdRxBuffer.o)
                0x0010eee0                machwdNextBufferPresent
 .text.machwdRxFrameTaskHandler
                0x0010ef04       0x38 ./../../../../BitCloud/lib/libBc_All_At91sam7x512_Rf231_Gcc.a(machwdRxFrameHandler.o)
                0x0010ef04                machwdRxFrameTaskHandler
 .text.machwdRxFrameIndTaskHandler
                0x0010ef3c       0x8c ./../../../../BitCloud/lib/libBc_All_At91sam7x512_Rf231_Gcc.a(machwdRxFrameHandler.o)