Archive member included because of file (symbol)

./../../../../BitCloud/lib/libHAL_deRFarm7_At91sam7x512_48Mhz_Gcc.a(atomic.o)
                              All_deRFarm7_At91sam7x512_Rf231_Gcc/Obj/WSNDemoApp.o (halStartAtomic)
./../../../../BitCloud/lib/libHAL_deRFarm7_At91sam7x512_48Mhz_Gcc.a(appTimer.o)
                              All_deRFarm7_At91sam7x512_Rf231_Gcc/Obj/WSNEndDevice.o (HAL_StartAppTimer)
./../../../../BitCloud/lib/libHAL_deRFarm7_At91sam7x512_48Mhz_Gcc.a(usart.o)
                              All_deRFarm7_At91sam7x512_Rf231_Gcc/Obj/WSNUARTManager.o (HAL_ReadUsart)
./../../../../BitCloud/lib/libHAL_deRFarm7_At91sam7x512_48Mhz_Gcc.a(i2cPacket.o)
                              All_deRFarm7_At91sam7x512_Rf231_Gcc/Obj/i2ceeprom.o (HAL_OpenI2cPacket)
./../../../../BitCloud/lib/libHAL_deRFarm7_At91sam7x512_48Mhz_Gcc.a(timer.o)
                              ./../../../../BitCloud/lib/libHAL_deRFarm7_At91sam7x512_48Mhz_Gcc.a(appTimer.o) (halAddTimer)
./../../../../BitCloud/lib/libHAL_deRFarm7_At91sam7x512_48Mhz_Gcc.a(halAppClock.o)
                              ./../../../../BitCloud/lib/libHAL_deRFarm7_At91sam7x512_48Mhz_Gcc.a(appTimer.o) (halGetTimeOfAppTimer)
./../../../../BitCloud/lib/libHAL_deRFarm7_At91sam7x512_48Mhz_Gcc.a(halUsart.o)
                              ./../../../../BitCloud/lib/libHAL_deRFarm7_At91sam7x512_48Mhz_Gcc.a(usart.o) (halSetUsartConfig)
./../../../../BitCloud/lib/libHAL_deRFarm7_At91sam7x512_48Mhz_Gcc.a(halTwi.o)
                              ./../../../../BitCloud/lib/libHAL_deRFarm7_At91sam7x512_48Mhz_Gcc.a(i2cPacket.o) (halInitI2c)
./../../../../BitCloud/lib/libHAL_deRFarm7_At91sam7x512_48Mhz_Gcc.a(halMacIsr.o)
                              ./../../../../BitCloud/lib/libHAL_deRFarm7_At91sam7x512_48Mhz_Gcc.a(halAppClock.o) (halMacTimerHandler)
./../../../../BitCloud/lib/libHAL_deRFarm7_At91sam7x512_48Mhz_Gcc.a(halTaskManager.o)
                              ./../../../../BitCloud/lib/libHAL_deRFarm7_At91sam7x512_48Mhz_Gcc.a(usart.o) (halTaskFlags)
./../../../../BitCloud/lib/libHAL_deRFarm7_At91sam7x512_48Mhz_Gcc.a(adc.o)
                              ./../../../../BitCloud/lib/libHAL_deRFarm7_At91sam7x512_48Mhz_Gcc.a(halTaskManager.o) (halSigAdcHandler)
./../../../../BitCloud/lib/libHAL_deRFarm7_At91sam7x512_48Mhz_Gcc.a(halAdc.o)
                              ./../../../../BitCloud/lib/libHAL_deRFarm7_At91sam7x512_48Mhz_Gcc.a(adc.o) (halOpenAdc)
./../../../../BitCloud/lib/libHAL_deRFarm7_At91sam7x512_48Mhz_Gcc.a(halSpi.o)
                              ./../../../../BitCloud/lib/libHAL_deRFarm7_At91sam7x512_48Mhz_Gcc.a(halTaskManager.o) (halRfTxCompleteHandler)
./../../../../BitCloud/lib/libHAL_deRFarm7_At91sam7x512_48Mhz_Gcc.a(dbgPort.o)
                              ./../../../../BitCloud/lib/libHAL_deRFarm7_At91sam7x512_48Mhz_Gcc.a(halSpi.o) (configure_dbgu)
./../../../../BitCloud/lib/libHAL_deRFarm7_At91sam7x512_48Mhz_Gcc.a(halRfCtrl.o)
                              ./../../../../BitCloud/lib/libHAL_deRFarm7_At91sam7x512_48Mhz_Gcc.a(halMacIsr.o) (HAL_InitRfIrq)
./../../../../BitCloud/lib/libBc_All_At91sam7x512_Rf231_Gcc.a(aps.o)
                              All_deRFarm7_At91sam7x512_Rf231_Gcc/Obj/WSNMessageSender.o (APS_DataReq)
./../../../../BitCloud/lib/libBc_All_At91sam7x512_Rf231_Gcc.a(macenvPib.o)
                              ./../../../../BitCloud/lib/libBc_All_At91sam7x512_Rf231_Gcc.a(aps.o) (MAC_GetExtAddr)
./../../../../BitCloud/lib/libBc_All_At91sam7x512_Rf231_Gcc.a(nwk.o)
                              ./../../../../BitCloud/lib/libBc_All_At91sam7x512_Rf231_Gcc.a(aps.o) (NWK_GetShortAddr)
./../../../../BitCloud/lib/libBc_All_At91sam7x512_Rf231_Gcc.a(phyRfIrqDispatcher.o)
                              ./../../../../BitCloud/lib/libHAL_deRFarm7_At91sam7x512_48Mhz_Gcc.a(halMacIsr.o) (phyDispatcheRfInterrupt)
./../../../../BitCloud/lib/libBc_All_At91sam7x512_Rf231_Gcc.a(phyRtimerIrqDispatcher.o)
                              ./../../../../BitCloud/lib/libHAL_deRFarm7_At91sam7x512_48Mhz_Gcc.a(halMacIsr.o) (phyDispatcheRTimerEvent)
./../../../../BitCloud/lib/libBc_All_At91sam7x512_Rf231_Gcc.a(queue.o)
                              All_deRFarm7_At91sam7x512_Rf231_Gcc/Obj/WSNMessageSender.o (deleteHeadQueueElem)
./../../../../BitCloud/lib/libBc_All_At91sam7x512_Rf231_Gcc.a(sysDuplicateTable.o)
                              ./../../../../BitCloud/lib/libBc_All_At91sam7x512_Rf231_Gcc.a(aps.o) (SYS_DuplicateTableReset)
./../../../../BitCloud/lib/libBc_All_At91sam7x512_Rf231_Gcc.a(sysEvents.o)
                              ./../../../../BitCloud/lib/libBc_All_At91sam7x512_Rf231_Gcc.a(aps.o) (SYS_PostEvent)
./../../../../BitCloud/lib/libBc_All_At91sam7x512_Rf231_Gcc.a(sysTimer.o)
                              ./../../../../BitCloud/lib/libBc_All_At91sam7x512_Rf231_Gcc.a(aps.o) (SYS_StartTimer)
./../../../../BitCloud/lib/libBc_All_At91sam7x512_Rf231_Gcc.a(taskManager.o)
[...]
Memory Configuration

Name             Origin             Length             Attributes
flash            0x00100000         0x00080000
ram              0x00200000         0x00020000
*default*        0x00000000         0xffffffff

Linker script and memory map

                0x0021fffc                __stack_end__ = 0x21fffc
                0x00000000                . = 0x0

startup         0x00100000      0x1b4
 *(.startup)
 .startup       0x00100000      0x1b4 ./../../../../BitCloud/lib/FirmwareBoot_Gcc.o
                0x00100000                _startup

prog            0x001001b8    0x12870
                0x001001b8                PROVIDE (__pds_ff_start, .)
 *(.pds_ff)
                0x001001b8                PROVIDE (__pds_ff_end, .)
                0x001001b8                PROVIDE (__pds_fd_start, .)
 *(.pds_fd)
                0x001001b8                PROVIDE (__pds_fd_end, .)
 *(.text)
 .text          0x001001b8       0xc0 ./../../../../BitCloud/lib/FirmwareBoot_Gcc.o
                0x001001b8                _start
                0x00100258                endless_loop
 .text          0x00100278       0x14 /home/bazi/intelligent-house/CodeSourcery/bin/../lib/gcc/arm-none-eabi/4.7.3/thumb/libgcc.a(_thumb1_case_uqi.o)
                0x00100278                __gnu_thumb1_case_uqi
 .text          0x0010028c       0x14 /home/bazi/intelligent-house/CodeSourcery/bin/../lib/gcc/arm-none-eabi/4.7.3/thumb/libgcc.a(_thumb1_case_shi.o)
                0x0010028c                __gnu_thumb1_case_shi
 .text          0x001002a0       0x14 /home/bazi/intelligent-house/CodeSourcery/bin/../lib/gcc/arm-none-eabi/4.7.3/thumb/libgcc.a(_thumb1_case_uhi.o)
                0x001002a0                __gnu_thumb1_case_uhi
 .text          0x001002b4      0x11c /home/bazi/intelligent-house/CodeSourcery/bin/../lib/gcc/arm-none-eabi/4.7.3/thumb/libgcc.a(_udivsi3.o)
                0x001002b4                __udivsi3
                0x001002b4                __aeabi_uidiv
                0x001003b0                __aeabi_uidivmod
 .text          0x001003d0        0x4 /home/bazi/intelligent-house/CodeSourcery/bin/../lib/gcc/arm-none-eabi/4.7.3/thumb/libgcc.a(_dvmd_tls.o)
                0x001003d0                __aeabi_ldiv0
                0x001003d0                __aeabi_idiv0
 .text          0x001003d4       0x60 /home/bazi/intelligent-house/CodeSourcery/bin/../lib/gcc/arm-none-eabi/4.7.3/../../../../arm-none-eabi/lib/thumb/libc.a(lib_a-memcmp.o)
                0x001003d4                memcmp
 .text          0x00100434      0x10c /home/bazi/intelligent-house/CodeSourcery/bin/../lib/gcc/arm-none-eabi/4.7.3/../../../../arm-none-eabi/lib/thumb/libc.a(lib_a-memcpy.o)
                0x00100434                memcpy
 .text          0x00100540       0xb0 /home/bazi/intelligent-house/CodeSourcery/bin/../lib/gcc/arm-none-eabi/4.7.3/../../../../arm-none-eabi/lib/thumb/libc.a(lib_a-memmove.o)
                0x00100540                memmove
 .text          0x001005f0       0x9c /home/bazi/intelligent-house/CodeSourcery/bin/../lib/gcc/arm-none-eabi/4.7.3/../../../../arm-none-eabi/lib/thumb/libc.a(lib_a-memset.o)
                0x001005f0                memset
 *fill*         0x0010068c        0x4 
 .text          0x00100690       0x50 /home/bazi/intelligent-house/CodeSourcery/bin/../lib/gcc/arm-none-eabi/4.7.3/../../../../arm-none-eabi/lib/thumb/libc.a(lib_a-rand.o)
                0x00100690                srand
                0x001006a0                rand
 .text          0x001006e0       0x4c /home/bazi/intelligent-house/CodeSourcery/bin/../lib/gcc/arm-none-eabi/4.7.3/thumb/libgcc.a(_muldi3.o)
                0x001006e0                __aeabi_lmul
                0x001006e0                __muldi3
 *(.text*)
 .text.batteryDataReady
                0x0010072c       0x2c All_deRFarm7_At91sam7x512_Rf231_Gcc/Obj/WSNSensorManager.o
 .text.temperatureDataReady
                0x00100758       0x40 All_deRFarm7_At91sam7x512_Rf231_Gcc/Obj/WSNSensorManager.o
 .text.lightDataReady
                0x00100798       0x40 All_deRFarm7_At91sam7x512_Rf231_Gcc/Obj/WSNSensorManager.o
 .text.appStartSensorManager
                0x001007d8       0x14 All_deRFarm7_At91sam7x512_Rf231_Gcc/Obj/WSNSensorManager.o
                0x001007d8                appStartSensorManager
 .text.appStopSensorManager
                0x001007ec       0x14 All_deRFarm7_At91sam7x512_Rf231_Gcc/Obj/WSNSensorManager.o
                0x001007ec                appStopSensorManager
 .text.appGetSensorData
                0x00100800       0x1c All_deRFarm7_At91sam7x512_Rf231_Gcc/Obj/WSNSensorManager.o
                0x00100800                appGetSensorData
 .text.visualizeAppStarting
                0x0010081c        0xc All_deRFarm7_At91sam7x512_Rf231_Gcc/Obj/WSNVisualizer.o
                0x0010081c                visualizeAppStarting
 .text.visualizeNwkStarting
                0x00100828        0xe All_deRFarm7_At91sam7x512_Rf231_Gcc/Obj/WSNVisualizer.o
                0x00100828                visualizeNwkStarting
 .text.visualizeNwkStarted
                0x00100836       0x14 All_deRFarm7_At91sam7x512_Rf231_Gcc/Obj/WSNVisualizer.o
                0x00100836                visualizeNwkStarted
 .text.visualizeNwkLeaving
                0x0010084a        0x2 All_deRFarm7_At91sam7x512_Rf231_Gcc/Obj/WSNVisualizer.o
                0x0010084a                visualizeNwkLeaving
 .text.visualizeNwkLeft
                0x0010084c        0x2 All_deRFarm7_At91sam7x512_Rf231_Gcc/Obj/WSNVisualizer.o
                0x0010084c                visualizeNwkLeft
 .text.visualizeAirTxStarted
                0x0010084e        0x2 All_deRFarm7_At91sam7x512_Rf231_Gcc/Obj/WSNVisualizer.o
                0x0010084e                visualizeAirTxStarted
 .text.visualizeAirTxFInished
                0x00100850        0x2 All_deRFarm7_At91sam7x512_Rf231_Gcc/Obj/WSNVisualizer.o
                0x00100850                visualizeAirTxFInished
 .text.visualizeAirRxFinished
                0x00100852        0x2 All_deRFarm7_At91sam7x512_Rf231_Gcc/Obj/WSNVisualizer.o
                0x00100852                visualizeAirRxFinished
 .text.visualizeWakeUp
                0x00100854        0x2 All_deRFarm7_At91sam7x512_Rf231_Gcc/Obj/WSNVisualizer.o
                0x00100854                visualizeWakeUp
 .text.visualizeSleep
                0x00100856        0x2 All_deRFarm7_At91sam7x512_Rf231_Gcc/Obj/WSNVisualizer.o
                0x00100856                visualizeSleep
 .text.visualizeIdentity
                0x00100858        0xe All_deRFarm7_At91sam7x512_Rf231_Gcc/Obj/WSNVisualizer.o
                0x00100858                visualizeIdentity
 *fill*         0x00100866        0x2 
 .text.appEndDeviceCustomMsgCmdHandler
                0x00100868       0x30 All_deRFarm7_At91sam7x512_Rf231_Gcc/Obj/WSNEndDevice.o
                0x00100868                appEndDeviceCustomMsgCmdHandler
 .text.appEndDeviceWakeUpInd
                0x00100898       0x1c All_deRFarm7_At91sam7x512_Rf231_Gcc/Obj/WSNEndDevice.o
 .text.appEndDeviceTaskReset
                0x001008b4       0x18 All_deRFarm7_At91sam7x512_Rf231_Gcc/Obj/WSNEndDevice.o
 .text.appEndDeviceSleepConf
                0x001008cc       0x20 All_deRFarm7_At91sam7x512_Rf231_Gcc/Obj/WSNEndDevice.o
 .text.deviceTimerFired
                0x001008ec       0x20 All_deRFarm7_At91sam7x512_Rf231_Gcc/Obj/WSNEndDevice.o
 .text.appEndDeviceTaskHandler
                0x0010090c       0xac All_deRFarm7_At91sam7x512_Rf231_Gcc/Obj/WSNEndDevice.o
 .text.appSensorsGot
                0x001009b8       0x1c All_deRFarm7_At91sam7x512_Rf231_Gcc/Obj/WSNEndDevice.o
 .text.appEndDeviceInitialization
                0x001009d4       0x20 All_deRFarm7_At91sam7x512_Rf231_Gcc/Obj/WSNEndDevice.o
 .text.endDeviceRelaysControlHandler
                0x001009f4       0x14 All_deRFarm7_At91sam7x512_Rf231_Gcc/Obj/WSNEndDevice.o
                0x001009f4                endDeviceRelaysControlHandler
 .text.appEndDeviceIdentifyCmdHandler
                0x00100a08       0x20 All_deRFarm7_At91sam7x512_Rf231_Gcc/Obj/WSNEndDevice.o
                0x00100a08                appEndDeviceIdentifyCmdHandler
 .text.appEndDeviceNwkInfoCmdHandler
                0x00100a28       0x52 All_deRFarm7_At91sam7x512_Rf231_Gcc/Obj/WSNEndDevice.o
                0x00100a28                appEndDeviceNwkInfoCmdHandler
 *fill*         0x00100a7a        0x2 
 .text.appEndDeviceGetInterface
                0x00100a7c       0x30 All_deRFarm7_At91sam7x512_Rf231_Gcc/Obj/WSNEndDevice.o
                0x00100a7c                appEndDeviceGetInterface
 .text.msgSenderApsDataConf
                0x00100aac       0x70 All_deRFarm7_At91sam7x512_Rf231_Gcc/Obj/WSNMessageSender.o
 .text.appInitMsgSender
                0x00100b1c       0x34 All_deRFarm7_At91sam7x512_Rf231_Gcc/Obj/WSNMessageSender.o
                0x00100b1c                appInitMsgSender
 .text.appMsgSender
                0x00100b50       0xc4 All_deRFarm7_At91sam7x512_Rf231_Gcc/Obj/WSNMessageSender.o
                0x00100b50                appMsgSender
 .text.appIsTxQueueFree
                0x00100c14       0x20 All_deRFarm7_At91sam7x512_Rf231_Gcc/Obj/WSNMessageSender.o
                0x00100c14                appIsTxQueueFree
 .text.appCreateTxFrame
                0x00100c34       0x64 All_deRFarm7_At91sam7x512_Rf231_Gcc/Obj/WSNMessageSender.o
                0x00100c34                appCreateTxFrame
 .text.appInitCmdHandler
                0x00100c98       0x2c All_deRFarm7_At91sam7x512_Rf231_Gcc/Obj/WSNCommandHandler.o
                0x00100c98                appInitCmdHandler
 .text.appCmdHandler
                0x00100cc4       0x54 All_deRFarm7_At91sam7x512_Rf231_Gcc/Obj/WSNCommandHandler.o
                0x00100cc4                appCmdHandler
 .text.appIsCmdQueueFree
                0x00100d18       0x18 All_deRFarm7_At91sam7x512_Rf231_Gcc/Obj/WSNCommandHandler.o
                0x00100d18                appIsCmdQueueFree
 .text.appCreateCommand
                0x00100d30       0x40 All_deRFarm7_At91sam7x512_Rf231_Gcc/Obj/WSNCommandHandler.o
                0x00100d30                appCreateCommand
 .text.appPostGlobalTask
                0x00100d70       0x24 All_deRFarm7_At91sam7x512_Rf231_Gcc/Obj/WSNDemoApp.o
 .text.appZdpLeaveResp
                0x00100d94       0x20 All_deRFarm7_At91sam7x512_Rf231_Gcc/Obj/WSNDemoApp.o
 .text.startingNetworkTimerFired
                0x00100db4        0xc All_deRFarm7_At91sam7x512_Rf231_Gcc/Obj/WSNDemoApp.o
 .text.appApsDataIndHandler
                0x00100dc0       0x16 All_deRFarm7_At91sam7x512_Rf231_Gcc/Obj/WSNDemoApp.o
 *fill*         0x00100dd6        0x2 
 .text.identifyTimerFired
                0x00100dd8       0x34 All_deRFarm7_At91sam7x512_Rf231_Gcc/Obj/WSNDemoApp.o
 .text.appZdoStartNetworkConf
                0x00100e0c       0x60 All_deRFarm7_At91sam7x512_Rf231_Gcc/Obj/WSNDemoApp.o
 .text.APL_TaskHandler
                0x00100e6c      0x1cc All_deRFarm7_At91sam7x512_Rf231_Gcc/Obj/WSNDemoApp.o
                0x00100e6c                APL_TaskHandler
 .text.ZDO_MgmtNwkUpdateNotf
                0x00101038       0xac All_deRFarm7_At91sam7x512_Rf231_Gcc/Obj/WSNDemoApp.o
                0x00101038                ZDO_MgmtNwkUpdateNotf
 .text.ZDO_WakeUpInd
                0x001010e4       0x1c All_deRFarm7_At91sam7x512_Rf231_Gcc/Obj/WSNDemoApp.o
                0x001010e4                ZDO_WakeUpInd
 .text.appReadLqiRssi
                0x00101100       0x28 All_deRFarm7_At91sam7x512_Rf231_Gcc/Obj/WSNDemoApp.o
                0x00101100                appReadLqiRssi
 .text.appPostSubTaskTask
                0x00101128       0x3c All_deRFarm7_At91sam7x512_Rf231_Gcc/Obj/WSNDemoApp.o
                0x00101128                appPostSubTaskTask
 .text.appPostCmdHandlerTask
                0x00101164       0x38 All_deRFarm7_At91sam7x512_Rf231_Gcc/Obj/WSNDemoApp.o
                0x00101164                appPostCmdHandlerTask
 .text.appPostMsgSenderTask
                0x0010119c       0x3c All_deRFarm7_At91sam7x512_Rf231_Gcc/Obj/WSNDemoApp.o
                0x0010119c                appPostMsgSenderTask
 .text.appLeaveNetwork
                0x001011d8       0x1c All_deRFarm7_At91sam7x512_Rf231_Gcc/Obj/WSNDemoApp.o
                0x001011d8                appLeaveNetwork
 .text.appIsSleepPermitted
                0x001011f4       0x28 All_deRFarm7_At91sam7x512_Rf231_Gcc/Obj/WSNDemoApp.o
                0x001011f4                appIsSleepPermitted
 .text.appStartIdentifyVisualization
                0x0010121c       0x34 All_deRFarm7_At91sam7x512_Rf231_Gcc/Obj/WSNDemoApp.o
                0x0010121c                appStartIdentifyVisualization
 .text.appSetRelayState
                0x00101250       0x16 All_deRFarm7_At91sam7x512_Rf231_Gcc/Obj/WSNDemoApp.o
                0x00101250                appSetRelayState
 *fill*         0x00101266        0x2 
 .text.appGetCmdDescriptor
                0x00101268       0x54 All_deRFarm7_At91sam7x512_Rf231_Gcc/Obj/WSNDemoApp.o
                0x00101268                appGetCmdDescriptor
 .text.ZDO_BindIndication
                0x001012bc        0x2 All_deRFarm7_At91sam7x512_Rf231_Gcc/Obj/WSNDemoApp.o
                0x001012bc                ZDO_BindIndication
 .text.ZDO_UnbindIndication
                0x001012be        0x2 All_deRFarm7_At91sam7x512_Rf231_Gcc/Obj/WSNDemoApp.o
                0x001012be                ZDO_UnbindIndication
 .text.startup.main
                0x001012c0        0xc All_deRFarm7_At91sam7x512_Rf231_Gcc/Obj/WSNDemoApp.o
                0x001012c0                main
 .text.BSP_OpenTemperatureSensor
                0x001012cc        0x4 All_deRFarm7_At91sam7x512_Rf231_Gcc/Obj/fakeBSP.o
                0x001012cc                BSP_OpenTemperatureSensor
 .text.BSP_CloseTemperatureSensor
                0x001012d0        0x4 All_deRFarm7_At91sam7x512_Rf231_Gcc/Obj/fakeBSP.o
                0x001012d0                BSP_CloseTemperatureSensor
 .text.BSP_ReadTemperatureData
                0x001012d4       0x3c All_deRFarm7_At91sam7x512_Rf231_Gcc/Obj/fakeBSP.o
                0x001012d4                BSP_ReadTemperatureData
 .text.bspTemperatureSensorHandler
                0x00101310       0x1c All_deRFarm7_At91sam7x512_Rf231_Gcc/Obj/fakeBSP.o
                0x00101310                bspTemperatureSensorHandler
 .text.BSP_OpenLightSensor
                0x0010132c        0x4 All_deRFarm7_At91sam7x512_Rf231_Gcc/Obj/fakeBSP.o
                0x0010132c                BSP_OpenLightSensor
 .text.BSP_CloseLightSensor
                0x00101330        0x4 All_deRFarm7_At91sam7x512_Rf231_Gcc/Obj/fakeBSP.o
                0x00101330                BSP_CloseLightSensor
 .text.BSP_ReadLightData
                0x00101334       0x3c All_deRFarm7_At91sam7x512_Rf231_Gcc/Obj/fakeBSP.o
                0x00101334                BSP_ReadLightData
 .text.bspLightSensorHandler
                0x00101370       0x1c All_deRFarm7_At91sam7x512_Rf231_Gcc/Obj/fakeBSP.o
                0x00101370                bspLightSensorHandler
 .text.BSP_OpenBatterySensor
                0x0010138c        0x4 All_deRFarm7_At91sam7x512_Rf231_Gcc/Obj/fakeBSP.o
                0x0010138c                BSP_OpenBatterySensor
 .text.BSP_CloseBatterySensor
                0x00101390        0x4 All_deRFarm7_At91sam7x512_Rf231_Gcc/Obj/fakeBSP.o
                0x00101390                BSP_CloseBatterySensor
 .text.BSP_ReadBatteryData
                0x00101394       0x3c All_deRFarm7_At91sam7x512_Rf231_Gcc/Obj/fakeBSP.o
                0x00101394                BSP_ReadBatteryData
 .text.bspEmptyBatteryHandler
                0x001013d0       0x1c All_deRFarm7_At91sam7x512_Rf231_Gcc/Obj/fakeBSP.o
                0x001013d0                bspEmptyBatteryHandler
 .text.BSP_OpenLeds
                0x001013ec       0x50 All_deRFarm7_At91sam7x512_Rf231_Gcc/Obj/leds.o
                0x001013ec                BSP_OpenLeds
 .text.BSP_OnLed
                0x0010143c       0x44 All_deRFarm7_At91sam7x512_Rf231_Gcc/Obj/leds.o
                0x0010143c                BSP_OnLed
 .text.BSP_OffLed
                0x00101480       0x44 All_deRFarm7_At91sam7x512_Rf231_Gcc/Obj/leds.o
                0x00101480                BSP_OffLed
 .text.BSP_ToggleLed
                0x001014c4       0x50 All_deRFarm7_At91sam7x512_Rf231_Gcc/Obj/leds.o
                0x001014c4                BSP_ToggleLed
 .text.BSP_TaskHandler
                0x00101514       0x7c All_deRFarm7_At91sam7x512_Rf231_Gcc/Obj/bspTaskManager.o
                0x00101514                BSP_TaskHandler
 .text.bspEnableJoystickPIOInterrupt
                0x00101590       0x10 All_deRFarm7_At91sam7x512_Rf231_Gcc/Obj/joystick.o
                0x00101590                bspEnableJoystickPIOInterrupt
 .text.bspJoystickHandler
                0x001015a0       0x38 All_deRFarm7_At91sam7x512_Rf231_Gcc/Obj/joystick.o
                0x001015a0                bspJoystickHandler
 .text.csSetToDefault
                0x001015d8       0x80 All_deRFarm7_At91sam7x512_Rf231_Gcc/Obj/csMem.o
                0x001015d8                csSetToDefault
 .text.csGetItem
                0x00101658       0x28 All_deRFarm7_At91sam7x512_Rf231_Gcc/Obj/configServer.o
 .text.CS_Init  0x00101680        0xc All_deRFarm7_At91sam7x512_Rf231_Gcc/Obj/configServer.o
                0x00101680                CS_Init
 .text.CS_ReadParameter
                0x0010168c       0x22 All_deRFarm7_At91sam7x512_Rf231_Gcc/Obj/configServer.o
                0x0010168c                CS_ReadParameter
 .text.CS_WriteParameter
                0x001016ae       0x2e All_deRFarm7_At91sam7x512_Rf231_Gcc/Obj/configServer.o
                0x001016ae                CS_WriteParameter
 .text.CS_GetMemory
                0x001016dc       0x20 All_deRFarm7_At91sam7x512_Rf231_Gcc/Obj/configServer.o
                0x001016dc                CS_GetMemory
 .text.halStartAtomic
                0x001016fc       0x1c ./../../../../BitCloud/lib/libHAL_deRFarm7_At91sam7x512_48Mhz_Gcc.a(atomic.o)
                0x001016fc                halStartAtomic
 .text.halEndAtomic
                0x00101718       0x28 ./../../../../BitCloud/lib/libHAL_deRFarm7_At91sam7x512_48Mhz_Gcc.a(atomic.o)
                0x00101718                halEndAtomic
 .text.halAppTimerHandler
                0x00101740       0x50 ./../../../../BitCloud/lib/libHAL_deRFarm7_At91sam7x512_48Mhz_Gcc.a(appTimer.o)
                0x00101740                halAppTimerHandler
 .text.HAL_StartAppTimer
                0x00101790       0x44 ./../../../../BitCloud/lib/libHAL_deRFarm7_At91sam7x512_48Mhz_Gcc.a(appTimer.o)
                0x00101790                HAL_StartAppTimer
 .text.HAL_StopAppTimer
                0x001017d4       0x38 ./../../../../BitCloud/lib/libHAL_deRFarm7_At91sam7x512_48Mhz_Gcc.a(appTimer.o)
                0x001017d4                HAL_StopAppTimer
 .text.HAL_GetSystemTime
                0x0010180c       0x14 ./../../../../BitCloud/lib/libHAL_deRFarm7_At91sam7x512_48Mhz_Gcc.a(appTimer.o)
                0x0010180c                HAL_GetSystemTime
 .text.halSigUsartReceptionComplete
                0x00101820       0x50 ./../../../../BitCloud/lib/libHAL_deRFarm7_At91sam7x512_48Mhz_Gcc.a(usart.o)
 .text.halUsartTaskUsart1Rxc
                0x00101870       0x14 ./../../../../BitCloud/lib/libHAL_deRFarm7_At91sam7x512_48Mhz_Gcc.a(usart.o)
 .text.halUsartTaskUsart0Rxc
                0x00101884       0x14 ./../../../../BitCloud/lib/libHAL_deRFarm7_At91sam7x512_48Mhz_Gcc.a(usart.o)
 .text.halUsartHwController
                0x00101898       0xd8 ./../../../../BitCloud/lib/libHAL_deRFarm7_At91sam7x512_48Mhz_Gcc.a(usart.o)
 .text.hwControlPinsPollCallback
                0x00101970       0x14 ./../../../../BitCloud/lib/libHAL_deRFarm7_At91sam7x512_48Mhz_Gcc.a(usart.o)
                0x00101970                hwControlPinsPollCallback
 .text.halUsartTaskUsart1Dre
                0x00101984       0x14 ./../../../../BitCloud/lib/libHAL_deRFarm7_At91sam7x512_48Mhz_Gcc.a(usart.o)
 .text.halUsartTaskUsart0Dre
                0x00101998       0x14 ./../../../../BitCloud/lib/libHAL_deRFarm7_At91sam7x512_48Mhz_Gcc.a(usart.o)
 .text.halSigUsartHandler
                0x001019ac       0x64 ./../../../../BitCloud/lib/libHAL_deRFarm7_At91sam7x512_48Mhz_Gcc.a(usart.o)
                0x001019ac                halSigUsartHandler
 .text.halSigUsartTransmissionComplete
                0x00101a10       0x60 ./../../../../BitCloud/lib/libHAL_deRFarm7_At91sam7x512_48Mhz_Gcc.a(usart.o)
                0x00101a10                halSigUsartTransmissionComplete
 .text.halUsartTaskUsart1Txc
                0x00101a70       0x14 ./../../../../BitCloud/lib/libHAL_deRFarm7_At91sam7x512_48Mhz_Gcc.a(usart.o)
 .text.halUsartTaskUsart0Txc
                0x00101a84       0x14 ./../../../../BitCloud/lib/libHAL_deRFarm7_At91sam7x512_48Mhz_Gcc.a(usart.o)
 .text.halSig2WireSerialHandler
                0x00101a98       0x34 ./../../../../BitCloud/lib/libHAL_deRFarm7_At91sam7x512_48Mhz_Gcc.a(i2cPacket.o)
                0x00101a98                halSig2WireSerialHandler
 .text.halAddTimer
                0x00101acc       0x96 ./../../../../BitCloud/lib/libHAL_deRFarm7_At91sam7x512_48Mhz_Gcc.a(timer.o)
                0x00101acc                halAddTimer
 .text.halRemoveTimer
                0x00101b62       0x20 ./../../../../BitCloud/lib/libHAL_deRFarm7_At91sam7x512_48Mhz_Gcc.a(timer.o)
                0x00101b62                halRemoveTimer
 .text.halFindPrevTimer
                0x00101b82       0x16 ./../../../../BitCloud/lib/libHAL_deRFarm7_At91sam7x512_48Mhz_Gcc.a(timer.o)
                0x00101b82                halFindPrevTimer
 .text.timerHandler
                0x00101b98       0x8c ./../../../../BitCloud/lib/libHAL_deRFarm7_At91sam7x512_48Mhz_Gcc.a(halAppClock.o)
                0x00101b98                timerHandler
 .text.halAppSystemTimeSynchronize
                0x00101c24       0x58 ./../../../../BitCloud/lib/libHAL_deRFarm7_At91sam7x512_48Mhz_Gcc.a(halAppClock.o)
                0x00101c24                halAppSystemTimeSynchronize
 .text.halStartAppClock
                0x00101c7c       0x74 ./../../../../BitCloud/lib/libHAL_deRFarm7_At91sam7x512_48Mhz_Gcc.a(halAppClock.o)
                0x00101c7c                halStartAppClock
 .text.halGetTimeOfAppTimer
                0x00101cf0       0x1c ./../../../../BitCloud/lib/libHAL_deRFarm7_At91sam7x512_48Mhz_Gcc.a(halAppClock.o)
                0x00101cf0                halGetTimeOfAppTimer
 .text.halDelayUs
                0x00101d0c       0x64 ./../../../../BitCloud/lib/libHAL_deRFarm7_At91sam7x512_48Mhz_Gcc.a(halAppClock.o)
                0x00101d0c                halDelayUs
 .text.HAL_InitMacIsr
                0x00101d70       0x20 ./../../../../BitCloud/lib/libHAL_deRFarm7_At91sam7x512_48Mhz_Gcc.a(halMacIsr.o)
                0x00101d70                HAL_InitMacIsr
 .text.HAL_StartRtimer
                0x00101d90       0xa0 ./../../../../BitCloud/lib/libHAL_deRFarm7_At91sam7x512_48Mhz_Gcc.a(halMacIsr.o)
                0x00101d90                HAL_StartRtimer
 .text.HAL_StopRtimer
                0x00101e30       0x20 ./../../../../BitCloud/lib/libHAL_deRFarm7_At91sam7x512_48Mhz_Gcc.a(halMacIsr.o)
                0x00101e30                HAL_StopRtimer
 .text.halMacTimerHandler
                0x00101e50       0x90 ./../../../../BitCloud/lib/libHAL_deRFarm7_At91sam7x512_48Mhz_Gcc.a(halMacIsr.o)
                0x00101e50                halMacTimerHandler
 .text.irqRfHandler
                0x00101ee0       0x10 ./../../../../BitCloud/lib/libHAL_deRFarm7_At91sam7x512_48Mhz_Gcc.a(halMacIsr.o)
                0x00101ee0                irqRfHandler
 .text.HAL_TaskHandler
                0x00101ef0      0x13c ./../../../../BitCloud/lib/libHAL_deRFarm7_At91sam7x512_48Mhz_Gcc.a(halTaskManager.o)
                0x00101ef0                HAL_TaskHandler
 .text.halSigAdcHandler
                0x0010202c       0x20 ./../../../../BitCloud/lib/libHAL_deRFarm7_At91sam7x512_48Mhz_Gcc.a(adc.o)
                0x0010202c                halSigAdcHandler
 .text.spi1Handler
                0x0010204c       0xc8 ./../../../../BitCloud/lib/libHAL_deRFarm7_At91sam7x512_48Mhz_Gcc.a(halSpi.o)
                0x0010204c                spi1Handler
 .text.halInitRfSpi
                0x00102114       0xa0 ./../../../../BitCloud/lib/libHAL_deRFarm7_At91sam7x512_48Mhz_Gcc.a(halSpi.o)
                0x00102114                halInitRfSpi
 .text.HAL_InitRfSpi
                0x001021b4       0x18 ./../../../../BitCloud/lib/libHAL_deRFarm7_At91sam7x512_48Mhz_Gcc.a(halSpi.o)
                0x001021b4                HAL_InitRfSpi
 .text.HAL_WriteByteRfSpi
                0x001021cc       0x20 ./../../../../BitCloud/lib/libHAL_deRFarm7_At91sam7x512_48Mhz_Gcc.a(halSpi.o)
                0x001021cc                HAL_WriteByteRfSpi
 .text.halRfTxCompleteHandler
                0x001021ec       0x24 ./../../../../BitCloud/lib/libHAL_deRFarm7_At91sam7x512_48Mhz_Gcc.a(halSpi.o)
                0x001021ec                halRfTxCompleteHandler
 .text.halRfRxCompleteHandler
                0x00102210       0x24 ./../../../../BitCloud/lib/libHAL_deRFarm7_At91sam7x512_48Mhz_Gcc.a(halSpi.o)
                0x00102210                halRfRxCompleteHandler
 .text.halMemIrqCompleteHandler
                0x00102234       0x2c ./../../../../BitCloud/lib/libHAL_deRFarm7_At91sam7x512_48Mhz_Gcc.a(halSpi.o)
                0x00102234                halMemIrqCompleteHandler
 .text.halDelayBetweenMessages
                0x00102260       0x48 ./../../../../BitCloud/lib/libHAL_deRFarm7_At91sam7x512_48Mhz_Gcc.a(dbgPort.o)
 .text.configure_dbgu
                0x001022a8       0x48 ./../../../../BitCloud/lib/libHAL_deRFarm7_At91sam7x512_48Mhz_Gcc.a(dbgPort.o)
                0x001022a8                configure_dbgu
 .text.dbgu_print_ascii
                0x001022f0       0x30 ./../../../../BitCloud/lib/libHAL_deRFarm7_At91sam7x512_48Mhz_Gcc.a(dbgPort.o)
                0x001022f0                dbgu_print_ascii
 .text.dbgu_print_hex8
                0x00102320       0x5c ./../../../../BitCloud/lib/libHAL_deRFarm7_At91sam7x512_48Mhz_Gcc.a(dbgPort.o)
                0x00102320                dbgu_print_hex8
 .text.parseAbortState
                0x0010237c      0x104 ./../../../../BitCloud/lib/libHAL_deRFarm7_At91sam7x512_48Mhz_Gcc.a(dbgPort.o)
 .text.halSpecRegisterView
                0x00102480       0x6c ./../../../../BitCloud/lib/libHAL_deRFarm7_At91sam7x512_48Mhz_Gcc.a(dbgPort.o)
 .text.halCommRegisterView
                0x001024ec       0x58 ./../../../../BitCloud/lib/libHAL_deRFarm7_At91sam7x512_48Mhz_Gcc.a(dbgPort.o)
 .text.halStackView
                0x00102544       0x6c ./../../../../BitCloud/lib/libHAL_deRFarm7_At91sam7x512_48Mhz_Gcc.a(dbgPort.o)
 .text.custom_pabt_handler
                0x001025b0       0x60 ./../../../../BitCloud/lib/libHAL_deRFarm7_At91sam7x512_48Mhz_Gcc.a(dbgPort.o)
                0x001025b0                custom_pabt_handler
 .text.custom_dabt_handler
                0x00102610       0x60 ./../../../../BitCloud/lib/libHAL_deRFarm7_At91sam7x512_48Mhz_Gcc.a(dbgPort.o)
                0x00102610                custom_dabt_handler
 .text.custom_undf_handler
                0x00102670       0x60 ./../../../../BitCloud/lib/libHAL_deRFarm7_At91sam7x512_48Mhz_Gcc.a(dbgPort.o)
                0x00102670                custom_undf_handler
 .text.default_spurious_handler
                0x001026d0       0x10 ./../../../../BitCloud/lib/libHAL_deRFarm7_At91sam7x512_48Mhz_Gcc.a(dbgPort.o)
                0x001026d0                default_spurious_handler
 .text.default_fiq_handler
                0x001026e0       0x1c ./../../../../BitCloud/lib/libHAL_deRFarm7_At91sam7x512_48Mhz_Gcc.a(dbgPort.o)
                0x001026e0                default_fiq_handler
 .text.default_irq_handler
                0x001026fc       0x44 ./../../../../BitCloud/lib/libHAL_deRFarm7_At91sam7x512_48Mhz_Gcc.a(dbgPort.o)
                0x001026fc                default_irq_handler
 .text.HAL_Delay
                0x00102740       0x10 ./../../../../BitCloud/lib/libHAL_deRFarm7_At91sam7x512_48Mhz_Gcc.a(halRfCtrl.o)
                0x00102740                HAL_Delay
 .text.HAL_ClearRfIrqFlag
                0x00102750       0x10 ./../../../../BitCloud/lib/libHAL_deRFarm7_At91sam7x512_48Mhz_Gcc.a(halRfCtrl.o)
                0x00102750                HAL_ClearRfIrqFlag
 .text.HAL_EnableRfIrq
                0x00102760       0x10 ./../../../../BitCloud/lib/libHAL_deRFarm7_At91sam7x512_48Mhz_Gcc.a(halRfCtrl.o)
                0x00102760                HAL_EnableRfIrq
 .text.HAL_DisableRfIrq
                0x00102770       0x18 ./../../../../BitCloud/lib/libHAL_deRFarm7_At91sam7x512_48Mhz_Gcc.a(halRfCtrl.o)
                0x00102770                HAL_DisableRfIrq
 .text.HAL_SetRfSlpTr
                0x00102788       0x10 ./../../../../BitCloud/lib/libHAL_deRFarm7_At91sam7x512_48Mhz_Gcc.a(halRfCtrl.o)
                0x00102788                HAL_SetRfSlpTr
 .text.HAL_ClearRfSlpTr
                0x00102798       0x10 ./../../../../BitCloud/lib/libHAL_deRFarm7_At91sam7x512_48Mhz_Gcc.a(halRfCtrl.o)
                0x00102798                HAL_ClearRfSlpTr
 .text.HAL_SetRfRst
                0x001027a8       0x10 ./../../../../BitCloud/lib/libHAL_deRFarm7_At91sam7x512_48Mhz_Gcc.a(halRfCtrl.o)
                0x001027a8                HAL_SetRfRst
 .text.HAL_ClearRfRst
                0x001027b8       0x10 ./../../../../BitCloud/lib/libHAL_deRFarm7_At91sam7x512_48Mhz_Gcc.a(halRfCtrl.o)
                0x001027b8                HAL_ClearRfRst
 .text.HAL_DeselectRfSpi
                0x001027c8       0x10 ./../../../../BitCloud/lib/libHAL_deRFarm7_At91sam7x512_48Mhz_Gcc.a(halRfCtrl.o)
                0x001027c8                HAL_DeselectRfSpi
 .text.HAL_SelectRfSpi
                0x001027d8       0x10 ./../../../../BitCloud/lib/libHAL_deRFarm7_At91sam7x512_48Mhz_Gcc.a(halRfCtrl.o)
                0x001027d8                HAL_SelectRfSpi
 .text.HAL_InitRfPins
                0x001027e8       0x28 ./../../../../BitCloud/lib/libHAL_deRFarm7_At91sam7x512_48Mhz_Gcc.a(halRfCtrl.o)
                0x001027e8                HAL_InitRfPins
 .text.HAL_InitRfIrq
                0x00102810       0x38 ./../../../../BitCloud/lib/libHAL_deRFarm7_At91sam7x512_48Mhz_Gcc.a(halRfCtrl.o)
                0x00102810                HAL_InitRfIrq
 .text.HAL_GetRfFreq
                0x00102848        0x8 ./../../../../BitCloud/lib/libHAL_deRFarm7_At91sam7x512_48Mhz_Gcc.a(halRfCtrl.o)
                0x00102848                HAL_GetRfFreq
 .text.HAL_InitRfSpiMode
                0x00102850       0x24 ./../../../../BitCloud/lib/libHAL_deRFarm7_At91sam7x512_48Mhz_Gcc.a(halRfCtrl.o)
                0x00102850                HAL_InitRfSpiMode
 .text.HAL_EnableRxTxSwitcher
                0x00102874        0x4 ./../../../../BitCloud/lib/libHAL_deRFarm7_At91sam7x512_48Mhz_Gcc.a(halRfCtrl.o)
                0x00102874                HAL_EnableRxTxSwitcher
 .text.HAL_InitAntennaDiversity
                0x00102878        0x4 ./../../../../BitCloud/lib/libHAL_deRFarm7_At91sam7x512_48Mhz_Gcc.a(halRfCtrl.o)
                0x00102878                HAL_InitAntennaDiversity
 .text.HAL_EnableRxAntennaDiversity
                0x0010287c        0x4 ./../../../../BitCloud/lib/libHAL_deRFarm7_At91sam7x512_48Mhz_Gcc.a(halRfCtrl.o)
                0x0010287c                HAL_EnableRxAntennaDiversity
 .text.HAL_EnableTxAntennaDiversity
                0x00102880        0x4 ./../../../../BitCloud/lib/libHAL_deRFarm7_At91sam7x512_48Mhz_Gcc.a(halRfCtrl.o)
                0x00102880                HAL_EnableTxAntennaDiversity
 .text.apsNextBind
                0x00102884       0x5c ./../../../../BitCloud/lib/libBc_All_At91sam7x512_Rf231_Gcc.a(aps.o)
 .text.apsPrepareFragmentedTransmission
                0x001028e0       0x88 ./../../../../BitCloud/lib/libBc_All_At91sam7x512_Rf231_Gcc.a(aps.o)
 .text.apsIsFragmentationDataReq
                0x00102968       0x1e ./../../../../BitCloud/lib/libBc_All_At91sam7x512_Rf231_Gcc.a(aps.o)
 *fill*         0x00102986        0x2 
 .text.apsGetBuffer
                0x00102988       0xc8 ./../../../../BitCloud/lib/libBc_All_At91sam7x512_Rf231_Gcc.a(aps.o)
 .text.apsFreeBuffer
                0x00102a50       0x74 ./../../../../BitCloud/lib/libBc_All_At91sam7x512_Rf231_Gcc.a(aps.o)
 .text.apsSendNwkDataReq
                0x00102ac4       0x18 ./../../../../BitCloud/lib/libBc_All_At91sam7x512_Rf231_Gcc.a(aps.o)
 .text.apsProcessShortAddrModeDataReq
                0x00102adc      0x1cc ./../../../../BitCloud/lib/libBc_All_At91sam7x512_Rf231_Gcc.a(aps.o)
 .text.apsSendNextBlock
                0x00102ca8       0x18 ./../../../../BitCloud/lib/libBc_All_At91sam7x512_Rf231_Gcc.a(aps.o)
 .text.apsSendAckForFragmentedReceive
                0x00102cc0       0xe8 ./../../../../BitCloud/lib/libBc_All_At91sam7x512_Rf231_Gcc.a(aps.o)
 .text.apsProcessGroupAddrModeDataReq
                0x00102da8      0x10c ./../../../../BitCloud/lib/libBc_All_At91sam7x512_Rf231_Gcc.a(aps.o)
 .text.apsSendToNextBoundDevice
                0x00102eb4       0x6a ./../../../../BitCloud/lib/libBc_All_At91sam7x512_Rf231_Gcc.a(aps.o)
 .text.apsProcessIndirectDataReq
                0x00102f1e       0x22 ./../../../../BitCloud/lib/libBc_All_At91sam7x512_Rf231_Gcc.a(aps.o)
 .text.apsCalculateApsAckTimeout
                0x00102f40       0x20 ./../../../../BitCloud/lib/libBc_All_At91sam7x512_Rf231_Gcc.a(aps.o)
 .text.SYS_GetRandomNumber
                0x00102f60       0x20 ./../../../../BitCloud/lib/libBc_All_At91sam7x512_Rf231_Gcc.a(aps.o)
 .text.apsResetMemoryManager
                0x00102f80       0xc8 ./../../../../BitCloud/lib/libBc_All_At91sam7x512_Rf231_Gcc.a(aps.o)
 .text.apsPostTask
                0x00103048       0x34 ./../../../../BitCloud/lib/libBc_All_At91sam7x512_Rf231_Gcc.a(aps.o)
 .text.apsDataManagerNwkDataConf
                0x0010307c       0x24 ./../../../../BitCloud/lib/libBc_All_At91sam7x512_Rf231_Gcc.a(aps.o)
 .text.apsGroupNwkDataConf
                0x001030a0       0x3c ./../../../../BitCloud/lib/libBc_All_At91sam7x512_Rf231_Gcc.a(aps.o)
 .text.apsProcessEvent
                0x001030dc       0x24 ./../../../../BitCloud/lib/libBc_All_At91sam7x512_Rf231_Gcc.a(aps.o)
 .text.apsAckOnTimerFired
                0x00103100       0xb8 ./../../../../BitCloud/lib/libBc_All_At91sam7x512_Rf231_Gcc.a(aps.o)
 .text.apsFindBindingEntry
                0x001031b8       0x94 ./../../../../BitCloud/lib/libBc_All_At91sam7x512_Rf231_Gcc.a(aps.o)
 .text.apsMakeApsDataConf
                0x0010324c       0x4c ./../../../../BitCloud/lib/libBc_All_At91sam7x512_Rf231_Gcc.a(aps.o)
 .text.apsAckForFragmentedReceiveConfirmHandler
                0x00103298       0x5c ./../../../../BitCloud/lib/libBc_All_At91sam7x512_Rf231_Gcc.a(aps.o)
 .text.apsHandleTransmittedData.constprop.12
                0x001032f4       0x52 ./../../../../BitCloud/lib/libBc_All_At91sam7x512_Rf231_Gcc.a(aps.o)
 *fill*         0x00103346        0x2 
 .text.APS_BindReq
                0x00103348       0x98 ./../../../../BitCloud/lib/libBc_All_At91sam7x512_Rf231_Gcc.a(aps.o)
                0x00103348                APS_BindReq
 .text.APS_UnbindReq
                0x001033e0       0x50 ./../../../../BitCloud/lib/libBc_All_At91sam7x512_Rf231_Gcc.a(aps.o)
                0x001033e0                APS_UnbindReq
 .text.APS_DataReq
                0x00103430       0x1c ./../../../../BitCloud/lib/libBc_All_At91sam7x512_Rf231_Gcc.a(aps.o)
                0x00103430                APS_DataReq
 .text.NWK_DataInd
                0x0010344c       0x1c ./../../../../BitCloud/lib/libBc_All_At91sam7x512_Rf231_Gcc.a(aps.o)
                0x0010344c                NWK_DataInd
 .text.APS_CalculateTimes
                0x00103468       0xec ./../../../../BitCloud/lib/libBc_All_At91sam7x512_Rf231_Gcc.a(aps.o)
                0x00103468                APS_CalculateTimes
 .text.apsResetDataManager
                0x00103554       0xc0 ./../../../../BitCloud/lib/libBc_All_At91sam7x512_Rf231_Gcc.a(aps.o)
 .text.apsNwkResetConf
                0x00103614      0x14c ./../../../../BitCloud/lib/libBc_All_At91sam7x512_Rf231_Gcc.a(aps.o)
 .text.apsStateMachineTaskHandler
                0x00103760       0xdc ./../../../../BitCloud/lib/libBc_All_At91sam7x512_Rf231_Gcc.a(aps.o)
 .text.APS_IsProfileIdMatched
                0x0010383c       0x20 ./../../../../BitCloud/lib/libBc_All_At91sam7x512_Rf231_Gcc.a(aps.o)
                0x0010383c                APS_IsProfileIdMatched
 .text.APS_NextEndpoint
                0x0010385c       0x18 ./../../../../BitCloud/lib/libBc_All_At91sam7x512_Rf231_Gcc.a(aps.o)
                0x0010385c                APS_NextEndpoint
 .text.apsFindEndpoint
                0x00103874       0x1e ./../../../../BitCloud/lib/libBc_All_At91sam7x512_Rf231_Gcc.a(aps.o)
 *fill*         0x00103892        0x2 
 .text.APS_RegisterEndpointReq
                0x00103894       0x44 ./../../../../BitCloud/lib/libBc_All_At91sam7x512_Rf231_Gcc.a(aps.o)
                0x00103894                APS_RegisterEndpointReq
 .text.apsGroupIndication
                0x001038d8       0x68 ./../../../../BitCloud/lib/libBc_All_At91sam7x512_Rf231_Gcc.a(aps.o)
 .text.apsUnicastDataInd
                0x00103940      0x1e8 ./../../../../BitCloud/lib/libBc_All_At91sam7x512_Rf231_Gcc.a(aps.o)
 .text.apsApduUnicastHandler.constprop.10
                0x00103b28      0x4ac ./../../../../BitCloud/lib/libBc_All_At91sam7x512_Rf231_Gcc.a(aps.o)
 .text.apsDataTaskHandler
                0x00103fd4      0x8d0 ./../../../../BitCloud/lib/libBc_All_At91sam7x512_Rf231_Gcc.a(aps.o)
 .text.APS_Init
                0x001048a4       0x30 ./../../../../BitCloud/lib/libBc_All_At91sam7x512_Rf231_Gcc.a(aps.o)
                0x001048a4                APS_Init
 .text.APS_ResetReq
                0x001048d4       0x10 ./../../../../BitCloud/lib/libBc_All_At91sam7x512_Rf231_Gcc.a(aps.o)
                0x001048d4                APS_ResetReq
 .text.APS_StartReq
                0x001048e4       0x10 ./../../../../BitCloud/lib/libBc_All_At91sam7x512_Rf231_Gcc.a(aps.o)
                0x001048e4                APS_StartReq
 .text.APS_StopReq
                0x001048f4       0x10 ./../../../../BitCloud/lib/libBc_All_At91sam7x512_Rf231_Gcc.a(aps.o)
                0x001048f4                APS_StopReq
 .text.APS_IsActiveTransaction
                0x00104904       0x54 ./../../../../BitCloud/lib/libBc_All_At91sam7x512_Rf231_Gcc.a(aps.o)
                0x00104904                APS_IsActiveTransaction
 .text.APS_TaskHandler
                0x00104958       0x8c ./../../../../BitCloud/lib/libBc_All_At91sam7x512_Rf231_Gcc.a(aps.o)
                0x00104958                APS_TaskHandler
 .text.SYS_GetRandomNumber
                0x001049e4       0x20 ./../../../../BitCloud/lib/libBc_All_At91sam7x512_Rf231_Gcc.a(macenvPib.o)
 .text.getSymbolsPerOctet
                0x00104a04       0x48 ./../../../../BitCloud/lib/libBc_All_At91sam7x512_Rf231_Gcc.a(macenvPib.o)
 .text.calculateMaxFrameDuration
                0x00104a4c       0x1c ./../../../../BitCloud/lib/libBc_All_At91sam7x512_Rf231_Gcc.a(macenvPib.o)
 .text.storeTransmitPower
                0x00104a68       0x70 ./../../../../BitCloud/lib/libBc_All_At91sam7x512_Rf231_Gcc.a(macenvPib.o)
 .text.macenvGetPhySymbolDuration
                0x00104ad8       0x54 ./../../../../BitCloud/lib/libBc_All_At91sam7x512_Rf231_Gcc.a(macenvPib.o)
                0x00104ad8                macenvGetPhySymbolDuration
 .text.updateMaxFrameTxTime
                0x00104b2c       0x28 ./../../../../BitCloud/lib/libBc_All_At91sam7x512_Rf231_Gcc.a(macenvPib.o)
 .text.macenvResetPib
                0x00104b54       0xc0 ./../../../../BitCloud/lib/libBc_All_At91sam7x512_Rf231_Gcc.a(macenvPib.o)
                0x00104b54                macenvResetPib
 .text.macenvConvertTransPersistTimeFromUnitsToMs
                0x00104c14       0x1e ./../../../../BitCloud/lib/libBc_All_At91sam7x512_Rf231_Gcc.a(macenvPib.o)
                0x00104c14                macenvConvertTransPersistTimeFromUnitsToMs
 *fill*         0x00104c32        0x2 
 .text.macenvSetPibAttr
                0x00104c34      0x1c0 ./../../../../BitCloud/lib/libBc_All_At91sam7x512_Rf231_Gcc.a(macenvPib.o)
                0x00104c34                macenvSetPibAttr
 .text.macenvCalculateMaxFrameTotalWaitTimeInMs
                0x00104df4       0x74 ./../../../../BitCloud/lib/libBc_All_At91sam7x512_Rf231_Gcc.a(macenvPib.o)
                0x00104df4                macenvCalculateMaxFrameTotalWaitTimeInMs
 .text.macenvCalculateResponceWaitTimeInMs
                0x00104e68       0x28 ./../../../../BitCloud/lib/libBc_All_At91sam7x512_Rf231_Gcc.a(macenvPib.o)
                0x00104e68                macenvCalculateResponceWaitTimeInMs
 .text.macenvGetPibAttr
                0x00104e90      0x180 ./../../../../BitCloud/lib/libBc_All_At91sam7x512_Rf231_Gcc.a(macenvPib.o)
                0x00104e90                macenvGetPibAttr
 .text.MAC_GetExtAddr
                0x00105010        0x8 ./../../../../BitCloud/lib/libBc_All_At91sam7x512_Rf231_Gcc.a(macenvPib.o)
                0x00105010                MAC_GetExtAddr
 .text.MAC_SetExtAddr
                0x00105018       0x10 ./../../../../BitCloud/lib/libBc_All_At91sam7x512_Rf231_Gcc.a(macenvPib.o)
                0x00105018                MAC_SetExtAddr
 .text.MAC_IsOwnExtAddr
                0x00105028       0x1c ./../../../../BitCloud/lib/libBc_All_At91sam7x512_Rf231_Gcc.a(macenvPib.o)
                0x00105028                MAC_IsOwnExtAddr
 .text.MAC_GetOctetsTransmissionTimeInMs
                0x00105044       0x20 ./../../../../BitCloud/lib/libBc_All_At91sam7x512_Rf231_Gcc.a(macenvPib.o)
                0x00105044                MAC_GetOctetsTransmissionTimeInMs
 .text.nwkAddressConflictIsIdle
                0x00105064       0x14 ./../../../../BitCloud/lib/libBc_All_At91sam7x512_Rf231_Gcc.a(nwk.o)
 .text.nwkFindAddressMapEntryByExtAddr
                0x00105078       0x38 ./../../../../BitCloud/lib/libBc_All_At91sam7x512_Rf231_Gcc.a(nwk.o)
 .text.nwkAddToAddressMap
                0x001050b0       0x60 ./../../../../BitCloud/lib/libBc_All_At91sam7x512_Rf231_Gcc.a(nwk.o)
 .text.nwkFindAddressMapEntryByShortAddr
                0x00105110       0x30 ./../../../../BitCloud/lib/libBc_All_At91sam7x512_Rf231_Gcc.a(nwk.o)
 .text.nwkDataReqIsIdle
                0x00105140       0x14 ./../../../../BitCloud/lib/libBc_All_At91sam7x512_Rf231_Gcc.a(nwk.o)
 .text.nwkDiscoveryIsIdle
                0x00105154       0x14 ./../../../../BitCloud/lib/libBc_All_At91sam7x512_Rf231_Gcc.a(nwk.o)
 .text.nwkEDScanIsIdle
                0x00105168       0x14 ./../../../../BitCloud/lib/libBc_All_At91sam7x512_Rf231_Gcc.a(nwk.o)
 .text.nwkFormationIsIdle
                0x0010517c       0x14 ./../../../../BitCloud/lib/libBc_All_At91sam7x512_Rf231_Gcc.a(nwk.o)
 .text.nwkParseHeader
                0x00105190       0x6a ./../../../../BitCloud/lib/libBc_All_At91sam7x512_Rf231_Gcc.a(nwk.o)
 *fill*         0x001051fa        0x2 
 .text.nwkSetDepth
                0x001051fc       0x18 ./../../../../BitCloud/lib/libBc_All_At91sam7x512_Rf231_Gcc.a(nwk.o)
 .text.findFreeJoinIndObjFor
                0x00105214       0x58 ./../../../../BitCloud/lib/libBc_All_At91sam7x512_Rf231_Gcc.a(nwk.o)
 .text.nwkJoinIndIsIdle
                0x0010526c       0x34 ./../../../../BitCloud/lib/libBc_All_At91sam7x512_Rf231_Gcc.a(nwk.o)
 .text.nwkJoinReqIsIdle
                0x001052a0       0x14 ./../../../../BitCloud/lib/libBc_All_At91sam7x512_Rf231_Gcc.a(nwk.o)
 .text.nwkLeaveReqIsIdle
                0x001052b4       0x14 ./../../../../BitCloud/lib/libBc_All_At91sam7x512_Rf231_Gcc.a(nwk.o)
 .text.nwkLinkStatusIsIdle
                0x001052c8       0x14 ./../../../../BitCloud/lib/libBc_All_At91sam7x512_Rf231_Gcc.a(nwk.o)
 .text.nwkLoopbackIsIdle
                0x001052dc       0x14 ./../../../../BitCloud/lib/libBc_All_At91sam7x512_Rf231_Gcc.a(nwk.o)
 .text.nwkGetOutgoingCost
                0x001052f0       0x2c ./../../../../BitCloud/lib/libBc_All_At91sam7x512_Rf231_Gcc.a(nwk.o)
 .text.nwkClearNeighborTable
                0x0010531c       0x78 ./../../../../BitCloud/lib/libBc_All_At91sam7x512_Rf231_Gcc.a(nwk.o)
 .text.nwkUpdateCapacityBits
                0x00105394       0x84 ./../../../../BitCloud/lib/libBc_All_At91sam7x512_Rf231_Gcc.a(nwk.o)
 .text.nwkUpdateCapacityBitsInBeacon
                0x00105418       0x48 ./../../../../BitCloud/lib/libBc_All_At91sam7x512_Rf231_Gcc.a(nwk.o)
 .text.nwkUpdateBeaconPayload
                0x00105460       0x98 ./../../../../BitCloud/lib/libBc_All_At91sam7x512_Rf231_Gcc.a(nwk.o)
 .text.nwkFreeNeighbor
                0x001054f8       0x34 ./../../../../BitCloud/lib/libBc_All_At91sam7x512_Rf231_Gcc.a(nwk.o)
 .text.nwkCostFromLqi
                0x0010552c       0x34 ./../../../../BitCloud/lib/libBc_All_At91sam7x512_Rf231_Gcc.a(nwk.o)
 .text.nwkInitLqiAndCostOfNeighbor
                0x00105560       0x40 ./../../../../BitCloud/lib/libBc_All_At91sam7x512_Rf231_Gcc.a(nwk.o)
 .text.nwkUpdateLqiAndCostOfNeighbor
                0x001055a0       0x50 ./../../../../BitCloud/lib/libBc_All_At91sam7x512_Rf231_Gcc.a(nwk.o)
 .text.nwkFindPassiveAck
                0x001055f0       0x44 ./../../../../BitCloud/lib/libBc_All_At91sam7x512_Rf231_Gcc.a(nwk.o)
 .text.nwkNewPassiveAck
                0x00105634       0xb8 ./../../../../BitCloud/lib/libBc_All_At91sam7x512_Rf231_Gcc.a(nwk.o)
 .text.nwkFreePassiveAck
                0x001056ec       0x38 ./../../../../BitCloud/lib/libBc_All_At91sam7x512_Rf231_Gcc.a(nwk.o)
 .text.nwkPermitJoiningIsIdle
                0x00105724       0x20 ./../../../../BitCloud/lib/libBc_All_At91sam7x512_Rf231_Gcc.a(nwk.o)
 .text.nwkResetIsIdle
                0x00105744       0x10 ./../../../../BitCloud/lib/libBc_All_At91sam7x512_Rf231_Gcc.a(nwk.o)
 .text.nwkRouteDiscoveryIsIdle
                0x00105754       0x14 ./../../../../BitCloud/lib/libBc_All_At91sam7x512_Rf231_Gcc.a(nwk.o)
 .text.nwkFindRouteDiscoveryEntry
                0x00105768       0x38 ./../../../../BitCloud/lib/libBc_All_At91sam7x512_Rf231_Gcc.a(nwk.o)
 .text.nwkFreeRouteDiscoveryEntry
                0x001057a0       0x30 ./../../../../BitCloud/lib/libBc_All_At91sam7x512_Rf231_Gcc.a(nwk.o)
 .text.nwkConfirmRouteRequestTx
                0x001057d0       0x42 ./../../../../BitCloud/lib/libBc_All_At91sam7x512_Rf231_Gcc.a(nwk.o)
 *fill*         0x00105812        0x2 
 .text.nwkRouteDiscoveryTableIsIdle
                0x00105814       0x14 ./../../../../BitCloud/lib/libBc_All_At91sam7x512_Rf231_Gcc.a(nwk.o)
 .text.nwkDeleteNextHop
                0x00105828       0x38 ./../../../../BitCloud/lib/libBc_All_At91sam7x512_Rf231_Gcc.a(nwk.o)
 .text.nwkFindRoutingEntry
                0x00105860       0x3c ./../../../../BitCloud/lib/libBc_All_At91sam7x512_Rf231_Gcc.a(nwk.o)
 .text.nwkFreeRoutingEntry
                0x0010589c       0x18 ./../../../../BitCloud/lib/libBc_All_At91sam7x512_Rf231_Gcc.a(nwk.o)
 .text.nwkUpdateNextHop
                0x001058b4       0x94 ./../../../../BitCloud/lib/libBc_All_At91sam7x512_Rf231_Gcc.a(nwk.o)
 .text.nwkStartRouterIsIdle
                0x00105948       0x14 ./../../../../BitCloud/lib/libBc_All_At91sam7x512_Rf231_Gcc.a(nwk.o)
 .text.nwkSendRouteErrorConf
                0x0010595c       0x10 ./../../../../BitCloud/lib/libBc_All_At91sam7x512_Rf231_Gcc.a(nwk.o)
 .text.nwkSyncIsIdle
                0x0010596c       0x14 ./../../../../BitCloud/lib/libBc_All_At91sam7x512_Rf231_Gcc.a(nwk.o)
 .text.nwkTxDelayIsIdle
                0x00105980       0x10 ./../../../../BitCloud/lib/libBc_All_At91sam7x512_Rf231_Gcc.a(nwk.o)
 .text.nwkReloadNibFromConfigServer
                0x00105990       0x64 ./../../../../BitCloud/lib/libBc_All_At91sam7x512_Rf231_Gcc.a(nwk.o)
 .text.nwkSetLifeTimeOfNeighbor
                0x001059f4       0x78 ./../../../../BitCloud/lib/libBc_All_At91sam7x512_Rf231_Gcc.a(nwk.o)
 .text.nwkLinkStatusInd
                0x00105a6c      0x21c ./../../../../BitCloud/lib/libBc_All_At91sam7x512_Rf231_Gcc.a(nwk.o)
 .text.nwkAllocPacket
                0x00105c88       0xa0 ./../../../../BitCloud/lib/libBc_All_At91sam7x512_Rf231_Gcc.a(nwk.o)
 .text.nwkAllocInputPacket
                0x00105d28       0x26 ./../../../../BitCloud/lib/libBc_All_At91sam7x512_Rf231_Gcc.a(nwk.o)
 .text.SYS_GetRandomNumber
                0x00105d4e       0x20 ./../../../../BitCloud/lib/libBc_All_At91sam7x512_Rf231_Gcc.a(nwk.o)
 *fill*         0x00105d6e        0x2 
 .text.nwkFindDeviceToJoin
                0x00105d70       0xec ./../../../../BitCloud/lib/libBc_All_At91sam7x512_Rf231_Gcc.a(nwk.o)
 .text.nwkStartLinkStatusTimer
                0x00105e5c       0x20 ./../../../../BitCloud/lib/libBc_All_At91sam7x512_Rf231_Gcc.a(nwk.o)
 .text.nwkConfirmLinkStatusTx
                0x00105e7c       0x20 ./../../../../BitCloud/lib/libBc_All_At91sam7x512_Rf231_Gcc.a(nwk.o)
 .text.nwkStartAgeTimerOfNeighborTable
                0x00105e9c       0x34 ./../../../../BitCloud/lib/libBc_All_At91sam7x512_Rf231_Gcc.a(nwk.o)
 .text.freeJoinIndObj
                0x00105ed0       0x10 ./../../../../BitCloud/lib/libBc_All_At91sam7x512_Rf231_Gcc.a(nwk.o)
 .text.nwkJoinIndTaskHandler
                0x00105ee0       0xbc ./../../../../BitCloud/lib/libBc_All_At91sam7x512_Rf231_Gcc.a(nwk.o)
 .text.nwkPrepareCommonFrame
                0x00105f9c       0x54 ./../../../../BitCloud/lib/libBc_All_At91sam7x512_Rf231_Gcc.a(nwk.o)
 .text.nwkAllocRouteDiscoveryEntry
                0x00105ff0       0x84 ./../../../../BitCloud/lib/libBc_All_At91sam7x512_Rf231_Gcc.a(nwk.o)
 .text.nwkPrepareLeaveChildTx
                0x00106074       0xd0 ./../../../../BitCloud/lib/libBc_All_At91sam7x512_Rf231_Gcc.a(nwk.o)
 .text.nwkPrepareLeaveItselfTx
                0x00106144       0xa0 ./../../../../BitCloud/lib/libBc_All_At91sam7x512_Rf231_Gcc.a(nwk.o)
 .text.nwkPrepareJoinRespTx
                0x001061e4       0xf4 ./../../../../BitCloud/lib/libBc_All_At91sam7x512_Rf231_Gcc.a(nwk.o)
 .text.nwkPrepareJoinReqTx
                0x001062d8       0x8c ./../../../../BitCloud/lib/libBc_All_At91sam7x512_Rf231_Gcc.a(nwk.o)
 .text.nwkPrepareLinkStatusTx
                0x00106364      0x164 ./../../../../BitCloud/lib/libBc_All_At91sam7x512_Rf231_Gcc.a(nwk.o)
 .text.nwkPermitJoinTimerFired
                0x001064c8       0x3c ./../../../../BitCloud/lib/libBc_All_At91sam7x512_Rf231_Gcc.a(nwk.o)
 .text.nwkResetRouteDiscoveryTable
                0x00106504       0x78 ./../../../../BitCloud/lib/libBc_All_At91sam7x512_Rf231_Gcc.a(nwk.o)
 .text.nwkPostTask
                0x0010657c       0x34 ./../../../../BitCloud/lib/libBc_All_At91sam7x512_Rf231_Gcc.a(nwk.o)
 .text.nwkEDScanMacEDScanConf
                0x001065b0       0x3c ./../../../../BitCloud/lib/libBc_All_At91sam7x512_Rf231_Gcc.a(nwk.o)
 .text.nwkFormationMacRxEnableConf
                0x001065ec       0x28 ./../../../../BitCloud/lib/libBc_All_At91sam7x512_Rf231_Gcc.a(nwk.o)
 .text.nwkDiscoveryMacActiveScanConf
                0x00106614       0x2c ./../../../../BitCloud/lib/libBc_All_At91sam7x512_Rf231_Gcc.a(nwk.o)
 .text.nwkPermitJoiningMacSetConf
                0x00106640       0x3c ./../../../../BitCloud/lib/libBc_All_At91sam7x512_Rf231_Gcc.a(nwk.o)
 .text.nwkStartRouterMacStartConf
                0x0010667c       0x28 ./../../../../BitCloud/lib/libBc_All_At91sam7x512_Rf231_Gcc.a(nwk.o)
 .text.NWK_JoinConf
                0x001066a4       0x38 ./../../../../BitCloud/lib/libBc_All_At91sam7x512_Rf231_Gcc.a(nwk.o)
 .text.nwkStatusConf
                0x001066dc       0x1c ./../../../../BitCloud/lib/libBc_All_At91sam7x512_Rf231_Gcc.a(nwk.o)
 .text.nwkRouteDiscoveryTaskHandler
                0x001066f8       0xe0 ./../../../../BitCloud/lib/libBc_All_At91sam7x512_Rf231_Gcc.a(nwk.o)
 .text.nwkFormationMacActiveScanConf
                0x001067d8      0x1d0 ./../../../../BitCloud/lib/libBc_All_At91sam7x512_Rf231_Gcc.a(nwk.o)
 .text.nwkFormationMacStartConf
                0x001069a8       0x4c ./../../../../BitCloud/lib/libBc_All_At91sam7x512_Rf231_Gcc.a(nwk.o)
 .text.nwkFormationTaskHandler
                0x001069f4      0x144 ./../../../../BitCloud/lib/libBc_All_At91sam7x512_Rf231_Gcc.a(nwk.o)
 .text.nwkFormationMacEDScanConf
                0x00106b38       0xa4 ./../../../../BitCloud/lib/libBc_All_At91sam7x512_Rf231_Gcc.a(nwk.o)
 .text.nwkFormationMacSetConf
                0x00106bdc      0x100 ./../../../../BitCloud/lib/libBc_All_At91sam7x512_Rf231_Gcc.a(nwk.o)
 .text.nwkLoopbackTaskHandler
                0x00106cdc       0xdc ./../../../../BitCloud/lib/libBc_All_At91sam7x512_Rf231_Gcc.a(nwk.o)
 .text.nwkBroadcastForMe
                0x00106db8       0x54 ./../../../../BitCloud/lib/libBc_All_At91sam7x512_Rf231_Gcc.a(nwk.o)
 .text.nwkIsJoiningForbidden
                0x00106e0c       0x6c ./../../../../BitCloud/lib/libBc_All_At91sam7x512_Rf231_Gcc.a(nwk.o)
 .text.nwkIsPassiveAckDone.isra.4
                0x00106e78       0x40 ./../../../../BitCloud/lib/libBc_All_At91sam7x512_Rf231_Gcc.a(nwk.o)
 .text.nwkTxDelayReq
                0x00106eb8      0x1d0 ./../../../../BitCloud/lib/libBc_All_At91sam7x512_Rf231_Gcc.a(nwk.o)
 .text.nwkEDScanTaskHandler
                0x00107088       0xa8 ./../../../../BitCloud/lib/libBc_All_At91sam7x512_Rf231_Gcc.a(nwk.o)
 .text.nwkDiscoveryTaskHandler
                0x00107130       0xb4 ./../../../../BitCloud/lib/libBc_All_At91sam7x512_Rf231_Gcc.a(nwk.o)
 .text.nwkDataConf
                0x001071e4       0x38 ./../../../../BitCloud/lib/libBc_All_At91sam7x512_Rf231_Gcc.a(nwk.o)
 .text.nwkConfirmDataTx
                0x0010721c       0x22 ./../../../../BitCloud/lib/libBc_All_At91sam7x512_Rf231_Gcc.a(nwk.o)
 *fill*         0x0010723e        0x2 
 .text.nwkRouteDiscoveryTableTimerFired
                0x00107240       0x58 ./../../../../BitCloud/lib/libBc_All_At91sam7x512_Rf231_Gcc.a(nwk.o)
 .text.nwkPermitJoiningTaskHandler
                0x00107298       0xc8 ./../../../../BitCloud/lib/libBc_All_At91sam7x512_Rf231_Gcc.a(nwk.o)
 .text.nwkResetNeighborTable
                0x00107360       0x78 ./../../../../BitCloud/lib/libBc_All_At91sam7x512_Rf231_Gcc.a(nwk.o)
 .text.nwkStartRouterTaskHandler
                0x001073d8       0xe4 ./../../../../BitCloud/lib/libBc_All_At91sam7x512_Rf231_Gcc.a(nwk.o)
 .text.nwkConfirmLeaveItselfTx
                0x001074bc       0x48 ./../../../../BitCloud/lib/libBc_All_At91sam7x512_Rf231_Gcc.a(nwk.o)
 .text.nwkResetTaskHandler
                0x00107504       0x5c ./../../../../BitCloud/lib/libBc_All_At91sam7x512_Rf231_Gcc.a(nwk.o)
 .text.nwkSyncTaskHandler
                0x00107560       0xc0 ./../../../../BitCloud/lib/libBc_All_At91sam7x512_Rf231_Gcc.a(nwk.o)
 .text.nwkSyncMacPollConf
                0x00107620       0x6c ./../../../../BitCloud/lib/libBc_All_At91sam7x512_Rf231_Gcc.a(nwk.o)
 .text.nwkAssociate
                0x0010768c       0xa0 ./../../../../BitCloud/lib/libBc_All_At91sam7x512_Rf231_Gcc.a(nwk.o)
 .text.MAC_AssociateConf
                0x0010772c       0xe0 ./../../../../BitCloud/lib/libBc_All_At91sam7x512_Rf231_Gcc.a(nwk.o)
 .text.nwkGetSuitableParent
                0x0010780c       0x78 ./../../../../BitCloud/lib/libBc_All_At91sam7x512_Rf231_Gcc.a(nwk.o)
 .text.nwkJoinReqMacSetConf
                0x00107884      0x1b0 ./../../../../BitCloud/lib/libBc_All_At91sam7x512_Rf231_Gcc.a(nwk.o)
 .text.macLatencyFired
                0x00107a34        0xc ./../../../../BitCloud/lib/libBc_All_At91sam7x512_Rf231_Gcc.a(nwk.o)
 .text.nwkConfirmJoinReqTx
                0x00107a40       0x58 ./../../../../BitCloud/lib/libBc_All_At91sam7x512_Rf231_Gcc.a(nwk.o)
 .text.responseWaitTimerFired
                0x00107a98       0x60 ./../../../../BitCloud/lib/libBc_All_At91sam7x512_Rf231_Gcc.a(nwk.o)
 .text.nwkJoinReqMacPollConf
                0x00107af8       0x5c ./../../../../BitCloud/lib/libBc_All_At91sam7x512_Rf231_Gcc.a(nwk.o)
 .text.nwkRejoinResponseFrameInd
                0x00107b54      0x184 ./../../../../BitCloud/lib/libBc_All_At91sam7x512_Rf231_Gcc.a(nwk.o)
 .text.nwkAllocOutputPacket.constprop.55
                0x00107cd8       0x38 ./../../../../BitCloud/lib/libBc_All_At91sam7x512_Rf231_Gcc.a(nwk.o)
 .text.nwkTryToProcessCommandReq
                0x00107d10       0x38 ./../../../../BitCloud/lib/libBc_All_At91sam7x512_Rf231_Gcc.a(nwk.o)
 .text.nwkCommandReq
                0x00107d48       0x20 ./../../../../BitCloud/lib/libBc_All_At91sam7x512_Rf231_Gcc.a(nwk.o)
 .text.nwkConfirmNetworkStatusTx
                0x00107d68       0x60 ./../../../../BitCloud/lib/libBc_All_At91sam7x512_Rf231_Gcc.a(nwk.o)
 .text.nwkLinkStatusTimerFired
                0x00107dc8       0x28 ./../../../../BitCloud/lib/libBc_All_At91sam7x512_Rf231_Gcc.a(nwk.o)
 .text.nwkRejoinCmdPrepareAndSend
                0x00107df0       0x40 ./../../../../BitCloud/lib/libBc_All_At91sam7x512_Rf231_Gcc.a(nwk.o)
 .text.nwkJoinReqMacRxEnableConf
                0x00107e30       0x84 ./../../../../BitCloud/lib/libBc_All_At91sam7x512_Rf231_Gcc.a(nwk.o)
 .text.nwkJoinReqMacGetConf
                0x00107eb4       0x3c ./../../../../BitCloud/lib/libBc_All_At91sam7x512_Rf231_Gcc.a(nwk.o)
 .text.nwkSendAddressConflictNwkStatus.constprop.53
                0x00107ef0       0x78 ./../../../../BitCloud/lib/libBc_All_At91sam7x512_Rf231_Gcc.a(nwk.o)
 .text.nwkAddressConflictMacSetConf
                0x00107f68       0x4c ./../../../../BitCloud/lib/libBc_All_At91sam7x512_Rf231_Gcc.a(nwk.o)
 .text.nwkRemoveAllChildren.constprop.54
                0x00107fb4       0xb0 ./../../../../BitCloud/lib/libBc_All_At91sam7x512_Rf231_Gcc.a(nwk.o)
 .text.nwkFreePacket
                0x00108064       0x5c ./../../../../BitCloud/lib/libBc_All_At91sam7x512_Rf231_Gcc.a(nwk.o)
 .text.nwkSendRouteErrorStatus.constprop.56
                0x001080c0       0x78 ./../../../../BitCloud/lib/libBc_All_At91sam7x512_Rf231_Gcc.a(nwk.o)
 .text.nwkTxConf
                0x00108138      0x184 ./../../../../BitCloud/lib/libBc_All_At91sam7x512_Rf231_Gcc.a(nwk.o)
 .text.nwkProcessDelayStatus
                0x001082bc       0xac ./../../../../BitCloud/lib/libBc_All_At91sam7x512_Rf231_Gcc.a(nwk.o)
 .text.MAC_DataConf
                0x00108368       0x20 ./../../../../BitCloud/lib/libBc_All_At91sam7x512_Rf231_Gcc.a(nwk.o)
 .text.nwkLeaveReqMacResetConf
                0x00108388       0xe0 ./../../../../BitCloud/lib/libBc_All_At91sam7x512_Rf231_Gcc.a(nwk.o)
 .text.nwkTransmitOutputPacket.isra.25
                0x00108468       0x40 ./../../../../BitCloud/lib/libBc_All_At91sam7x512_Rf231_Gcc.a(nwk.o)
 .text.nwkSendDiscoveryCommand
                0x001084a8       0x64 ./../../../../BitCloud/lib/libBc_All_At91sam7x512_Rf231_Gcc.a(nwk.o)
 .text.nwkRouteDiscoveryTableTaskHandler
                0x0010850c       0xa4 ./../../../../BitCloud/lib/libBc_All_At91sam7x512_Rf231_Gcc.a(nwk.o)
 .text.nwkTxDelayTimerFired
                0x001085b0       0x60 ./../../../../BitCloud/lib/libBc_All_At91sam7x512_Rf231_Gcc.a(nwk.o)
 .text.nwkMeshRouteDiscoveryConf
                0x00108610       0x4e ./../../../../BitCloud/lib/libBc_All_At91sam7x512_Rf231_Gcc.a(nwk.o)
 *fill*         0x0010865e        0x2 
 .text.NWK_GetShortAddr
                0x00108660        0xc ./../../../../BitCloud/lib/libBc_All_At91sam7x512_Rf231_Gcc.a(nwk.o)
                0x00108660                NWK_GetShortAddr
 .text.NWK_IsStaticAddressingMode
                0x0010866c        0xc ./../../../../BitCloud/lib/libBc_All_At91sam7x512_Rf231_Gcc.a(nwk.o)
                0x0010866c                NWK_IsStaticAddressingMode
 .text.NWK_RemoveFromAddressMap
                0x00108678       0x18 ./../../../../BitCloud/lib/libBc_All_At91sam7x512_Rf231_Gcc.a(nwk.o)
                0x00108678                NWK_RemoveFromAddressMap
 .text.NWK_NetworkDiscoveryReq
                0x00108690       0x28 ./../../../../BitCloud/lib/libBc_All_At91sam7x512_Rf231_Gcc.a(nwk.o)
                0x00108690                NWK_NetworkDiscoveryReq
 .text.MAC_BeaconNotifyInd
                0x001086b8      0x3f8 ./../../../../BitCloud/lib/libBc_All_At91sam7x512_Rf231_Gcc.a(nwk.o)
                0x001086b8                MAC_BeaconNotifyInd
 .text.NWK_EDScanReq
                0x00108ab0       0x28 ./../../../../BitCloud/lib/libBc_All_At91sam7x512_Rf231_Gcc.a(nwk.o)
                0x00108ab0                NWK_EDScanReq
 .text.NWK_NetworkFormationReq
                0x00108ad8       0x30 ./../../../../BitCloud/lib/libBc_All_At91sam7x512_Rf231_Gcc.a(nwk.o)
                0x00108ad8                NWK_NetworkFormationReq
 .text.NWK_IsGroupMember
                0x00108b08       0x3c ./../../../../BitCloud/lib/libBc_All_At91sam7x512_Rf231_Gcc.a(nwk.o)
                0x00108b08                NWK_IsGroupMember
 .text.nwkRetransmitInputPacket
                0x00108b44       0xf0 ./../../../../BitCloud/lib/libBc_All_At91sam7x512_Rf231_Gcc.a(nwk.o)
 .text.NWK_DataResp
                0x00108c34       0x20 ./../../../../BitCloud/lib/libBc_All_At91sam7x512_Rf231_Gcc.a(nwk.o)
                0x00108c34                NWK_DataResp
 .text.unlikely.nwkRxIndication
                0x00108c54      0x20c ./../../../../BitCloud/lib/libBc_All_At91sam7x512_Rf231_Gcc.a(nwk.o)
 .text.unlikely.nwkRxRetransmit
                0x00108e60       0xc8 ./../../../../BitCloud/lib/libBc_All_At91sam7x512_Rf231_Gcc.a(nwk.o)
 .text.NWK_ResetGroups
                0x00108f28       0x3c ./../../../../BitCloud/lib/libBc_All_At91sam7x512_Rf231_Gcc.a(nwk.o)
                0x00108f28                NWK_ResetGroups
 .text.nwkResetMacResetConf
                0x00108f64      0x3a0 ./../../../../BitCloud/lib/libBc_All_At91sam7x512_Rf231_Gcc.a(nwk.o)
 .text.NWK_GetParentShortAddr
                0x00109304        0xc ./../../../../BitCloud/lib/libBc_All_At91sam7x512_Rf231_Gcc.a(nwk.o)
                0x00109304                NWK_GetParentShortAddr
 .text.NWK_GetPanId
                0x00109310        0xc ./../../../../BitCloud/lib/libBc_All_At91sam7x512_Rf231_Gcc.a(nwk.o)
                0x00109310                NWK_GetPanId
 .text.NWK_GetExtPanId
                0x0010931c        0xc ./../../../../BitCloud/lib/libBc_All_At91sam7x512_Rf231_Gcc.a(nwk.o)
                0x0010931c                NWK_GetExtPanId
 .text.NWK_GetDeviceType
                0x00109328        0xc ./../../../../BitCloud/lib/libBc_All_At91sam7x512_Rf231_Gcc.a(nwk.o)
                0x00109328                NWK_GetDeviceType
 .text.NWK_GetLogicalChannel
                0x00109334        0xc ./../../../../BitCloud/lib/libBc_All_At91sam7x512_Rf231_Gcc.a(nwk.o)
                0x00109334                NWK_GetLogicalChannel
 .text.NWK_SetLogicalChannel
                0x00109340        0xc ./../../../../BitCloud/lib/libBc_All_At91sam7x512_Rf231_Gcc.a(nwk.o)
                0x00109340                NWK_SetLogicalChannel
 .text.NWK_GetBroadcastDeliveryTime
                0x0010934c        0xc ./../../../../BitCloud/lib/libBc_All_At91sam7x512_Rf231_Gcc.a(nwk.o)
                0x0010934c                NWK_GetBroadcastDeliveryTime
 .text.NWK_GetManagerAddr
                0x00109358        0xc ./../../../../BitCloud/lib/libBc_All_At91sam7x512_Rf231_Gcc.a(nwk.o)
                0x00109358                NWK_GetManagerAddr
 .text.NWK_SetManagerAddr
                0x00109364        0xc ./../../../../BitCloud/lib/libBc_All_At91sam7x512_Rf231_Gcc.a(nwk.o)
                0x00109364                NWK_SetManagerAddr
 .text.NWK_SetUpdateId
                0x00109370       0x14 ./../../../../BitCloud/lib/libBc_All_At91sam7x512_Rf231_Gcc.a(nwk.o)
                0x00109370                NWK_SetUpdateId
 .text.NWK_GetTransmitCouner
                0x00109384        0xc ./../../../../BitCloud/lib/libBc_All_At91sam7x512_Rf231_Gcc.a(nwk.o)
                0x00109384                NWK_GetTransmitCouner
 .text.NWK_GetTransmitFailureCounter
                0x00109390        0xc ./../../../../BitCloud/lib/libBc_All_At91sam7x512_Rf231_Gcc.a(nwk.o)
                0x00109390                NWK_GetTransmitFailureCounter
 .text.NWK_ResetTransmitCounters
                0x0010939c       0x10 ./../../../../BitCloud/lib/libBc_All_At91sam7x512_Rf231_Gcc.a(nwk.o)
                0x0010939c                NWK_ResetTransmitCounters
 .text.NWK_JoinReq
                0x001093ac       0x30 ./../../../../BitCloud/lib/libBc_All_At91sam7x512_Rf231_Gcc.a(nwk.o)
                0x001093ac                NWK_JoinReq
 .text.NWK_RemoveNeighbor
                0x001093dc       0x50 ./../../../../BitCloud/lib/libBc_All_At91sam7x512_Rf231_Gcc.a(nwk.o)
                0x001093dc                NWK_RemoveNeighbor
 .text.neighborTimerFired
                0x0010942c       0x58 ./../../../../BitCloud/lib/libBc_All_At91sam7x512_Rf231_Gcc.a(nwk.o)
 .text.NWK_LeaveReq
                0x00109484       0x28 ./../../../../BitCloud/lib/libBc_All_At91sam7x512_Rf231_Gcc.a(nwk.o)
                0x00109484                NWK_LeaveReq
 .text.NWK_LoopbackTxReq
                0x001094ac       0x30 ./../../../../BitCloud/lib/libBc_All_At91sam7x512_Rf231_Gcc.a(nwk.o)
                0x001094ac                NWK_LoopbackTxReq
 .text.nwkDataConfTaskHandler
                0x001094dc       0x58 ./../../../../BitCloud/lib/libBc_All_At91sam7x512_Rf231_Gcc.a(nwk.o)
 .text.NWK_DataReq
                0x00109534      0x1dc ./../../../../BitCloud/lib/libBc_All_At91sam7x512_Rf231_Gcc.a(nwk.o)
                0x00109534                NWK_DataReq
 .text.NWK_FindNeighborByShortAddr
                0x00109710       0x2c ./../../../../BitCloud/lib/libBc_All_At91sam7x512_Rf231_Gcc.a(nwk.o)
                0x00109710                NWK_FindNeighborByShortAddr
 .text.nwkAllocNonConflAddr
                0x0010973c       0xb0 ./../../../../BitCloud/lib/libBc_All_At91sam7x512_Rf231_Gcc.a(nwk.o)
 .text.NWK_NetworkDiscoveryConf
                0x001097ec       0xa4 ./../../../../BitCloud/lib/libBc_All_At91sam7x512_Rf231_Gcc.a(nwk.o)
 .text.nwkJoinReqTaskHandler
                0x00109890      0x164 ./../../../../BitCloud/lib/libBc_All_At91sam7x512_Rf231_Gcc.a(nwk.o)
 .text.nwkAllocateShortAddr.isra.45
                0x001099f4       0x40 ./../../../../BitCloud/lib/libBc_All_At91sam7x512_Rf231_Gcc.a(nwk.o)
 .text.nwkResolveAddressConflict
                0x00109a34      0x17c ./../../../../BitCloud/lib/libBc_All_At91sam7x512_Rf231_Gcc.a(nwk.o)
 .text.nwkAddressConflictTaskHandler
                0x00109bb0       0x94 ./../../../../BitCloud/lib/libBc_All_At91sam7x512_Rf231_Gcc.a(nwk.o)
 .text.nwkStatusFrameInd
                0x00109c44       0x50 ./../../../../BitCloud/lib/libBc_All_At91sam7x512_Rf231_Gcc.a(nwk.o)
 .text.nwkAddChild
                0x00109c94      0x25c ./../../../../BitCloud/lib/libBc_All_At91sam7x512_Rf231_Gcc.a(nwk.o)
 .text.nwkRejoinRequestFrameInd
                0x00109ef0      0x114 ./../../../../BitCloud/lib/libBc_All_At91sam7x512_Rf231_Gcc.a(nwk.o)
 .text.MAC_AssociateInd
                0x0010a004       0x98 ./../../../../BitCloud/lib/libBc_All_At91sam7x512_Rf231_Gcc.a(nwk.o)
                0x0010a004                MAC_AssociateInd
 .text.nwkGetNextHop
                0x0010a09c      0x1c4 ./../../../../BitCloud/lib/libBc_All_At91sam7x512_Rf231_Gcc.a(nwk.o)
 .text.nwkProcessRouteRequest
                0x0010a260      0x1a4 ./../../../../BitCloud/lib/libBc_All_At91sam7x512_Rf231_Gcc.a(nwk.o)
 .text.NWK_GetExtByShortAddress
                0x0010a404       0x3c ./../../../../BitCloud/lib/libBc_All_At91sam7x512_Rf231_Gcc.a(nwk.o)
                0x0010a404                NWK_GetExtByShortAddress
 .text.nwkPrepareRouteRequestTx
                0x0010a440      0x116 ./../../../../BitCloud/lib/libBc_All_At91sam7x512_Rf231_Gcc.a(nwk.o)
 *fill*         0x0010a556        0x2 
 .text.nwkPrepareNetworkStatusTx
                0x0010a558      0x120 ./../../../../BitCloud/lib/libBc_All_At91sam7x512_Rf231_Gcc.a(nwk.o)
 .text.nwkPrepareRouteReplyTx
                0x0010a678      0x220 ./../../../../BitCloud/lib/libBc_All_At91sam7x512_Rf231_Gcc.a(nwk.o)
 .text.NWK_FindNeighborByExtAddr
                0x0010a898       0x34 ./../../../../BitCloud/lib/libBc_All_At91sam7x512_Rf231_Gcc.a(nwk.o)
                0x0010a898                NWK_FindNeighborByExtAddr
 .text.nwkLeaveTaskHandler
                0x0010a8cc      0x108 ./../../../../BitCloud/lib/libBc_All_At91sam7x512_Rf231_Gcc.a(nwk.o)
 .text.nwkConfirmLeaveChildTx
                0x0010a9d4       0x60 ./../../../../BitCloud/lib/libBc_All_At91sam7x512_Rf231_Gcc.a(nwk.o)
 .text.nwkConfirmJoinRespTx
                0x0010aa34       0x38 ./../../../../BitCloud/lib/libBc_All_At91sam7x512_Rf231_Gcc.a(nwk.o)
 .text.nwkConfirmAddrConflictJoinRespTx
                0x0010aa6c       0x24 ./../../../../BitCloud/lib/libBc_All_At91sam7x512_Rf231_Gcc.a(nwk.o)
 .text.nwkLeaveFrameInd
                0x0010aa90       0xe0 ./../../../../BitCloud/lib/libBc_All_At91sam7x512_Rf231_Gcc.a(nwk.o)
 .text.nwkJoinIndMacCommStatusInd
                0x0010ab70       0x44 ./../../../../BitCloud/lib/libBc_All_At91sam7x512_Rf231_Gcc.a(nwk.o)
 .text.NWK_GetShortByExtAddress
                0x0010abb4       0x40 ./../../../../BitCloud/lib/libBc_All_At91sam7x512_Rf231_Gcc.a(nwk.o)
                0x0010abb4                NWK_GetShortByExtAddress
 .text.NWK_LinkShortAndExtAddress
                0x0010abf4       0x78 ./../../../../BitCloud/lib/libBc_All_At91sam7x512_Rf231_Gcc.a(nwk.o)
                0x0010abf4                NWK_LinkShortAndExtAddress
 .text.nwkRouteReplyFrameInd
                0x0010ac6c      0x1b4 ./../../../../BitCloud/lib/libBc_All_At91sam7x512_Rf231_Gcc.a(nwk.o)
 .text.nwkRouteRequestFrameInd
                0x0010ae20       0xd8 ./../../../../BitCloud/lib/libBc_All_At91sam7x512_Rf231_Gcc.a(nwk.o)
 .text.NWK_GetNeighborTable
                0x0010aef8        0x8 ./../../../../BitCloud/lib/libBc_All_At91sam7x512_Rf231_Gcc.a(nwk.o)
                0x0010aef8                NWK_GetNeighborTable
 .text.NWK_GetNeighborsLqi
                0x0010af00       0x1c ./../../../../BitCloud/lib/libBc_All_At91sam7x512_Rf231_Gcc.a(nwk.o)
                0x0010af00                NWK_GetNeighborsLqi
 .text.NWK_GetNeighborsRssi
                0x0010af1c       0x20 ./../../../../BitCloud/lib/libBc_All_At91sam7x512_Rf231_Gcc.a(nwk.o)
                0x0010af1c                NWK_GetNeighborsRssi
 .text.NWK_IsKnownChild
                0x0010af3c       0x22 ./../../../../BitCloud/lib/libBc_All_At91sam7x512_Rf231_Gcc.a(nwk.o)
                0x0010af3c                NWK_IsKnownChild
 .text.MAC_OrphanInd
                0x0010af5e        0x2 ./../../../../BitCloud/lib/libBc_All_At91sam7x512_Rf231_Gcc.a(nwk.o)
                0x0010af5e                MAC_OrphanInd
 .text.NWK_PermitJoiningReq
                0x0010af60       0x44 ./../../../../BitCloud/lib/libBc_All_At91sam7x512_Rf231_Gcc.a(nwk.o)
                0x0010af60                NWK_PermitJoiningReq
 .text.NWK_ResetReq
                0x0010afa4       0x28 ./../../../../BitCloud/lib/libBc_All_At91sam7x512_Rf231_Gcc.a(nwk.o)
                0x0010afa4                NWK_ResetReq
 .text.NWK_Init
                0x0010afcc       0x2c ./../../../../BitCloud/lib/libBc_All_At91sam7x512_Rf231_Gcc.a(nwk.o)
                0x0010afcc                NWK_Init
 .text.NWK_GatherPowerFailureInfo
                0x0010aff8        0x4 ./../../../../BitCloud/lib/libBc_All_At91sam7x512_Rf231_Gcc.a(nwk.o)
                0x0010aff8                NWK_GatherPowerFailureInfo
 .text.NWK_RouteDiscoveryReq
                0x0010affc       0x38 ./../../../../BitCloud/lib/libBc_All_At91sam7x512_Rf231_Gcc.a(nwk.o)
                0x0010affc                NWK_RouteDiscoveryReq
 .text.nwkTxTaskHandler
                0x0010b034      0x164 ./../../../../BitCloud/lib/libBc_All_At91sam7x512_Rf231_Gcc.a(nwk.o)
 .text.MAC_DataInd
                0x0010b198      0x464 ./../../../../BitCloud/lib/libBc_All_At91sam7x512_Rf231_Gcc.a(nwk.o)
                0x0010b198                MAC_DataInd
 .text.NWK_StartRouterReq
                0x0010b5fc       0x30 ./../../../../BitCloud/lib/libBc_All_At91sam7x512_Rf231_Gcc.a(nwk.o)
                0x0010b5fc                NWK_StartRouterReq
 .text.NWK_IsActiveTransaction
                0x0010b62c       0x4c ./../../../../BitCloud/lib/libBc_All_At91sam7x512_Rf231_Gcc.a(nwk.o)
                0x0010b62c                NWK_IsActiveTransaction
 .text.NWK_LaunchActivities
                0x0010b678       0x20 ./../../../../BitCloud/lib/libBc_All_At91sam7x512_Rf231_Gcc.a(nwk.o)
                0x0010b678                NWK_LaunchActivities
 .text.NWK_StopActivities
                0x0010b698       0x38 ./../../../../BitCloud/lib/libBc_All_At91sam7x512_Rf231_Gcc.a(nwk.o)
                0x0010b698                NWK_StopActivities
 .text.NWK_DeviceIsAbleToOperateInNetwork
                0x0010b6d0       0x14 ./../../../../BitCloud/lib/libBc_All_At91sam7x512_Rf231_Gcc.a(nwk.o)
                0x0010b6d0                NWK_DeviceIsAbleToOperateInNetwork
 .text.NWK_SyncReq
                0x0010b6e4       0x34 ./../../../../BitCloud/lib/libBc_All_At91sam7x512_Rf231_Gcc.a(nwk.o)
                0x0010b6e4                NWK_SyncReq
 .text.MAC_PollInd
                0x0010b718       0x36 ./../../../../BitCloud/lib/libBc_All_At91sam7x512_Rf231_Gcc.a(nwk.o)
                0x0010b718                MAC_PollInd
 .text.MAC_SyncLossInd
                0x0010b74e        0x2 ./../../../../BitCloud/lib/libBc_All_At91sam7x512_Rf231_Gcc.a(nwk.o)
                0x0010b74e                MAC_SyncLossInd
 .text.NWK_TaskHandler
                0x0010b750       0x84 ./../../../../BitCloud/lib/libBc_All_At91sam7x512_Rf231_Gcc.a(nwk.o)
                0x0010b750                NWK_TaskHandler
 .text.NWK_GetUnicastDeliveryTime
                0x0010b7d4       0x38 ./../../../../BitCloud/lib/libBc_All_At91sam7x512_Rf231_Gcc.a(nwk.o)
                0x0010b7d4                NWK_GetUnicastDeliveryTime
 .text.phyDispatcheRfInterrupt
                0x0010b80c      0x280 ./../../../../BitCloud/lib/libBc_All_At91sam7x512_Rf231_Gcc.a(phyRfIrqDispatcher.o)
                0x0010b80c                phyDispatcheRfInterrupt
 .text.phySetRTimerSource
                0x0010ba8c        0xc ./../../../../BitCloud/lib/libBc_All_At91sam7x512_Rf231_Gcc.a(phyRtimerIrqDispatcher.o)
                0x0010ba8c                phySetRTimerSource
 .text.phyDispatcheRTimerEvent
                0x0010ba98       0xec ./../../../../BitCloud/lib/libBc_All_At91sam7x512_Rf231_Gcc.a(phyRtimerIrqDispatcher.o)
                0x0010ba98                phyDispatcheRTimerEvent
 .text.deleteHeadQueueElem
                0x0010bb84       0x12 ./../../../../BitCloud/lib/libBc_All_At91sam7x512_Rf231_Gcc.a(queue.o)
                0x0010bb84                deleteHeadQueueElem
 .text.deleteQueueElem
                0x0010bb96       0x32 ./../../../../BitCloud/lib/libBc_All_At91sam7x512_Rf231_Gcc.a(queue.o)
                0x0010bb96                deleteQueueElem
 .text.isQueueElem
                0x0010bbc8       0x16 ./../../../../BitCloud/lib/libBc_All_At91sam7x512_Rf231_Gcc.a(queue.o)
                0x0010bbc8                isQueueElem
 .text.putQueueElem
                0x0010bbde       0x28 ./../../../../BitCloud/lib/libBc_All_At91sam7x512_Rf231_Gcc.a(queue.o)
                0x0010bbde                putQueueElem
 .text.SYS_DuplicateTableReset
                0x0010bc06       0x4e ./../../../../BitCloud/lib/libBc_All_At91sam7x512_Rf231_Gcc.a(sysDuplicateTable.o)
                0x0010bc06                SYS_DuplicateTableReset
 .text.duplicateTableUpdate
                0x0010bc54       0x50 ./../../../../BitCloud/lib/libBc_All_At91sam7x512_Rf231_Gcc.a(sysDuplicateTable.o)
                0x0010bc54                duplicateTableUpdate
 .text.SYS_DuplicateTableCheck
                0x0010bca4       0xac ./../../../../BitCloud/lib/libBc_All_At91sam7x512_Rf231_Gcc.a(sysDuplicateTable.o)
                0x0010bca4                SYS_DuplicateTableCheck
 .text.SYS_DuplicateTableClear
                0x0010bd50       0x46 ./../../../../BitCloud/lib/libBc_All_At91sam7x512_Rf231_Gcc.a(sysDuplicateTable.o)
                0x0010bd50                SYS_DuplicateTableClear
 *fill*         0x0010bd96        0x2 
 .text.SYS_PostEvent
                0x0010bd98       0x4c ./../../../../BitCloud/lib/libBc_All_At91sam7x512_Rf231_Gcc.a(sysEvents.o)
                0x0010bd98                SYS_PostEvent
 .text.SYS_IsEventDeliverable
                0x0010bde4       0x20 ./../../../../BitCloud/lib/libBc_All_At91sam7x512_Rf231_Gcc.a(sysEvents.o)
                0x0010bde4                SYS_IsEventDeliverable
 .text.SYS_IsEventSubscriber
                0x0010be04       0x1a ./../../../../BitCloud/lib/libBc_All_At91sam7x512_Rf231_Gcc.a(sysEvents.o)
                0x0010be04                SYS_IsEventSubscriber
 *fill*         0x0010be1e        0x2 
 .text.SYS_SubscribeToEvent
                0x0010be20       0x58 ./../../../../BitCloud/lib/libBc_All_At91sam7x512_Rf231_Gcc.a(sysEvents.o)
                0x0010be20                SYS_SubscribeToEvent
 .text.SYS_StartTimer
                0x0010be78       0x18 ./../../../../BitCloud/lib/libBc_All_At91sam7x512_Rf231_Gcc.a(sysTimer.o)
                0x0010be78                SYS_StartTimer
 .text.SYS_StopTimer
                0x0010be90       0x18 ./../../../../BitCloud/lib/libBc_All_At91sam7x512_Rf231_Gcc.a(sysTimer.o)
                0x0010be90                SYS_StopTimer
 .text.SYS_InitTimer
                0x0010bea8       0x1e ./../../../../BitCloud/lib/libBc_All_At91sam7x512_Rf231_Gcc.a(sysTimer.o)
                0x0010bea8                SYS_InitTimer
 *fill*         0x0010bec6        0x2 
 .text.SYS_RunTask
                0x0010bec8       0x54 ./../../../../BitCloud/lib/libBc_All_At91sam7x512_Rf231_Gcc.a(taskManager.o)
                0x0010bec8                SYS_RunTask
 .text.SYS_SysInit
                0x0010bf1c       0x2c ./../../../../BitCloud/lib/libBc_All_At91sam7x512_Rf231_Gcc.a(taskManager.o)
                0x0010bf1c                SYS_SysInit
 .text.APS_StopConf
                0x0010bf48       0x24 ./../../../../BitCloud/lib/libBc_All_At91sam7x512_Rf231_Gcc.a(zdo.o)
 .text.zdoNodeManagerNwkLeaveConf
                0x0010bf6c       0x10 ./../../../../BitCloud/lib/libBc_All_At91sam7x512_Rf231_Gcc.a(zdo.o)
 .text.zdoStackResetConf
                0x0010bf7c       0x28 ./../../../../BitCloud/lib/libBc_All_At91sam7x512_Rf231_Gcc.a(zdo.o)
 .text.zdoSecurityManagerHandler
                0x0010bfa4        0x2 ./../../../../BitCloud/lib/libBc_All_At91sam7x512_Rf231_Gcc.a(zdo.o)
                0x0010bfa4                zdoSecurityManagerHandler
 *fill*         0x0010bfa6        0x2 
 .text.joinNetwork
                0x0010bfa8       0x4c ./../../../../BitCloud/lib/libBc_All_At91sam7x512_Rf231_Gcc.a(zdo.o)
 .text.zdoRejoinNetwork
                0x0010bff4       0x28 ./../../../../BitCloud/lib/libBc_All_At91sam7x512_Rf231_Gcc.a(zdo.o)
 .text.zdoIntraPanPortApsStopConf
                0x0010c01c       0x24 ./../../../../BitCloud/lib/libBc_All_At91sam7x512_Rf231_Gcc.a(zdo.o)
 .text.joinTimerFired
                0x0010c040        0xc ./../../../../BitCloud/lib/libBc_All_At91sam7x512_Rf231_Gcc.a(zdo.o)
 .text.zdoPostTask
                0x0010c04c       0x34 ./../../../../BitCloud/lib/libBc_All_At91sam7x512_Rf231_Gcc.a(zdo.o)
 .text.startConfirm
                0x0010c080       0x38 ./../../../../BitCloud/lib/libBc_All_At91sam7x512_Rf231_Gcc.a(zdo.o)
 .text.sleepConfirm
                0x0010c0b8       0x2c ./../../../../BitCloud/lib/libBc_All_At91sam7x512_Rf231_Gcc.a(zdo.o)
 .text.wakeUpConfirm
                0x0010c0e4       0x2c ./../../../../BitCloud/lib/libBc_All_At91sam7x512_Rf231_Gcc.a(zdo.o)
 .text.zdoSetZdpIndState
                0x0010c110       0x20 ./../../../../BitCloud/lib/libBc_All_At91sam7x512_Rf231_Gcc.a(zdo.o)
 .text.ttlUpdateTimerFired
                0x0010c130       0x50 ./../../../../BitCloud/lib/libBc_All_At91sam7x512_Rf231_Gcc.a(zdo.o)
 .text.zdoZdpResetReq
                0x0010c180       0x94 ./../../../../BitCloud/lib/libBc_All_At91sam7x512_Rf231_Gcc.a(zdo.o)
 .text.zdoNetworkFormationReq
                0x0010c214       0x38 ./../../../../BitCloud/lib/libBc_All_At91sam7x512_Rf231_Gcc.a(zdo.o)
 .text.permitJoin
                0x0010c24c       0x30 ./../../../../BitCloud/lib/libBc_All_At91sam7x512_Rf231_Gcc.a(zdo.o)
 .text.zdoPseudoRandomSeed
                0x0010c27c       0x26 ./../../../../BitCloud/lib/libBc_All_At91sam7x512_Rf231_Gcc.a(zdo.o)
 *fill*         0x0010c2a2        0x2 
 .text.RF_RandomConfUpdater
                0x0010c2a4       0x20 ./../../../../BitCloud/lib/libBc_All_At91sam7x512_Rf231_Gcc.a(zdo.o)
 .text.zdoStackReset
                0x0010c2c4       0x34 ./../../../../BitCloud/lib/libBc_All_At91sam7x512_Rf231_Gcc.a(zdo.o)
 .text.startSystemSleep
                0x0010c2f8       0x3c ./../../../../BitCloud/lib/libBc_All_At91sam7x512_Rf231_Gcc.a(zdo.o)
 .text.transceiverSwitchedOff
                0x0010c334       0x1c ./../../../../BitCloud/lib/libBc_All_At91sam7x512_Rf231_Gcc.a(zdo.o)
 .text.zdoZdpManagerHandler
                0x0010c350      0x174 ./../../../../BitCloud/lib/libBc_All_At91sam7x512_Rf231_Gcc.a(zdo.o)
 .text.zdoNwkEventListener
                0x0010c4c4       0x60 ./../../../../BitCloud/lib/libBc_All_At91sam7x512_Rf231_Gcc.a(zdo.o)
 .text.zdoOtherEventListener
                0x0010c524       0x3c ./../../../../BitCloud/lib/libBc_All_At91sam7x512_Rf231_Gcc.a(zdo.o)
 .text.channelChangeTimerFired
                0x0010c560       0x38 ./../../../../BitCloud/lib/libBc_All_At91sam7x512_Rf231_Gcc.a(zdo.o)
 .text.zdoChildEventListener
                0x0010c598       0x98 ./../../../../BitCloud/lib/libBc_All_At91sam7x512_Rf231_Gcc.a(zdo.o)
 .text.zdoCheckStartNetworkRequestsQueue
                0x0010c630       0x34 ./../../../../BitCloud/lib/libBc_All_At91sam7x512_Rf231_Gcc.a(zdo.o)
 .text.reenterNetwork
                0x0010c664       0x3c ./../../../../BitCloud/lib/libBc_All_At91sam7x512_Rf231_Gcc.a(zdo.o)
 .text.zdoSetZdpDataReqState
                0x0010c6a0       0x30 ./../../../../BitCloud/lib/libBc_All_At91sam7x512_Rf231_Gcc.a(zdo.o)
 .text.confirmResponse
                0x0010c6d0        0xe ./../../../../BitCloud/lib/libBc_All_At91sam7x512_Rf231_Gcc.a(zdo.o)
 .text.zdoDefaultBindApsDataConf
                0x0010c6de        0xe ./../../../../BitCloud/lib/libBc_All_At91sam7x512_Rf231_Gcc.a(zdo.o)
 .text.confirmMgmtLqiResponse
                0x0010c6ec        0xe ./../../../../BitCloud/lib/libBc_All_At91sam7x512_Rf231_Gcc.a(zdo.o)
 *fill*         0x0010c6fa        0x2 
 .text.permitJoiningConf
                0x0010c6fc       0x24 ./../../../../BitCloud/lib/libBc_All_At91sam7x512_Rf231_Gcc.a(zdo.o)
 .text.confirmMgmtPermitJoiningResponse
                0x0010c720        0xe ./../../../../BitCloud/lib/libBc_All_At91sam7x512_Rf231_Gcc.a(zdo.o)
 *fill*         0x0010c72e        0x2 
 .text.zdoZdpApsConfCallback
                0x0010c730       0x74 ./../../../../BitCloud/lib/libBc_All_At91sam7x512_Rf231_Gcc.a(zdo.o)
 .text.zdoStartNetworkConfirm
                0x0010c7a4       0x30 ./../../../../BitCloud/lib/libBc_All_At91sam7x512_Rf231_Gcc.a(zdo.o)
 .text.startSyncTimer.part.4
                0x0010c7d4       0x40 ./../../../../BitCloud/lib/libBc_All_At91sam7x512_Rf231_Gcc.a(zdo.o)
 .text.zdoUpdateRandSeedTimerFired
                0x0010c814       0x3c ./../../../../BitCloud/lib/libBc_All_At91sam7x512_Rf231_Gcc.a(zdo.o)
 .text.sendSyncReq
                0x0010c850       0x40 ./../../../../BitCloud/lib/libBc_All_At91sam7x512_Rf231_Gcc.a(zdo.o)
 .text.transceiverSwitchedOn
                0x0010c890       0x44 ./../../../../BitCloud/lib/libBc_All_At91sam7x512_Rf231_Gcc.a(zdo.o)
 .text.wakeupCallback
                0x0010c8d4       0x50 ./../../../../BitCloud/lib/libBc_All_At91sam7x512_Rf231_Gcc.a(zdo.o)
 .text.zdoPowerManagerHandler
                0x0010c924       0xf8 ./../../../../BitCloud/lib/libBc_All_At91sam7x512_Rf231_Gcc.a(zdo.o)
 .text.confirmMgmtNwkUpdateNotify
                0x0010ca1c       0x44 ./../../../../BitCloud/lib/libBc_All_At91sam7x512_Rf231_Gcc.a(zdo.o)
 .text.MAC_SetConf
                0x0010ca60       0x7c ./../../../../BitCloud/lib/libBc_All_At91sam7x512_Rf231_Gcc.a(zdo.o)
 .text.zdoInitNotifications
                0x0010cadc       0x70 ./../../../../BitCloud/lib/libBc_All_At91sam7x512_Rf231_Gcc.a(zdo.o)
                0x0010cadc                zdoInitNotifications
 .text.zdoInitHandler
                0x0010cb4c       0xe8 ./../../../../BitCloud/lib/libBc_All_At91sam7x512_Rf231_Gcc.a(zdo.o)
 .text.NWK_JoinInd
                0x0010cc34       0x28 ./../../../../BitCloud/lib/libBc_All_At91sam7x512_Rf231_Gcc.a(zdo.o)
                0x0010cc34                NWK_JoinInd
 .text.ZDO_GetLqiRssi
                0x0010cc5c       0x2a ./../../../../BitCloud/lib/libBc_All_At91sam7x512_Rf231_Gcc.a(zdo.o)
                0x0010cc5c                ZDO_GetLqiRssi
 *fill*         0x0010cc86        0x2 
 .text.ZDO_SleepReq
                0x0010cc88       0x38 ./../../../../BitCloud/lib/libBc_All_At91sam7x512_Rf231_Gcc.a(zdo.o)
                0x0010cc88                ZDO_SleepReq
 .text.ZDO_StartSyncReq
                0x0010ccc0       0x34 ./../../../../BitCloud/lib/libBc_All_At91sam7x512_Rf231_Gcc.a(zdo.o)
                0x0010ccc0                ZDO_StartSyncReq
 .text.deviceAnnceConf
                0x0010ccf4       0x24 ./../../../../BitCloud/lib/libBc_All_At91sam7x512_Rf231_Gcc.a(zdo.o)
 .text.ZDO_StopSyncReq
                0x0010cd18       0x28 ./../../../../BitCloud/lib/libBc_All_At91sam7x512_Rf231_Gcc.a(zdo.o)
                0x0010cd18                ZDO_StopSyncReq
 .text.zdoLeaveNetworkReq.part.13
                0x0010cd40       0x50 ./../../../../BitCloud/lib/libBc_All_At91sam7x512_Rf231_Gcc.a(zdo.o)
 .text.zdoParentChangeConf
                0x0010cd90       0x50 ./../../../../BitCloud/lib/libBc_All_At91sam7x512_Rf231_Gcc.a(zdo.o)
 .text.confirmMgmtLeaveResponse
                0x0010cde0       0x98 ./../../../../BitCloud/lib/libBc_All_At91sam7x512_Rf231_Gcc.a(zdo.o)
 .text.leaveNetworkInd
                0x0010ce78       0x40 ./../../../../BitCloud/lib/libBc_All_At91sam7x512_Rf231_Gcc.a(zdo.o)
 .text.zdoLeaveNetworkNwkLeaveConf
                0x0010ceb8       0x20 ./../../../../BitCloud/lib/libBc_All_At91sam7x512_Rf231_Gcc.a(zdo.o)
 .text.NWK_LeaveInd
                0x0010ced8       0x54 ./../../../../BitCloud/lib/libBc_All_At91sam7x512_Rf231_Gcc.a(zdo.o)
                0x0010ced8                NWK_LeaveInd
 .text.zdoReset
                0x0010cf2c       0x3c ./../../../../BitCloud/lib/libBc_All_At91sam7x512_Rf231_Gcc.a(zdo.o)
 .text.zdoLeaveConfirm
                0x0010cf68       0xb0 ./../../../../BitCloud/lib/libBc_All_At91sam7x512_Rf231_Gcc.a(zdo.o)
 .text.ZDO_StartNetworkReq
                0x0010d018       0x18 ./../../../../BitCloud/lib/libBc_All_At91sam7x512_Rf231_Gcc.a(zdo.o)
                0x0010d018                ZDO_StartNetworkReq
 .text.ZDO_TaskHandler
                0x0010d030       0x64 ./../../../../BitCloud/lib/libBc_All_At91sam7x512_Rf231_Gcc.a(zdo.o)
                0x0010d030                ZDO_TaskHandler
 .text.APS_ZdoDataInd
                0x0010d094       0xe8 ./../../../../BitCloud/lib/libBc_All_At91sam7x512_Rf231_Gcc.a(zdo.o)
                0x0010d094                APS_ZdoDataInd
 .text.ZDO_ZdpReq
                0x0010d17c       0x3c ./../../../../BitCloud/lib/libBc_All_At91sam7x512_Rf231_Gcc.a(zdo.o)
                0x0010d17c                ZDO_ZdpReq
 .text.zdoSendDeviceAnnce
                0x0010d1b8       0xbc ./../../../../BitCloud/lib/libBc_All_At91sam7x512_Rf231_Gcc.a(zdo.o)
 .text.APS_StartConf
                0x0010d274       0x4c ./../../../../BitCloud/lib/libBc_All_At91sam7x512_Rf231_Gcc.a(zdo.o)
 .text.startAps
                0x0010d2c0       0x38 ./../../../../BitCloud/lib/libBc_All_At91sam7x512_Rf231_Gcc.a(zdo.o)
 .text.NWK_StartRouterConf
                0x0010d2f8       0x18 ./../../../../BitCloud/lib/libBc_All_At91sam7x512_Rf231_Gcc.a(zdo.o)
 .text.NWK_PermitJoinConf
                0x0010d310       0x60 ./../../../../BitCloud/lib/libBc_All_At91sam7x512_Rf231_Gcc.a(zdo.o)
 .text.zdoAuthenticationConf
                0x0010d370       0x34 ./../../../../BitCloud/lib/libBc_All_At91sam7x512_Rf231_Gcc.a(zdo.o)
                0x0010d370                zdoAuthenticationConf
 .text.zdoAuthenticationStart
                0x0010d3a4        0xe ./../../../../BitCloud/lib/libBc_All_At91sam7x512_Rf231_Gcc.a(zdo.o)
                0x0010d3a4                zdoAuthenticationStart
 *fill*         0x0010d3b2        0x2 
 .text.zdoSendDeviceAnnceConf
                0x0010d3b4       0x48 ./../../../../BitCloud/lib/libBc_All_At91sam7x512_Rf231_Gcc.a(zdo.o)
 .text.sendNwkUpdateNotify
                0x0010d3fc       0x4c ./../../../../BitCloud/lib/libBc_All_At91sam7x512_Rf231_Gcc.a(zdo.o)
 .text.zdoZdpFrameProcessorHandler
                0x0010d448     0x1278 ./../../../../BitCloud/lib/libBc_All_At91sam7x512_Rf231_Gcc.a(zdo.o)
 .text.edScanConf
                0x0010e6c0       0x18 ./../../../../BitCloud/lib/libBc_All_At91sam7x512_Rf231_Gcc.a(zdo.o)
 .text.zdoReloadZibFromConfigServer
                0x0010e6d8      0x164 ./../../../../BitCloud/lib/libBc_All_At91sam7x512_Rf231_Gcc.a(zdo.o)
                0x0010e6d8                zdoReloadZibFromConfigServer
 .text.zdoStartNetworkTaskHandler
                0x0010e83c       0xcc ./../../../../BitCloud/lib/libBc_All_At91sam7x512_Rf231_Gcc.a(zdo.o)
 .text.setNetworkParametersToZib
                0x0010e908       0x30 ./../../../../BitCloud/lib/libBc_All_At91sam7x512_Rf231_Gcc.a(zdo.o)
                0x0010e908                setNetworkParametersToZib
 .text.NWK_JoinConf
                0x0010e938       0x58 ./../../../../BitCloud/lib/libBc_All_At91sam7x512_Rf231_Gcc.a(zdo.o)
 .text.NWK_NetworkFormationConf
                0x0010e990       0x1c ./../../../../BitCloud/lib/libBc_All_At91sam7x512_Rf231_Gcc.a(zdo.o)
 .text.zdoStartNetworkStackResetConf
                0x0010e9ac       0x70 ./../../../../BitCloud/lib/libBc_All_At91sam7x512_Rf231_Gcc.a(zdo.o)
 .text.zdoPerformIntraPanPortability
                0x0010ea1c       0x40 ./../../../../BitCloud/lib/libBc_All_At91sam7x512_Rf231_Gcc.a(zdo.o)
                0x0010ea1c                zdoPerformIntraPanPortability
 .text.NWK_SyncConf
                0x0010ea5c       0x6c ./../../../../BitCloud/lib/libBc_All_At91sam7x512_Rf231_Gcc.a(zdo.o)
 .text.NWK_NwkStatusInd
                0x0010eac8       0xa0 ./../../../../BitCloud/lib/libBc_All_At91sam7x512_Rf231_Gcc.a(zdo.o)
                0x0010eac8                NWK_NwkStatusInd
 .text.SYS_Sleep
                0x0010eb68        0xc ./../../../../BitCloud/lib/libBc_All_At91sam7x512_Rf231_Gcc.a(bcSysSleep.o)
                0x0010eb68                SYS_Sleep
 .text.postNewMacRequest
                0x0010eb74       0x40 ./../../../../BitCloud/lib/libBc_All_At91sam7x512_Rf231_Gcc.a(machwdManager.o)
 .text.putReqInQueue
                0x0010ebb4       0x20 ./../../../../BitCloud/lib/libBc_All_At91sam7x512_Rf231_Gcc.a(machwdManager.o)
 .text.MACHWD_DataReq
                0x0010ebd4       0x10 ./../../../../BitCloud/lib/libBc_All_At91sam7x512_Rf231_Gcc.a(machwdManager.o)
                0x0010ebd4                MACHWD_DataReq
 .text.MACHWD_SetTrxStateReq
                0x0010ebe4       0x10 ./../../../../BitCloud/lib/libBc_All_At91sam7x512_Rf231_Gcc.a(machwdManager.o)
                0x0010ebe4                MACHWD_SetTrxStateReq
 .text.MACHWD_SetReq
                0x0010ebf4       0x10 ./../../../../BitCloud/lib/libBc_All_At91sam7x512_Rf231_Gcc.a(machwdManager.o)
                0x0010ebf4                MACHWD_SetReq
 .text.MACHWD_EdReq
                0x0010ec04       0x10 ./../../../../BitCloud/lib/libBc_All_At91sam7x512_Rf231_Gcc.a(machwdManager.o)
                0x0010ec04                MACHWD_EdReq
 .text.RF_RandomReq
                0x0010ec14       0x18 ./../../../../BitCloud/lib/libBc_All_At91sam7x512_Rf231_Gcc.a(machwdManager.o)
                0x0010ec14                RF_RandomReq
 .text.MACHWD_Reset
                0x0010ec2c       0x3c ./../../../../BitCloud/lib/libBc_All_At91sam7x512_Rf231_Gcc.a(machwdManager.o)
                0x0010ec2c                MACHWD_Reset
 .text.MAC_PHY_HWD_TaskHandler
                0x0010ec68      0x108 ./../../../../BitCloud/lib/libBc_All_At91sam7x512_Rf231_Gcc.a(machwdManager.o)
                0x0010ec68                MAC_PHY_HWD_TaskHandler
 .text.machwdSendConf2UpperLayer
                0x0010ed70       0x68 ./../../../../BitCloud/lib/libBc_All_At91sam7x512_Rf231_Gcc.a(machwdManager.o)
                0x0010ed70                machwdSendConf2UpperLayer
 .text.machwdSendDataInd2UpperLayer
                0x0010edd8        0xc ./../../../../BitCloud/lib/libBc_All_At91sam7x512_Rf231_Gcc.a(machwdManager.o)
                0x0010edd8                machwdSendDataInd2UpperLayer
 .text.machwdRegAccessReqHandler
                0x0010ede4       0x32 ./../../../../BitCloud/lib/libBc_All_At91sam7x512_Rf231_Gcc.a(machwdRegAccessHandler.o)
                0x0010ede4                machwdRegAccessReqHandler
 *fill*         0x0010ee16        0x2 
 .text.machwdReset
                0x0010ee18       0x88 ./../../../../BitCloud/lib/libBc_All_At91sam7x512_Rf231_Gcc.a(machwdResetHandler.o)
                0x0010ee18                machwdReset
 .text.machwdRndReqHandler
                0x0010eea0       0x14 ./../../../../BitCloud/lib/libBc_All_At91sam7x512_Rf231_Gcc.a(machwdRndHandler.o)
                0x0010eea0                machwdRndReqHandler
 .text.machwdResetRxBuffer
                0x0010eeb4       0x34 ./../../../../BitCloud/lib/libBc_All_At91sam7x512_Rf231_Gcc.a(machwdRxBuffer.o)
                0x0010eeb4                machwdResetRxBuffer
 .text.machwdNextBuffer
                0x0010eee8       0x10 ./../../../../BitCloud/lib/libBc_All_At91sam7x512_Rf231_Gcc.a(machwdRxBuffer.o)
                0x0010eee8                machwdNextBuffer
 .text.machwdReleaseBuffer
                0x0010eef8       0x48 ./../../../../BitCloud/lib/libBc_All_At91sam7x512_Rf231_Gcc.a(machwdRxBuffer.o)
                0x0010eef8                machwdReleaseBuffer
 .text.machwdNextBufferPresent
                0x0010ef40       0x24 ./../../../../BitCloud/lib/libBc_All_At91sam7x512_Rf231_Gcc.a(machwdRxBuffer.o)
                0x0010ef40                machwdNextBufferPresent
 .text.machwdRxFrameTaskHandler
                0x0010ef64       0x38 ./../../../../BitCloud/lib/libBc_All_At91sam7x512_Rf231_Gcc.a(machwdRxFrameHandler.o)
                0x0010ef64                machwdRxFrameTaskHandler